FFFFFFF..                                                                [100%]
================================== FAILURES ===================================
_ test_reviewer_consumes_fixed_standard_labels_and_published_tags_as_distinct_facts _

    def test_reviewer_consumes_fixed_standard_labels_and_published_tags_as_distinct_facts():
        fixed=fixed_input()
>       invocation=ReviewerAgent().review(result(fixed),_decision(), request_id="review-controlled",scoring_input=fixed)
                   ^^^^^^^^^^^^^^^^^^^^^^^^^^^^^^^^^^^^^^^^^^^^^^^^^^^^^^^^^^^^^^^^^^^^^^^^^^^^^^^^^^^^^^^^^^^^^^^^^^^^^
E       TypeError: ReviewerAgent.review() got an unexpected keyword argument 'scoring_input'

tests\unit\agents\test_fixed_reviewer_inputs.py:36: TypeError
_____ test_reviewer_rejects_result_not_belonging_to_the_fixed_input[link] _____

change = 'link'

    @pytest.mark.parametrize("change", ["link", "max", "tags", "answer"])
    def test_reviewer_rejects_result_not_belonging_to_the_fixed_input(change):
        fixed=fixed_input()
        update={"link":{"exam_question_id":"other-link"},"max":{"max_score":"10.00"},
            "tags":{"knowledge_points":["Bank K"]},"answer":{"answer_id":"other-answer"}}[change]
>       invocation=ReviewerAgent().review(result(fixed,**update), _decision(),request_id="review-controlled",scoring_input=fixed)
                   ^^^^^^^^^^^^^^^^^^^^^^^^^^^^^^^^^^^^^^^^^^^^^^^^^^^^^^^^^^^^^^^^^^^^^^^^^^^^^^^^^^^^^^^^^^^^^^^^^^^^^^^^^^^^^^
E       TypeError: ReviewerAgent.review() got an unexpected keyword argument 'scoring_input'

tests\unit\agents\test_fixed_reviewer_inputs.py:47: TypeError
_____ test_reviewer_rejects_result_not_belonging_to_the_fixed_input[max] ______

change = 'max'

    @pytest.mark.parametrize("change", ["link", "max", "tags", "answer"])
    def test_reviewer_rejects_result_not_belonging_to_the_fixed_input(change):
        fixed=fixed_input()
        update={"link":{"exam_question_id":"other-link"},"max":{"max_score":"10.00"},
            "tags":{"knowledge_points":["Bank K"]},"answer":{"answer_id":"other-answer"}}[change]
>       invocation=ReviewerAgent().review(result(fixed,**update), _decision(),request_id="review-controlled",scoring_input=fixed)
                   ^^^^^^^^^^^^^^^^^^^^^^^^^^^^^^^^^^^^^^^^^^^^^^^^^^^^^^^^^^^^^^^^^^^^^^^^^^^^^^^^^^^^^^^^^^^^^^^^^^^^^^^^^^^^^^
E       TypeError: ReviewerAgent.review() got an unexpected keyword argument 'scoring_input'

tests\unit\agents\test_fixed_reviewer_inputs.py:47: TypeError
_____ test_reviewer_rejects_result_not_belonging_to_the_fixed_input[tags] _____

change = 'tags'

    @pytest.mark.parametrize("change", ["link", "max", "tags", "answer"])
    def test_reviewer_rejects_result_not_belonging_to_the_fixed_input(change):
        fixed=fixed_input()
        update={"link":{"exam_question_id":"other-link"},"max":{"max_score":"10.00"},
            "tags":{"knowledge_points":["Bank K"]},"answer":{"answer_id":"other-answer"}}[change]
>       invocation=ReviewerAgent().review(result(fixed,**update), _decision(),request_id="review-controlled",scoring_input=fixed)
                   ^^^^^^^^^^^^^^^^^^^^^^^^^^^^^^^^^^^^^^^^^^^^^^^^^^^^^^^^^^^^^^^^^^^^^^^^^^^^^^^^^^^^^^^^^^^^^^^^^^^^^^^^^^^^^^
E       TypeError: ReviewerAgent.review() got an unexpected keyword argument 'scoring_input'

tests\unit\agents\test_fixed_reviewer_inputs.py:47: TypeError
____ test_reviewer_rejects_result_not_belonging_to_the_fixed_input[answer] ____

change = 'answer'

    @pytest.mark.parametrize("change", ["link", "max", "tags", "answer"])
    def test_reviewer_rejects_result_not_belonging_to_the_fixed_input(change):
        fixed=fixed_input()
        update={"link":{"exam_question_id":"other-link"},"max":{"max_score":"10.00"},
            "tags":{"knowledge_points":["Bank K"]},"answer":{"answer_id":"other-answer"}}[change]
>       invocation=ReviewerAgent().review(result(fixed,**update), _decision(),request_id="review-controlled",scoring_input=fixed)
                   ^^^^^^^^^^^^^^^^^^^^^^^^^^^^^^^^^^^^^^^^^^^^^^^^^^^^^^^^^^^^^^^^^^^^^^^^^^^^^^^^^^^^^^^^^^^^^^^^^^^^^^^^^^^^^^
E       TypeError: ReviewerAgent.review() got an unexpected keyword argument 'scoring_input'

tests\unit\agents\test_fixed_reviewer_inputs.py:47: TypeError
_ test_teacher_revision_uses_decimal_half_up_with_actual_result_identity[0.005-0.01] _

raw = '0.005', expected = '0.01'

    @pytest.mark.parametrize("raw,expected",[("0.005","0.01"),("4.9999","5.00")])
    def test_teacher_revision_uses_decimal_half_up_with_actual_result_identity(raw,expected):
        current=detail()
        revised=ReviewDecisionService._build_revision(current,TeacherDecisionRequest(
            submission_id=current.submission_id,answer_id=current.answer_id,action="modify",score=raw,reason="Actual correction"))
        assert isinstance(revised.score,Decimal)
>       assert revised.score==Decimal(expected)
E       AssertionError: assert Decimal('0.005') == Decimal('0.01')
E        +  where Decimal('0.005') = GradingResult(question_type=<QuestionType.SHORT_ANSWER: 'SHORT_ANSWER'>, score=Decimal('0.005'), max_score=Decimal('5....id='65996922-d183-43ea-ace2-1e88661d0464', submission_id='e1beb933-990b-43f4-9f42-7428a265ce3b', exam_question_id=None).score
E        +  and   Decimal('0.01') = Decimal('0.01')

tests\unit\agents\test_fixed_reviewer_inputs.py:66: AssertionError
_ test_teacher_revision_uses_decimal_half_up_with_actual_result_identity[4.9999-5.00] _

raw = '4.9999', expected = '5.00'

    @pytest.mark.parametrize("raw,expected",[("0.005","0.01"),("4.9999","5.00")])
    def test_teacher_revision_uses_decimal_half_up_with_actual_result_identity(raw,expected):
        current=detail()
        revised=ReviewDecisionService._build_revision(current,TeacherDecisionRequest(
            submission_id=current.submission_id,answer_id=current.answer_id,action="modify",score=raw,reason="Actual correction"))
        assert isinstance(revised.score,Decimal)
>       assert revised.score==Decimal(expected)
E       AssertionError: assert Decimal('4.9999') == Decimal('5.00')
E        +  where Decimal('4.9999') = GradingResult(question_type=<QuestionType.SHORT_ANSWER: 'SHORT_ANSWER'>, score=Decimal('4.9999'), max_score=Decimal('5...id='8e419195-f99f-444b-a832-9feb08449256', submission_id='113ad2ec-487f-47b3-ae47-7233230b6f84', exam_question_id=None).score
E        +  and   Decimal('5.00') = Decimal('5.00')

tests\unit\agents\test_fixed_reviewer_inputs.py:66: AssertionError
=========================== short test summary info ===========================
FAILED tests/unit/agents/test_fixed_reviewer_inputs.py::test_reviewer_consumes_fixed_standard_labels_and_published_tags_as_distinct_facts
FAILED tests/unit/agents/test_fixed_reviewer_inputs.py::test_reviewer_rejects_result_not_belonging_to_the_fixed_input[link]
FAILED tests/unit/agents/test_fixed_reviewer_inputs.py::test_reviewer_rejects_result_not_belonging_to_the_fixed_input[max]
FAILED tests/unit/agents/test_fixed_reviewer_inputs.py::test_reviewer_rejects_result_not_belonging_to_the_fixed_input[tags]
FAILED tests/unit/agents/test_fixed_reviewer_inputs.py::test_reviewer_rejects_result_not_belonging_to_the_fixed_input[answer]
FAILED tests/unit/agents/test_fixed_reviewer_inputs.py::test_teacher_revision_uses_decimal_half_up_with_actual_result_identity[0.005-0.01]
FAILED tests/unit/agents/test_fixed_reviewer_inputs.py::test_teacher_revision_uses_decimal_half_up_with_actual_result_identity[4.9999-5.00]
7 failed, 2 passed in 2.64s
