........................................................................ [ 42%]
..............................................................FFFFF.F..F [ 85%]
F.FF...FFFFFF............                                                [100%]
================================== FAILURES ===================================
_________ test_start_run_pauses_for_review_with_persistent_checkpoint _________

env = {'engine': Engine(sqlite:///D:\YJX\Cache\Temp\pytest-of-10169\pytest-239\test_start_run_pauses_for_revi0\workflow.db),...er_id=UUID('04233caa-eadf-4e94-9b1e-6260ce54661f'), subjective_answer_id=UUID('f4c4c063-46e6-4614-be55-c674511ea30e'))}
client_factory = <function client_factory.<locals>.factory at 0x0000025A54243920>

    def test_start_run_pauses_for_review_with_persistent_checkpoint(
        env: dict[str, Any], client_factory: Any
    ) -> None:
        """真实服务 + 真实持久 Checkpointer 跑到 interrupt：状态可查、待复核答案可见。"""
    
        client = client_factory(_service(env))
        response = _start(client, env)
    
        assert response.status_code == 200
        body = response.json()
>       assert body["status"] == WorkflowStatus.PAUSED.value
E       AssertionError: assert 'Failed' == 'Paused'
E         
E         - Paused
E         + Failed

tests\contract\test_workflow_api_contract.py:479: AssertionError
____________________ test_repeated_start_reuses_active_run ____________________

env = {'engine': Engine(sqlite:///D:\YJX\Cache\Temp\pytest-of-10169\pytest-239\test_repeated_start_reuses_act0\workflow.db),...er_id=UUID('d8aa350b-196b-47d0-a9ae-be89da940c2e'), subjective_answer_id=UUID('1dd5b7fb-d577-4157-89b7-cb661f68e091'))}
client_factory = <function client_factory.<locals>.factory at 0x0000025A6476AF20>

    def test_repeated_start_reuses_active_run(env: dict[str, Any], client_factory: Any) -> None:
        """重复启动复用同一运行，不并行创建第二个活动运行。"""
    
        client = client_factory(_service(env))
        first = _start(client, env).json()
        second = _start(client, env)
    
        assert second.status_code == 200
        body = second.json()
>       assert body["workflow_id"] == first["workflow_id"]
E       AssertionError: assert 'grading-0f0c...-550472a56e5d' == 'grading-0015...-b812eded62eb'
E         
E         - grading-0015ff41-a10b-4877-bf82-b812eded62eb
E         + grading-0f0cbf94-2736-4998-9b77-550472a56e5d

tests\contract\test_workflow_api_contract.py:513: AssertionError
_________ test_start_ignores_background_task_run_for_same_submission __________

env = {'engine': Engine(sqlite:///D:\YJX\Cache\Temp\pytest-of-10169\pytest-239\test_start_ignores_background_0\workflow.db),...er_id=UUID('31da2e32-2576-4c20-81b2-ae06c0db1bef'), subjective_answer_id=UUID('8ef02a16-2a57-40a0-b44a-1c33db38545a'))}
client_factory = <function client_factory.<locals>.factory at 0x0000025A5A574900>

    def test_start_ignores_background_task_run_for_same_submission(
        env: dict[str, Any], client_factory: Any
    ) -> None:
        """M3 后台任务行不参与 M4 幂等启动：同一答卷仍创建本执行器的运行并按其复用（H05）。"""
    
        with Session(env["engine"]) as session:
            session.add(
                WorkflowRun(
                    workflow_id="background-task-1",
                    request_id="background-request",
                    submission_id=env["fixture"].submission_id,
                    status=WorkflowStatus.PAUSED,
                    checkpoint={
                        "kind": CHECKPOINT_KIND,
                        "task": {},
                        "current_node": "score",
                    },
                    pause_reason="存在待人工复核题目：本轮评分已完成，成绩尚未最终确认。",
                    current_node="score",
                )
            )
            session.commit()
        client = client_factory(_service(env))
    
        response = _start(client, env)
    
        assert response.status_code == 200
        body = response.json()
        assert body["reused"] is False
        assert body["workflow_id"] != "background-task-1"
        runs = _runs(env)
        assert len(runs) == 2
        legacy = next(row for row in runs if row.workflow_id == "background-task-1")
        assert legacy.status is WorkflowStatus.PAUSED
        assert (legacy.checkpoint or {})["kind"] == CHECKPOINT_KIND
    
        repeated = _start(client, env)
        assert repeated.status_code == 200
>       assert repeated.json()["reused"] is True
E       assert False is True

tests\contract\test_workflow_api_contract.py:557: AssertionError
_________________ test_start_persists_pending_review_outcome __________________

env = {'engine': Engine(sqlite:///D:\YJX\Cache\Temp\pytest-of-10169\pytest-239\test_start_persists_pending_re0\workflow.db),...er_id=UUID('bcdd9854-5403-42f2-a102-c885d8c383bd'), subjective_answer_id=UUID('01a937ce-75fa-489d-86cf-92e38207aab9'))}
client_factory = <function client_factory.<locals>.factory at 0x0000025A5B131EE0>

    def test_start_persists_pending_review_outcome(
        env: dict[str, Any], client_factory: Any
    ) -> None:
        """低置信度暂停：单题结果与待复核整卷结果随正式启动落库，运行保持 Paused（H01）。"""
    
        client = client_factory(_service(env))
        body = _start(client, env).json()
    
>       assert body["status"] == WorkflowStatus.PAUSED.value
E       AssertionError: assert 'Failed' == 'Paused'
E         
E         - Paused
E         + Failed

tests\contract\test_workflow_api_contract.py:570: AssertionError
______________ test_start_persists_final_result_for_accepted_run ______________

env = {'engine': Engine(sqlite:///D:\YJX\Cache\Temp\pytest-of-10169\pytest-239\test_start_persists_final_resu0\workflow.db),...er_id=UUID('c90f8ac8-17d5-40f1-9db7-516883a1373e'), subjective_answer_id=UUID('21328f82-96ff-493f-a869-939fd9e6df73'))}
client_factory = <function client_factory.<locals>.factory at 0x0000025A62E97380>

    def test_start_persists_final_result_for_accepted_run(
        env: dict[str, Any], client_factory: Any
    ) -> None:
        """高置信度全部接受：最终成绩与运行终态随正式启动落库（H01）。"""
    
        client = client_factory(
            _service(
                env,
                agent=_AcceptedSubjectiveAgent(
                    submission_id=str(env["fixture"].submission_id)
                ),
            )
        )
        body = _start(client, env).json()
    
>       assert body["status"] == WorkflowStatus.COMPLETED.value
E       AssertionError: assert 'Failed' == 'Completed'
E         
E         - Completed
E         + Failed

tests\contract\test_workflow_api_contract.py:636: AssertionError
__________ test_start_rejects_graded_submission_and_explicit_regrade __________

env = {'engine': Engine(sqlite:///D:\YJX\Cache\Temp\pytest-of-10169\pytest-239\test_start_rejects_graded_subm0\workflow.db),...er_id=UUID('c9c0b401-b575-4128-baf9-d1db9bb8a023'), subjective_answer_id=UUID('90ba9676-05a7-4b6b-a73d-06391cc4fffb'))}
client_factory = <function client_factory.<locals>.factory at 0x0000025A59A15300>

    def test_start_rejects_graded_submission_and_explicit_regrade(
        env: dict[str, Any], client_factory: Any
    ) -> None:
        """Graded 仍返回生命周期 409；显式重评仍需使用既有阅卷入口。"""
    
        client = client_factory(_service(env))
        workflow_id = _start(client, env).json()["workflow_id"]
        with Session(env["engine"]) as session:
            row = session.scalars(
                select(WorkflowRun).where(WorkflowRun.workflow_id == workflow_id)
            ).one()
            row.status = WorkflowStatus.COMPLETED
            session.commit()
    
        completed = _start(client, env)
>       assert completed.status_code == 409
E       assert 200 == 409
E        +  where 200 = <Response [200 OK]>.status_code

tests\contract\test_workflow_api_contract.py:692: AssertionError
______________ test_newer_terminal_run_does_not_hide_active_run _______________

env = {'engine': Engine(sqlite:///D:\YJX\Cache\Temp\pytest-of-10169\pytest-239\test_newer_terminal_run_does_n0\workflow.db),...er_id=UUID('b695be51-3741-46ea-b5bb-c7446ef1dfbb'), subjective_answer_id=UUID('69df07e9-85ef-46be-95ad-67dba70f4b7b'))}
client_factory = <function client_factory.<locals>.factory at 0x0000025A59EE3EC0>

    def test_newer_terminal_run_does_not_hide_active_run(
        env: dict[str, Any], client_factory: Any
    ) -> None:
        """活动状态必须在查询中筛选，不能只按最近一行的终态判断。"""
    
        service = _service(env)
        client = client_factory(service)
        first = _start(client, env).json()
        _store(env).save_checkpoint(
            "newer-terminal",
            {
                "workflow_id": "newer-terminal",
                "request_id": "newer-request",
                "submission_id": str(env["fixture"].submission_id),
                "status": WorkflowStatus.COMPLETED,
            },
            "load_submission",
            thread_id="newer-thread",
        )
        with Session(env["engine"]) as session:
            newer = session.scalars(
                select(WorkflowRun).where(WorkflowRun.workflow_id == "newer-terminal")
            ).one()
            newer.created_at = datetime.now(UTC) + timedelta(days=1)
            session.commit()
    
        response = _start(client, env)
    
        assert response.status_code == 200
>       assert response.json()["reused"] is True
E       assert False is True

tests\contract\test_workflow_api_contract.py:769: AssertionError
___________________ test_student_sees_only_public_progress ____________________

env = {'engine': Engine(sqlite:///D:\YJX\Cache\Temp\pytest-of-10169\pytest-239\test_student_sees_only_public_0\workflow.db),...er_id=UUID('112804b4-777d-46be-b380-212ac8036a51'), subjective_answer_id=UUID('76e52abf-5271-4899-a0a8-d2203c5abbd5'))}
client_factory = <function client_factory.<locals>.factory at 0x0000025A53793A60>

    def test_student_sees_only_public_progress(env: dict[str, Any], client_factory: Any) -> None:
        """学生只能看到自己的公开进度，越权学生返回 403。"""
    
        client = client_factory(_service(env))
        workflow_id = _start(client, env).json()["workflow_id"]
        users = _users(env)
        outsider = _add_user(env, username="student-outside", role=UserRole.STUDENT)
    
        mine = client.get(
            f"/api/workflow/runs/{workflow_id}",
            headers=_headers(users["student"], UserRole.STUDENT),
        )
        assert mine.status_code == 200
        body = mine.json()
>       assert body["status"] == WorkflowStatus.PAUSED.value
E       AssertionError: assert 'Failed' == 'Paused'
E         
E         - Paused
E         + Failed

tests\contract\test_workflow_api_contract.py:791: AssertionError
___________ test_resume_requires_teacher_decision_for_review_pause ____________

env = {'engine': Engine(sqlite:///D:\YJX\Cache\Temp\pytest-of-10169\pytest-239\test_resume_requires_teacher_d0\workflow.db),...er_id=UUID('2810861f-a5e3-48d2-9c29-c7bdef5d65ad'), subjective_answer_id=UUID('ca193b3d-3a07-41a8-9c0e-5d2d3767ddef'))}
client_factory = <function client_factory.<locals>.factory at 0x0000025A5F27BD80>

    def test_resume_requires_teacher_decision_for_review_pause(
        env: dict[str, Any], client_factory: Any
    ) -> None:
        """人工复核暂停：缺少目标答案或缺少教师结论都返回 409。"""
    
        client = client_factory(_service(env))
        workflow_id = _start(client, env).json()["workflow_id"]
        headers = _headers(_users(env)["teacher"], UserRole.TEACHER)
        answer_id = str(env["fixture"].subjective_answer_id)
    
        missing_answer = client.post(
            f"/api/workflow/runs/{workflow_id}/resume", headers=headers, json={}
        )
        assert missing_answer.status_code == 409
>       assert (
            missing_answer.json()["detail"]["error_code"] == WORKFLOW_REVIEW_DECISION_REQUIRED
        )
E       AssertionError: assert 'WORKFLOW_RUN_NOT_RESUMABLE' == 'WORKFLOW_REV...SION_REQUIRED'
E         
E         - WORKFLOW_REVIEW_DECISION_REQUIRED
E         + WORKFLOW_RUN_NOT_RESUMABLE

tests\contract\test_workflow_api_contract.py:834: AssertionError
_____ test_resume_delegates_to_review_service_and_reports_partial_success _____

env = {'engine': Engine(sqlite:///D:\YJX\Cache\Temp\pytest-of-10169\pytest-239\test_resume_delegates_to_revie0\workflow.db),...er_id=UUID('06641a16-7196-49ae-902c-c11427d10104'), subjective_answer_id=UUID('83d1e9a6-6f37-457f-910d-3d05f01da6e9'))}
client_factory = <function client_factory.<locals>.factory at 0x0000025A5C72D8A0>

    def test_resume_delegates_to_review_service_and_reports_partial_success(
        env: dict[str, Any], client_factory: Any
    ) -> None:
        """已有教师结论时委托 T074 恢复；“已保存待继续”以部分成功回执表达。"""
    
        base_outcome = ReviewOutcome(
            workflow_id="pending",
            submission_id=str(env["fixture"].submission_id),
            answer_id=str(env["fixture"].subjective_answer_id),
            decision=ReviewStatus.CONFIRMED,
            review_record_id=None,
            workflow_status=WorkflowStatus.PAUSED,
            interrupted=True,
            pending_answer_ids=(str(env["fixture"].subjective_answer_id),),
            resumable=True,
            resumed=False,
            resume_error_code="REVIEW_SERVICE_CONFLICT",
            exam_result=None,
            exam_result_persisted=False,
            diagnosis=None,
            diagnosis_error_code=None,
        )
        stub_review = _StubReviewService(base_outcome)
        service = _service(env, review_service_provider=lambda: stub_review)
        client = client_factory(service)
        started = _start(client, env).json()
        workflow_id = started["workflow_id"]
        stub_review.outcome = replace(base_outcome, workflow_id=workflow_id)
        _record_decision(env, reviewer_id=env["fixture"].teacher_id)
    
        response = client.post(
            f"/api/workflow/runs/{workflow_id}/resume",
            headers=_headers(_users(env)["teacher"], UserRole.TEACHER),
            json={"answer_id": str(env["fixture"].subjective_answer_id)},
        )
    
>       assert response.status_code == 200
E       assert 409 == 200
E        +  where 409 = <Response [409 Conflict]>.status_code

tests\contract\test_workflow_api_contract.py:883: AssertionError
__________________ test_production_checkpointer_is_persisted __________________

env = {'engine': Engine(sqlite:///D:\YJX\Cache\Temp\pytest-of-10169\pytest-239\test_production_checkpointer_i0\workflow.db),...er_id=UUID('f1dee5b3-dc06-46e2-9804-4883f00d60ec'), subjective_answer_id=UUID('86ae28ae-ae57-4766-8e95-4746735e6891'))}
client_factory = <function client_factory.<locals>.factory at 0x0000025A5EF3F1A0>

    def test_production_checkpointer_is_persisted(env: dict[str, Any], client_factory: Any) -> None:
        """启动后运行记录里确实有持久 runtime 检查点（证明注入的是数据库 Checkpointer）。"""
    
        client = client_factory(_service(env))
        body = _start(client, env).json()
        runs = _runs(env)
        assert len(runs) == 1
        row = runs[0]
    
>       assert row.resumable is True
E       assert False is True
E        +  where False = <backend.app.models.workflow_run.WorkflowRun object at 0x0000025A5CA476C0>.resumable

tests\contract\test_workflow_api_contract.py:977: AssertionError
___________ test_start_generates_diagnosis_only_after_result_commit ___________

env = {'engine': Engine(sqlite:///D:\YJX\Cache\Temp\pytest-of-10169\pytest-239\test_start_generates_diagnosis0\workflow.db),...er_id=UUID('7cea8499-5440-46a8-bab5-40554f53fa37'), subjective_answer_id=UUID('d4c2dd61-9442-4430-8343-9ab1ee165a32'))}
client_factory = <function client_factory.<locals>.factory at 0x0000025A5C9FB560>

    def test_start_generates_diagnosis_only_after_result_commit(
        env: dict[str, Any], client_factory: Any
    ) -> None:
        """P1.3 正向：结果事务提交后才生成 Ready 诊断；诊断可读且运行 Completed。"""
    
        recorder = _ReadyDiagnosisService()
        client = client_factory(
            _accepted_service(env, diagnosis_service=_diagnosis_adapter(env, recorder))
        )
    
        body = _start(client, env).json()
    
>       assert body["status"] == WorkflowStatus.COMPLETED.value
E       AssertionError: assert 'Failed' == 'Completed'
E         
E         - Completed
E         + Failed

tests\contract\test_workflow_api_contract.py:1116: AssertionError
___________ test_diagnosis_retryable_failure_keeps_committed_grades ___________

env = {'engine': Engine(sqlite:///D:\YJX\Cache\Temp\pytest-of-10169\pytest-239\test_diagnosis_retryable_failu0\workflow.db),...er_id=UUID('9046f814-e656-4c3d-b8b7-2c695a028818'), subjective_answer_id=UUID('0362c768-0a26-4f15-ab67-4eaa062790d0'))}
client_factory = <function client_factory.<locals>.factory at 0x0000025A6056D940>

    def test_diagnosis_retryable_failure_keeps_committed_grades(
        env: dict[str, Any], client_factory: Any
    ) -> None:
        """P1.3 反向：可重试诊断失败不回滚成绩；运行进入 Paused + resumable，且不写 Ready 诊断。"""
    
        from backend.app.core.retry_policy import ProviderErrorInfo, ProviderExecutionError
    
        failure = ProviderExecutionError(
            ProviderErrorInfo(
                code="ProviderTimeout",
                message="诊断 Provider 超时。",
                attempt_count=2,
                retryable=True,
                status="ProviderTimeout",
            )
        )
        client = client_factory(
            _accepted_service(
                env, diagnosis_service=_diagnosis_adapter(env, _FailingDiagnosisService(failure))
            )
        )
    
        body = _start(client, env).json()
    
>       assert body["status"] == WorkflowStatus.PAUSED.value
E       AssertionError: assert 'Failed' == 'Paused'
E         
E         - Paused
E         + Failed

tests\contract\test_workflow_api_contract.py:1153: AssertionError
________ test_diagnosis_hard_failure_keeps_committed_grades_and_fails _________

env = {'engine': Engine(sqlite:///D:\YJX\Cache\Temp\pytest-of-10169\pytest-239\test_diagnosis_hard_failure_ke1\workflow.db),...er_id=UUID('3c71b16a-e793-46c5-9c0d-9766d082f631'), subjective_answer_id=UUID('dc24dda1-2197-497a-8697-6aed0d2f1e3b'))}
client_factory = <function client_factory.<locals>.factory at 0x0000025A52DD9BC0>

    def test_diagnosis_hard_failure_keeps_committed_grades_and_fails(
        env: dict[str, Any], client_factory: Any
    ) -> None:
        """P1.3 反向：不可重试诊断失败保留成绩并如实 Failed（不伪造 Ready、不写空诊断）。"""
    
        client = client_factory(
            _accepted_service(
                env,
                diagnosis_service=_diagnosis_adapter(
                    env, _FailingDiagnosisService(RuntimeError("诊断服务不可用。"))
                ),
            )
        )
    
        body = _start(client, env).json()
    
        assert body["status"] == WorkflowStatus.FAILED.value
        stored = _repository(env).get_exam_result(str(env["fixture"].submission_id))
>       assert stored is not None and stored.is_final is True
E       assert (None is not None)

tests\contract\test_workflow_api_contract.py:1181: AssertionError
____________ test_low_confidence_pause_does_not_generate_diagnosis ____________

env = {'engine': Engine(sqlite:///D:\YJX\Cache\Temp\pytest-of-10169\pytest-239\test_low_confidence_pause_does0\workflow.db),...er_id=UUID('9270a83e-b211-4027-8478-b6becee3ed63'), subjective_answer_id=UUID('05ab0c01-4e74-449d-9992-f4dc3b3bc666'))}
client_factory = <function client_factory.<locals>.factory at 0x0000025A62268FE0>

    def test_low_confidence_pause_does_not_generate_diagnosis(
        env: dict[str, Any], client_factory: Any
    ) -> None:
        """P1.3 反向：低置信度暂停（非最终成绩）不调用诊断、更不写诊断记录。"""
    
        recorder = _ReadyDiagnosisService()
        client = client_factory(_service(env, diagnosis_service=_diagnosis_adapter(env, recorder)))
    
        body = _start(client, env).json()
    
>       assert body["status"] == WorkflowStatus.PAUSED.value
E       AssertionError: assert 'Failed' == 'Paused'
E         
E         - Paused
E         + Failed

tests\contract\test_workflow_api_contract.py:1198: AssertionError
_________ test_startup_recovery_turns_diagnosis_pending_run_resumable _________

env = {'engine': Engine(sqlite:///D:\YJX\Cache\Temp\pytest-of-10169\pytest-239\test_startup_recovery_turns_di0\workflow.db),...er_id=UUID('0617158e-161d-4a9e-966a-fbff0007fcb4'), subjective_answer_id=UUID('4241efa7-a7e4-491f-87a1-4f583792679f'))}
client_factory = <function client_factory.<locals>.factory at 0x0000025A62E94D60>
monkeypatch = <_pytest.monkeypatch.MonkeyPatch object at 0x0000025A5ECEB360>

    def test_startup_recovery_turns_diagnosis_pending_run_resumable(
        env: dict[str, Any], client_factory: Any, monkeypatch: Any
    ) -> None:
        """P1.4.1：结果已提交但诊断未生成的遗留运行被收敛为可恢复；恢复只补诊断、不重评。"""
    
        recorder = _ReadyDiagnosisService()
        agent = _AcceptedSubjectiveAgent(submission_id=str(env["fixture"].submission_id))
        service = _service(env, agent=agent, diagnosis_service=_diagnosis_adapter(env, recorder))
        client = client_factory(service)
    
        async def _crash_before_diagnosis(*args: Any, **kwargs: Any) -> Any:
            """模拟进程在“结果事务已提交、诊断生成”之间中断：只跳过诊断。"""
    
            return kwargs["row"]
    
        monkeypatch.setattr(
            "backend.app.api.workflow.WorkflowService._finalize_diagnosis",
            _crash_before_diagnosis,
        )
        body = _start(client, env).json()
    
        # 遗留形态：整卷结果已提交且最终，但运行停在 Running、没有任何诊断。
>       assert body["status"] == WorkflowStatus.RUNNING.value
E       AssertionError: assert 'Failed' == 'Running'
E         
E         - Running
E         + Failed

tests\contract\test_workflow_api_contract.py:1230: AssertionError
============================== warnings summary ===============================
..\..\..\develop\Python\Lib\site-packages\fastapi\testclient.py:1
  D:\develop\Python\Lib\site-packages\fastapi\testclient.py:1: StarletteDeprecationWarning: Using `httpx` with `starlette.testclient` is deprecated; install `httpx2` instead.
    from starlette.testclient import TestClient as TestClient  # noqa

tests/unit/services/test_review_service.py::test_resume_modified_rejects_different_content[score]
tests/unit/services/test_review_service.py::test_resume_modified_rejects_different_content[reason]
  D:\develop\Python\Lib\site-packages\pydantic\main.py:475: UserWarning: Pydantic serializer warnings:
    PydanticSerializationUnexpectedValue(Expected `decimal` - serialized value may not be as expected [field_name='score', input_value=8.0, input_type=float])
    return self.__pydantic_serializer__.to_python(

-- Docs: https://docs.pytest.org/en/stable/how-to/capture-warnings.html
=========================== short test summary info ===========================
FAILED tests/contract/test_workflow_api_contract.py::test_start_run_pauses_for_review_with_persistent_checkpoint
FAILED tests/contract/test_workflow_api_contract.py::test_repeated_start_reuses_active_run
FAILED tests/contract/test_workflow_api_contract.py::test_start_ignores_background_task_run_for_same_submission
FAILED tests/contract/test_workflow_api_contract.py::test_start_persists_pending_review_outcome
FAILED tests/contract/test_workflow_api_contract.py::test_start_persists_final_result_for_accepted_run
FAILED tests/contract/test_workflow_api_contract.py::test_start_rejects_graded_submission_and_explicit_regrade
FAILED tests/contract/test_workflow_api_contract.py::test_newer_terminal_run_does_not_hide_active_run
FAILED tests/contract/test_workflow_api_contract.py::test_student_sees_only_public_progress
FAILED tests/contract/test_workflow_api_contract.py::test_resume_requires_teacher_decision_for_review_pause
FAILED tests/contract/test_workflow_api_contract.py::test_resume_delegates_to_review_service_and_reports_partial_success
FAILED tests/contract/test_workflow_api_contract.py::test_production_checkpointer_is_persisted
FAILED tests/contract/test_workflow_api_contract.py::test_start_generates_diagnosis_only_after_result_commit
FAILED tests/contract/test_workflow_api_contract.py::test_diagnosis_retryable_failure_keeps_committed_grades
FAILED tests/contract/test_workflow_api_contract.py::test_diagnosis_hard_failure_keeps_committed_grades_and_fails
FAILED tests/contract/test_workflow_api_contract.py::test_low_confidence_pause_does_not_generate_diagnosis
FAILED tests/contract/test_workflow_api_contract.py::test_startup_recovery_turns_diagnosis_pending_run_resumable
16 failed, 153 passed, 3 warnings in 203.93s (0:03:23)
