.....................F..............FFF................................. [ 28%]
............................F........................................... [ 56%]
FFF..................................................................... [ 84%]
...........................F...........                                  [100%]
================================== FAILURES ===================================
_ test_invalid_payload_maps_to_invalid_response[{"score": "7.0", "confidence": 0.9, "reason": "\u5b66\u751f\u7b54\u51fa\u5c40\u90e8\u4f5c\u7528\u57df\uff0c\u672a\u8986\u76d6\u5168\u5c40\u4f5c\u7528\u57df\u3002", "correct_points": ["\u5c40\u90e8\u4f5c\u7528\u57df"], "missing_knowledge_points": ["\u5168\u5c40\u4f5c\u7528\u57df"], "suggestions": ["\u8865\u5145\u5168\u5c40\u4f5c\u7528\u57df\u7684\u4f5c\u7528\u8303\u56f4\u3002"]}] _

raw = '{"score": "7.0", "confidence": 0.9, "reason": "学生答出局部作用域，未覆盖全局作用域。", "correct_points": ["局部作用域"], "missing_knowledge_points": ["全局作用域"], "suggestions": ["补充全局作用域的作用范围。"]}'

    @pytest.mark.parametrize(
        "raw",
        [
            "{不是 JSON",
            "[]",
            '"纯文本"',
            "null",
            "123",
            json.dumps({**_payload(), "extra_field": "多余字段"}, ensure_ascii=False),
            json.dumps({key: value for key, value in _payload().items() if key != "reason"}),
            json.dumps({**_payload(), "score": "7.0"}, ensure_ascii=False),
            json.dumps({**_payload(), "score": True}, ensure_ascii=False),
            json.dumps({**_payload(), "confidence": "0.9"}, ensure_ascii=False),
            json.dumps({**_payload(), "confidence": False}, ensure_ascii=False),
            json.dumps({**_payload(), "reason": "   "}, ensure_ascii=False),
            json.dumps({**_payload(), "suggestions": []}, ensure_ascii=False),
            json.dumps({**_payload(), "suggestions": ["   "]}, ensure_ascii=False),
            json.dumps({**_payload(), "correct_points": ["  "]}, ensure_ascii=False),
            json.dumps({**_payload(), "missing_knowledge_points": [""]}, ensure_ascii=False),
            (
                '{"score": NaN, "confidence": 0.5, "reason": "r", '
                '"correct_points": [], "missing_knowledge_points": [], "suggestions": ["s"]}'
            ),
            (
                '{"score": Infinity, "confidence": 0.5, "reason": "r", '
                '"correct_points": [], "missing_knowledge_points": [], "suggestions": ["s"]}'
            ),
        ],
    )
    def test_invalid_payload_maps_to_invalid_response(raw: str) -> None:
        """非法 JSON 与未通过 Schema 校验的响应统一为结构化失败。"""
    
>       with pytest.raises(InvalidLLMResponseError) as excinfo:
             ^^^^^^^^^^^^^^^^^^^^^^^^^^^^^^^^^^^^^^
E       Failed: DID NOT RAISE InvalidLLMResponseError

tests\unit\grading\test_structured_grading.py:333: Failed
__________ test_score_is_rounded_half_up_to_two_decimals[7.335-7.34] __________

score = 7.335, expected = 7.34

    @pytest.mark.parametrize(
        ("score", "expected"),
        [(7.335, 7.34), (7.334, 7.33), (0.005, 0.01), (MAX_SCORE, MAX_SCORE)],
    )
    def test_score_is_rounded_half_up_to_two_decimals(
        score: float,
        expected: float,
    ) -> None:
        """合法分数按 `ROUND_HALF_UP` 规整到两位小数，对齐 Numeric(8, 2)。"""
    
        result = _parse(_payload(score=score))
    
>       assert result.score == expected
E       AssertionError: assert Decimal('7.34') == 7.34
E        +  where Decimal('7.34') = GradingResult(question_type=<QuestionType.SHORT_ANSWER: 'SHORT_ANSWER'>, score=Decimal('7.34'), max_score=Decimal('10....id='3f1a8c2e-0d4f-4b7a-9c1e-2b8d5f6a7c91', submission_id='3f1a8c2e-0d4f-4b7a-9c1e-2b8d5f6a7c92', exam_question_id=None).score

tests\unit\grading\test_structured_grading.py:372: AssertionError
__________ test_score_is_rounded_half_up_to_two_decimals[7.334-7.33] __________

score = 7.334, expected = 7.33

    @pytest.mark.parametrize(
        ("score", "expected"),
        [(7.335, 7.34), (7.334, 7.33), (0.005, 0.01), (MAX_SCORE, MAX_SCORE)],
    )
    def test_score_is_rounded_half_up_to_two_decimals(
        score: float,
        expected: float,
    ) -> None:
        """合法分数按 `ROUND_HALF_UP` 规整到两位小数，对齐 Numeric(8, 2)。"""
    
        result = _parse(_payload(score=score))
    
>       assert result.score == expected
E       AssertionError: assert Decimal('7.33') == 7.33
E        +  where Decimal('7.33') = GradingResult(question_type=<QuestionType.SHORT_ANSWER: 'SHORT_ANSWER'>, score=Decimal('7.33'), max_score=Decimal('10....id='3f1a8c2e-0d4f-4b7a-9c1e-2b8d5f6a7c91', submission_id='3f1a8c2e-0d4f-4b7a-9c1e-2b8d5f6a7c92', exam_question_id=None).score

tests\unit\grading\test_structured_grading.py:372: AssertionError
__________ test_score_is_rounded_half_up_to_two_decimals[0.005-0.01] __________

score = 0.005, expected = 0.01

    @pytest.mark.parametrize(
        ("score", "expected"),
        [(7.335, 7.34), (7.334, 7.33), (0.005, 0.01), (MAX_SCORE, MAX_SCORE)],
    )
    def test_score_is_rounded_half_up_to_two_decimals(
        score: float,
        expected: float,
    ) -> None:
        """合法分数按 `ROUND_HALF_UP` 规整到两位小数，对齐 Numeric(8, 2)。"""
    
        result = _parse(_payload(score=score))
    
>       assert result.score == expected
E       AssertionError: assert Decimal('0.01') == 0.01
E        +  where Decimal('0.01') = GradingResult(question_type=<QuestionType.SHORT_ANSWER: 'SHORT_ANSWER'>, score=Decimal('0.01'), max_score=Decimal('10....id='3f1a8c2e-0d4f-4b7a-9c1e-2b8d5f6a7c91', submission_id='3f1a8c2e-0d4f-4b7a-9c1e-2b8d5f6a7c92', exam_question_id=None).score

tests\unit\grading\test_structured_grading.py:372: AssertionError
________________ test_multiple_choice_ratio_uses_round_half_up ________________

grader = <backend.app.services.grading.objective_grader.ObjectiveGrader object at 0x000001C4334F7950>

    def test_multiple_choice_ratio_uses_round_half_up(grader: ObjectiveGrader) -> None:
        """比例分保留两位小数并采用 ``ROUND_HALF_UP``（0.625 → 0.63）。"""
    
        result = _grade(
            grader,
            question_type=QuestionType.MULTIPLE_CHOICE,
            reference_answer="A,B,C,D",
            student_answer="A",
            max_score=2.5,
        )
    
>       assert result.score == 0.63
E       AssertionError: assert Decimal('0.63') == 0.63
E        +  where Decimal('0.63') = GradingResult(question_type=<QuestionType.MULTIPLE_CHOICE: 'MULTIPLE_CHOICE'>, score=Decimal('0.63'), max_score=Decima...ed', review_status='Not Required', retrieved_context_ids=[], answer_id=None, submission_id=None, exam_question_id=None).score

tests\unit\grading\test_objective_grader.py:246: AssertionError
_____ test_score_is_produced_within_range_without_clamping[0.05-A,B-0.03] _____

grader = <backend.app.services.grading.objective_grader.ObjectiveGrader object at 0x000001C4336D2E90>
max_score = 0.05, student_answer = 'A,B', expected_score = 0.03

    @pytest.mark.parametrize(
        ("max_score", "student_answer", "expected_score"),
        [(0.05, "A,B", 0.03), (0.01, "A,B", 0.01), (1.0, "A", 0.33)],
    )
    def test_score_is_produced_within_range_without_clamping(
        grader: ObjectiveGrader,
        max_score: float,
        student_answer: str,
        expected_score: float,
    ) -> None:
        """分数由规则直接产生：舍入后不会超过满分，也不需要静默钳制。"""
    
        result = _grade(
            grader,
            question_type=QuestionType.MULTIPLE_CHOICE,
            reference_answer="A,B,C",
            student_answer=student_answer,
            max_score=max_score,
        )
    
>       assert result.score == expected_score
E       AssertionError: assert Decimal('0.03') == 0.03
E        +  where Decimal('0.03') = GradingResult(question_type=<QuestionType.MULTIPLE_CHOICE: 'MULTIPLE_CHOICE'>, score=Decimal('0.03'), max_score=Decima...ed', review_status='Not Required', retrieved_context_ids=[], answer_id=None, submission_id=None, exam_question_id=None).score

tests\unit\grading\test_objective_grader.py:575: AssertionError
_____ test_score_is_produced_within_range_without_clamping[0.01-A,B-0.01] _____

grader = <backend.app.services.grading.objective_grader.ObjectiveGrader object at 0x000001C4336D2B70>
max_score = 0.01, student_answer = 'A,B', expected_score = 0.01

    @pytest.mark.parametrize(
        ("max_score", "student_answer", "expected_score"),
        [(0.05, "A,B", 0.03), (0.01, "A,B", 0.01), (1.0, "A", 0.33)],
    )
    def test_score_is_produced_within_range_without_clamping(
        grader: ObjectiveGrader,
        max_score: float,
        student_answer: str,
        expected_score: float,
    ) -> None:
        """分数由规则直接产生：舍入后不会超过满分，也不需要静默钳制。"""
    
        result = _grade(
            grader,
            question_type=QuestionType.MULTIPLE_CHOICE,
            reference_answer="A,B,C",
            student_answer=student_answer,
            max_score=max_score,
        )
    
>       assert result.score == expected_score
E       AssertionError: assert Decimal('0.01') == 0.01
E        +  where Decimal('0.01') = GradingResult(question_type=<QuestionType.MULTIPLE_CHOICE: 'MULTIPLE_CHOICE'>, score=Decimal('0.01'), max_score=Decima...ed', review_status='Not Required', retrieved_context_ids=[], answer_id=None, submission_id=None, exam_question_id=None).score

tests\unit\grading\test_objective_grader.py:575: AssertionError
______ test_score_is_produced_within_range_without_clamping[1.0-A-0.33] _______

grader = <backend.app.services.grading.objective_grader.ObjectiveGrader object at 0x000001C4336D2760>
max_score = 1.0, student_answer = 'A', expected_score = 0.33

    @pytest.mark.parametrize(
        ("max_score", "student_answer", "expected_score"),
        [(0.05, "A,B", 0.03), (0.01, "A,B", 0.01), (1.0, "A", 0.33)],
    )
    def test_score_is_produced_within_range_without_clamping(
        grader: ObjectiveGrader,
        max_score: float,
        student_answer: str,
        expected_score: float,
    ) -> None:
        """分数由规则直接产生：舍入后不会超过满分，也不需要静默钳制。"""
    
        result = _grade(
            grader,
            question_type=QuestionType.MULTIPLE_CHOICE,
            reference_answer="A,B,C",
            student_answer=student_answer,
            max_score=max_score,
        )
    
>       assert result.score == expected_score
E       AssertionError: assert Decimal('0.33') == 0.33
E        +  where Decimal('0.33') = GradingResult(question_type=<QuestionType.MULTIPLE_CHOICE: 'MULTIPLE_CHOICE'>, score=Decimal('0.33'), max_score=Decima...ed', review_status='Not Required', retrieved_context_ids=[], answer_id=None, submission_id=None, exam_question_id=None).score

tests\unit\grading\test_objective_grader.py:575: AssertionError
___________ test_real_services_satisfy_agent_orchestration_contract ___________

    def test_real_services_satisfy_agent_orchestration_contract() -> None:
        """真实服务满足 Agent 编排契约：客观题复用既有评分器，主观题接受检索与会话关键字。
    
        TCR：
        - 必要性：只编排不重算的结论必须有可执行证据，不能只靠源码字符串断言；
        - 契约依据：`plan.md` §4 Agent 分工、`.specify/contracts/agent-workflow.md`、B01/B02
          （主观题上下文由 `SubjectiveGrader` 独占构建，Agent 只传同一个 `AppSettings` 与检索组件）；
        - 覆盖行为：客观题输出与真实 `ObjectiveGrader` 的确定性结果逐项一致（未重算）；
          真实 `SubjectiveGrader.grade` 为异步入口且接受 Agent 传入的 `max_score`/`top_k`/
          `retriever`/`reranker`/`embedding_provider`/`settings`。
        """
    
        subjective_grade = inspect.signature(SubjectiveGrader.grade)
        assert inspect.iscoroutinefunction(SubjectiveGrader.grade)
        for keyword in (
            "max_score",
            "top_k",
            "retriever",
            "reranker",
            "embedding_provider",
            "settings",
        ):
            assert keyword in subjective_grade.parameters, keyword
    
        target = _objective_target()
        snapshot = _snapshot(target)
        expected = ObjectiveGrader().grade(
            question_type=target.question_type,
            reference_answer=target.reference_answer,
            student_answer=target.student_answer,
            max_score=float(target.max_score),
            knowledge_points=target.knowledge_points,
            answer_id=target.answer_id,
            submission_id=snapshot.submission_id,
        )
        output = (
            _agent(objective_grader=ObjectiveGrader())
            .grade_answer(
                snapshot,
                target,
                request_id="request-1",
            )
            .output
        )
    
        assert output.grading_result is not None
        assert output.grading_result.score == expected.score
>       assert output.grading_result.reason == expected.reason
E       AssertionError: assert '学生答案与标准答案一致，按题目分值给满分 2 分。' == '学生答案与标准答案一致，按题目分值给满分 2.0 分。'
E         
E         - 学生答案与标准答案一致，按题目分值给满分 2.0 分。
E         ?                       --
E         + 学生答案与标准答案一致，按题目分值给满分 2 分。

tests\unit\agents\test_grading_agent.py:998: AssertionError
=========================== short test summary info ===========================
FAILED tests/unit/grading/test_structured_grading.py::test_invalid_payload_maps_to_invalid_response[{"score": "7.0", "confidence": 0.9, "reason": "\u5b66\u751f\u7b54\u51fa\u5c40\u90e8\u4f5c\u7528\u57df\uff0c\u672a\u8986\u76d6\u5168\u5c40\u4f5c\u7528\u57df\u3002", "correct_points": ["\u5c40\u90e8\u4f5c\u7528\u57df"], "missing_knowledge_points": ["\u5168\u5c40\u4f5c\u7528\u57df"], "suggestions": ["\u8865\u5145\u5168\u5c40\u4f5c\u7528\u57df\u7684\u4f5c\u7528\u8303\u56f4\u3002"]}]
FAILED tests/unit/grading/test_structured_grading.py::test_score_is_rounded_half_up_to_two_decimals[7.335-7.34]
FAILED tests/unit/grading/test_structured_grading.py::test_score_is_rounded_half_up_to_two_decimals[7.334-7.33]
FAILED tests/unit/grading/test_structured_grading.py::test_score_is_rounded_half_up_to_two_decimals[0.005-0.01]
FAILED tests/unit/grading/test_objective_grader.py::test_multiple_choice_ratio_uses_round_half_up
FAILED tests/unit/grading/test_objective_grader.py::test_score_is_produced_within_range_without_clamping[0.05-A,B-0.03]
FAILED tests/unit/grading/test_objective_grader.py::test_score_is_produced_within_range_without_clamping[0.01-A,B-0.01]
FAILED tests/unit/grading/test_objective_grader.py::test_score_is_produced_within_range_without_clamping[1.0-A-0.33]
FAILED tests/unit/agents/test_grading_agent.py::test_real_services_satisfy_agent_orchestration_contract
9 failed, 246 passed in 4.09s
