...F..                                                                   [100%]
================================== FAILURES ===================================
____ test_real_image_bytes_and_current_conditions_enter_vision_only[None] _____

environment = ReviewEnv(engine=Engine(postgresql+psycopg://eduagent@127.0.0.1:5432/eduagent_e4_finish_3c487990ad44), paper=Paper(tea...ive_answer_id='959c6be3-3852-4508-a1d1-e55b46e03fa6', subjective_answer_ids=('959c6be3-3852-4508-a1d1-e55b46e03fa6',)))
tmp_path = WindowsPath('D:/YJX/Cache/Temp/pytest-of-10169/pytest-233/test_real_image_bytes_and_curr0')
monkeypatch = <_pytest.monkeypatch.MonkeyPatch object at 0x0000027A188AF950>
failure = None

    @pytest.mark.parametrize("failure", [None, "unsupported", "missing_after_read"])
    def test_real_image_bytes_and_current_conditions_enter_vision_only(
        environment, tmp_path, monkeypatch, failure
    ):
        with Session(environment.engine) as session:
            question_id = (
                session.get(Exam, UUID(environment.paper.exam_id))
                .exam_question_links[0]
                .question_id
            )
        author = SimpleNamespace(
            objective_question_id=question_id, teacher_id=UUID(environment.paper.teacher_id)
        )
        path, asset_id, check_id = image_fixture((environment.engine, author), tmp_path)
        with Session(environment.engine) as session:
            snapshot = DatabaseGradingSubmissionReader(session=session, root=tmp_path).load(
                environment.paper.submission_id
            )
            snapshot.require_scoring_ready()
            target = snapshot.answers[0]
            source = build_subjective_source(snapshot, target)
            vision = OwnedVisionProvider(capable=failure != "unsupported")
            text = SequenceScoringProvider([0.95])
            monkeypatch.setattr(
                grading_module, "create_vision_provider", lambda settings: vision
            )
            if failure == "missing_after_read":
                path.unlink()
            grader = SubjectiveGrader(provider=text)
            command = grader.grade(
                session,
                source,
                max_score=target.max_score,
                settings=build_test_settings(storage_root=tmp_path),
                retriever=StubRetriever(
                    [make_chunk(course_id=environment.paper.course_id)]
                ),
                reranker=StubReranker(),
                embedding_provider=StubEmbeddingProvider(),
            )
            if failure:
                with pytest.raises(GradingContextError) as error:
                    asyncio.run(command)
                assert error.value.error_code == (
                    "VISION_NOT_SUPPORTED" if failure == "unsupported" else "FILE_MISSING"
                )
                assert vision.calls == []
            else:
                result = asyncio.run(command)
                assert result.score == Decimal("2.01") and result.max_score == Decimal(
                    "3.33"
                )
                assert result.exam_question_id == target.scoring_input.exam_question_id
                assert len(vision.calls) == 1
                parts = vision.calls[0]["messages"][-1]["content"]
                image_part = next(part for part in parts if part["type"] == "image")
>               assert base64.b64decode(image_part["image"]["value"]) == path.read_bytes()
                                        ^^^^^^^^^^^^^^^^^^^^^^^^^^^^
E               TypeError: 'ProviderImage' object is not subscriptable

tests\integration\test_exam_scoring_consumers.py:264: TypeError
============================== warnings summary ===============================
..\..\..\develop\Python\Lib\site-packages\fastapi\testclient.py:1
  D:\develop\Python\Lib\site-packages\fastapi\testclient.py:1: StarletteDeprecationWarning: Using `httpx` with `starlette.testclient` is deprecated; install `httpx2` instead.
    from starlette.testclient import TestClient as TestClient  # noqa

-- Docs: https://docs.pytest.org/en/stable/how-to/capture-warnings.html
=========================== short test summary info ===========================
FAILED tests/integration/test_exam_scoring_consumers.py::test_real_image_bytes_and_current_conditions_enter_vision_only[None]
1 failed, 5 passed, 1 warning in 24.12s
