F401 [*] `typing.Any` imported but unused
  --> backend\app\services\grading\grading_task_service.py:40:20
   |
38 | from decimal import Decimal
39 | from pathlib import Path
40 | from typing import Any, Final, NoReturn, Protocol
   |                    ^^^
41 | from uuid import UUID, uuid4
   |
help: Remove unused import: `typing.Any`
   |
39 | from pathlib import Path
   - from typing import Any, Final, NoReturn, Protocol
40 + from typing import Final, NoReturn, Protocol
41 | from uuid import UUID, uuid4
   |

C408 Unnecessary `dict()` call (rewrite as a literal)
  --> tests\unit\grading\test_fixed_result_aggregation.py:37:11
   |
36 |   def result(*, index=1, fixed=True, score="0.10", **changes):
37 |       raw = dict(
   |  ___________^
38 | |         question_type=QuestionType.SINGLE_CHOICE,
39 | |         score=Decimal(score),
40 | |         max_score=Decimal("10.00"),
41 | |         reason="Deterministic grading",
42 | |         correct_points=[],
43 | |         missing_knowledge_points=[],
44 | |         knowledge_points=["published"],
45 | |         suggestions=[],
46 | |         confidence=1,
47 | |         answer_id=f"answer-{index}",
48 | |         submission_id="submission",
49 | |         exam_question_id=f"link-{index}" if fixed else None,
50 | |     )
   | |_____^
51 |       raw.update(changes)
52 |       return GradingResult(**raw)
   |
help: Rewrite as a literal

Found 2 errors.
[*] 1 fixable with the `--fix` option (1 hidden fix can be enabled with the `--unsafe-fixes` option).
