FFFFFFFF                                                                 [100%]
================================== FAILURES ===================================
________ test_fixed_result_requires_same_recorded_exam_question[None] _________

actual = None

    @pytest.mark.parametrize("actual", [None, "foreign-link"])
    def test_fixed_result_requires_same_recorded_exam_question(actual):
        with pytest.raises(GradingAggregationError):
>           ResultAggregator().aggregate(context(), results=[result(exam_question_id=actual)])
                                                             ^^^^^^^^^^^^^^^^^^^^^^^^^^^^^^^

tests\unit\grading\test_fixed_result_aggregation.py:26: 
_ _ _ _ _ _ _ _ _ _ _ _ _ _ _ _ _ _ _ _ _ _ _ _ _ _ _ _ _ _ _ _ _ _ _ _ _ _ _ _

index = 1, fixed = True, score = '0.10', changes = {'exam_question_id': None}

    def result(*, index=1, fixed=True, score="0.10", **changes):
        raw = dict(question_type=QuestionType.SINGLE_CHOICE, score=Decimal(score), max_score=Decimal("10.00"), reason="Deterministic grading", correct_points=[], missing_knowledge_points=[], knowledge_points=["published"], suggestions=[], confidence=1, answer_id=f"answer-{index}", submission_id="submission", exam_question_id=f"link-{index}" if fixed else None)
        raw.update(changes)
>       return GradingResult(**raw)
               ^^^^^^^^^^^^^^^^^^^^
E       pydantic_core._pydantic_core.ValidationError: 1 validation error for GradingResult
E       exam_question_id
E         Extra inputs are not permitted [type=extra_forbidden, input_value=None, input_type=NoneType]
E           For further information visit https://errors.pydantic.dev/2.13/v/extra_forbidden

tests\unit\grading\test_fixed_result_aggregation.py:20: ValidationError
____ test_fixed_result_requires_same_recorded_exam_question[foreign-link] _____

actual = 'foreign-link'

    @pytest.mark.parametrize("actual", [None, "foreign-link"])
    def test_fixed_result_requires_same_recorded_exam_question(actual):
        with pytest.raises(GradingAggregationError):
>           ResultAggregator().aggregate(context(), results=[result(exam_question_id=actual)])
                                                             ^^^^^^^^^^^^^^^^^^^^^^^^^^^^^^^

tests\unit\grading\test_fixed_result_aggregation.py:26: 
_ _ _ _ _ _ _ _ _ _ _ _ _ _ _ _ _ _ _ _ _ _ _ _ _ _ _ _ _ _ _ _ _ _ _ _ _ _ _ _

index = 1, fixed = True, score = '0.10'
changes = {'exam_question_id': 'foreign-link'}

    def result(*, index=1, fixed=True, score="0.10", **changes):
        raw = dict(question_type=QuestionType.SINGLE_CHOICE, score=Decimal(score), max_score=Decimal("10.00"), reason="Deterministic grading", correct_points=[], missing_knowledge_points=[], knowledge_points=["published"], suggestions=[], confidence=1, answer_id=f"answer-{index}", submission_id="submission", exam_question_id=f"link-{index}" if fixed else None)
        raw.update(changes)
>       return GradingResult(**raw)
               ^^^^^^^^^^^^^^^^^^^^
E       pydantic_core._pydantic_core.ValidationError: 1 validation error for GradingResult
E       exam_question_id
E         Extra inputs are not permitted [type=extra_forbidden, input_value='foreign-link', input_type=str]
E           For further information visit https://errors.pydantic.dev/2.13/v/extra_forbidden

tests\unit\grading\test_fixed_result_aggregation.py:20: ValidationError
______________ test_fixed_result_cannot_change_published_labels _______________

    def test_fixed_result_cannot_change_published_labels():
        with pytest.raises(GradingAggregationError):
>           ResultAggregator().aggregate(context(), results=[result(knowledge_points=["bank-now"])])
                                                             ^^^^^^^^^^^^^^^^^^^^^^^^^^^^^^^^^^^^^

tests\unit\grading\test_fixed_result_aggregation.py:31: 
_ _ _ _ _ _ _ _ _ _ _ _ _ _ _ _ _ _ _ _ _ _ _ _ _ _ _ _ _ _ _ _ _ _ _ _ _ _ _ _

index = 1, fixed = True, score = '0.10'
changes = {'knowledge_points': ['bank-now']}

    def result(*, index=1, fixed=True, score="0.10", **changes):
        raw = dict(question_type=QuestionType.SINGLE_CHOICE, score=Decimal(score), max_score=Decimal("10.00"), reason="Deterministic grading", correct_points=[], missing_knowledge_points=[], knowledge_points=["published"], suggestions=[], confidence=1, answer_id=f"answer-{index}", submission_id="submission", exam_question_id=f"link-{index}" if fixed else None)
        raw.update(changes)
>       return GradingResult(**raw)
               ^^^^^^^^^^^^^^^^^^^^
E       pydantic_core._pydantic_core.ValidationError: 1 validation error for GradingResult
E       exam_question_id
E         Extra inputs are not permitted [type=extra_forbidden, input_value='link-1', input_type=str]
E           For further information visit https://errors.pydantic.dev/2.13/v/extra_forbidden

tests\unit\grading\test_fixed_result_aggregation.py:20: ValidationError
____________ test_fixed_result_decimal_sum_and_identity_stay_exact ____________

    def test_fixed_result_decimal_sum_and_identity_stay_exact():
>       actual = ResultAggregator().aggregate(context(count=3), results=[result(index=1, score="0.10"), result(index=2, score="0.20"), result(index=3, score="0.01")])
                                                                         ^^^^^^^^^^^^^^^^^^^^^^^^^^^^^

tests\unit\grading\test_fixed_result_aggregation.py:35: 
_ _ _ _ _ _ _ _ _ _ _ _ _ _ _ _ _ _ _ _ _ _ _ _ _ _ _ _ _ _ _ _ _ _ _ _ _ _ _ _

index = 1, fixed = True, score = '0.10', changes = {}

    def result(*, index=1, fixed=True, score="0.10", **changes):
        raw = dict(question_type=QuestionType.SINGLE_CHOICE, score=Decimal(score), max_score=Decimal("10.00"), reason="Deterministic grading", correct_points=[], missing_knowledge_points=[], knowledge_points=["published"], suggestions=[], confidence=1, answer_id=f"answer-{index}", submission_id="submission", exam_question_id=f"link-{index}" if fixed else None)
        raw.update(changes)
>       return GradingResult(**raw)
               ^^^^^^^^^^^^^^^^^^^^
E       pydantic_core._pydantic_core.ValidationError: 1 validation error for GradingResult
E       exam_question_id
E         Extra inputs are not permitted [type=extra_forbidden, input_value='link-1', input_type=str]
E           For further information visit https://errors.pydantic.dev/2.13/v/extra_forbidden

tests\unit\grading\test_fixed_result_aggregation.py:20: ValidationError
__________ test_historical_result_missing_identity_is_not_backfilled __________

    def test_historical_result_missing_identity_is_not_backfilled():
>       actual = ResultAggregator().aggregate(context(fixed=False), results=[result(fixed=False)])
                                                                             ^^^^^^^^^^^^^^^^^^^

tests\unit\grading\test_fixed_result_aggregation.py:43: 
_ _ _ _ _ _ _ _ _ _ _ _ _ _ _ _ _ _ _ _ _ _ _ _ _ _ _ _ _ _ _ _ _ _ _ _ _ _ _ _

index = 1, fixed = False, score = '0.10', changes = {}

    def result(*, index=1, fixed=True, score="0.10", **changes):
        raw = dict(question_type=QuestionType.SINGLE_CHOICE, score=Decimal(score), max_score=Decimal("10.00"), reason="Deterministic grading", correct_points=[], missing_knowledge_points=[], knowledge_points=["published"], suggestions=[], confidence=1, answer_id=f"answer-{index}", submission_id="submission", exam_question_id=f"link-{index}" if fixed else None)
        raw.update(changes)
>       return GradingResult(**raw)
               ^^^^^^^^^^^^^^^^^^^^
E       pydantic_core._pydantic_core.ValidationError: 1 validation error for GradingResult
E       exam_question_id
E         Extra inputs are not permitted [type=extra_forbidden, input_value=None, input_type=NoneType]
E           For further information visit https://errors.pydantic.dev/2.13/v/extra_forbidden

tests\unit\grading\test_fixed_result_aggregation.py:20: ValidationError
________ test_incomplete_results_are_excluded_from_final_total[failed] ________

state = 'failed'

    @pytest.mark.parametrize("state", ["failed", "pending", "missing"])
    def test_incomplete_results_are_excluded_from_final_total(state):
>       second = [] if state == "missing" else [result(index=2, score="7.00", validation_status="Failed" if state == "failed" else "Validated", review_status="Pending Review" if state == "pending" else "Not Required")]
                                                ^^^^^^^^^^^^^^^^^^^^^^^^^^^^^^^^^^^^^^^^^^^^^^^^^^^^^^^^^^^^^^^^^^^^^^^^^^^^^^^^^^^^^^^^^^^^^^^^^^^^^^^^^^^^^^^^^^^^^^^^^^^^^^^^^^^^^^^^^^^^^^^^^^^^^^^^^^^^^^^^^^^^^^^^^

tests\unit\grading\test_fixed_result_aggregation.py:50: 
_ _ _ _ _ _ _ _ _ _ _ _ _ _ _ _ _ _ _ _ _ _ _ _ _ _ _ _ _ _ _ _ _ _ _ _ _ _ _ _

index = 2, fixed = True, score = '7.00'
changes = {'validation_status': 'Failed', 'review_status': 'Not Required'}

    def result(*, index=1, fixed=True, score="0.10", **changes):
        raw = dict(question_type=QuestionType.SINGLE_CHOICE, score=Decimal(score), max_score=Decimal("10.00"), reason="Deterministic grading", correct_points=[], missing_knowledge_points=[], knowledge_points=["published"], suggestions=[], confidence=1, answer_id=f"answer-{index}", submission_id="submission", exam_question_id=f"link-{index}" if fixed else None)
        raw.update(changes)
>       return GradingResult(**raw)
               ^^^^^^^^^^^^^^^^^^^^
E       pydantic_core._pydantic_core.ValidationError: 1 validation error for GradingResult
E       exam_question_id
E         Extra inputs are not permitted [type=extra_forbidden, input_value='link-2', input_type=str]
E           For further information visit https://errors.pydantic.dev/2.13/v/extra_forbidden

tests\unit\grading\test_fixed_result_aggregation.py:20: ValidationError
_______ test_incomplete_results_are_excluded_from_final_total[pending] ________

state = 'pending'

    @pytest.mark.parametrize("state", ["failed", "pending", "missing"])
    def test_incomplete_results_are_excluded_from_final_total(state):
>       second = [] if state == "missing" else [result(index=2, score="7.00", validation_status="Failed" if state == "failed" else "Validated", review_status="Pending Review" if state == "pending" else "Not Required")]
                                                ^^^^^^^^^^^^^^^^^^^^^^^^^^^^^^^^^^^^^^^^^^^^^^^^^^^^^^^^^^^^^^^^^^^^^^^^^^^^^^^^^^^^^^^^^^^^^^^^^^^^^^^^^^^^^^^^^^^^^^^^^^^^^^^^^^^^^^^^^^^^^^^^^^^^^^^^^^^^^^^^^^^^^^^^^

tests\unit\grading\test_fixed_result_aggregation.py:50: 
_ _ _ _ _ _ _ _ _ _ _ _ _ _ _ _ _ _ _ _ _ _ _ _ _ _ _ _ _ _ _ _ _ _ _ _ _ _ _ _

index = 2, fixed = True, score = '7.00'
changes = {'validation_status': 'Validated', 'review_status': 'Pending Review'}

    def result(*, index=1, fixed=True, score="0.10", **changes):
        raw = dict(question_type=QuestionType.SINGLE_CHOICE, score=Decimal(score), max_score=Decimal("10.00"), reason="Deterministic grading", correct_points=[], missing_knowledge_points=[], knowledge_points=["published"], suggestions=[], confidence=1, answer_id=f"answer-{index}", submission_id="submission", exam_question_id=f"link-{index}" if fixed else None)
        raw.update(changes)
>       return GradingResult(**raw)
               ^^^^^^^^^^^^^^^^^^^^
E       pydantic_core._pydantic_core.ValidationError: 1 validation error for GradingResult
E       exam_question_id
E         Extra inputs are not permitted [type=extra_forbidden, input_value='link-2', input_type=str]
E           For further information visit https://errors.pydantic.dev/2.13/v/extra_forbidden

tests\unit\grading\test_fixed_result_aggregation.py:20: ValidationError
_______ test_incomplete_results_are_excluded_from_final_total[missing] ________

state = 'missing'

    @pytest.mark.parametrize("state", ["failed", "pending", "missing"])
    def test_incomplete_results_are_excluded_from_final_total(state):
        second = [] if state == "missing" else [result(index=2, score="7.00", validation_status="Failed" if state == "failed" else "Validated", review_status="Pending Review" if state == "pending" else "Not Required")]
>       actual = ResultAggregator().aggregate(context(count=2), results=[result(score="0.20"), *second])
                                                                         ^^^^^^^^^^^^^^^^^^^^

tests\unit\grading\test_fixed_result_aggregation.py:51: 
_ _ _ _ _ _ _ _ _ _ _ _ _ _ _ _ _ _ _ _ _ _ _ _ _ _ _ _ _ _ _ _ _ _ _ _ _ _ _ _

index = 1, fixed = True, score = '0.20', changes = {}

    def result(*, index=1, fixed=True, score="0.10", **changes):
        raw = dict(question_type=QuestionType.SINGLE_CHOICE, score=Decimal(score), max_score=Decimal("10.00"), reason="Deterministic grading", correct_points=[], missing_knowledge_points=[], knowledge_points=["published"], suggestions=[], confidence=1, answer_id=f"answer-{index}", submission_id="submission", exam_question_id=f"link-{index}" if fixed else None)
        raw.update(changes)
>       return GradingResult(**raw)
               ^^^^^^^^^^^^^^^^^^^^
E       pydantic_core._pydantic_core.ValidationError: 1 validation error for GradingResult
E       exam_question_id
E         Extra inputs are not permitted [type=extra_forbidden, input_value='link-1', input_type=str]
E           For further information visit https://errors.pydantic.dev/2.13/v/extra_forbidden

tests\unit\grading\test_fixed_result_aggregation.py:20: ValidationError
=========================== short test summary info ===========================
FAILED tests/unit/grading/test_fixed_result_aggregation.py::test_fixed_result_requires_same_recorded_exam_question[None]
FAILED tests/unit/grading/test_fixed_result_aggregation.py::test_fixed_result_requires_same_recorded_exam_question[foreign-link]
FAILED tests/unit/grading/test_fixed_result_aggregation.py::test_fixed_result_cannot_change_published_labels
FAILED tests/unit/grading/test_fixed_result_aggregation.py::test_fixed_result_decimal_sum_and_identity_stay_exact
FAILED tests/unit/grading/test_fixed_result_aggregation.py::test_historical_result_missing_identity_is_not_backfilled
FAILED tests/unit/grading/test_fixed_result_aggregation.py::test_incomplete_results_are_excluded_from_final_total[failed]
FAILED tests/unit/grading/test_fixed_result_aggregation.py::test_incomplete_results_are_excluded_from_final_total[pending]
FAILED tests/unit/grading/test_fixed_result_aggregation.py::test_incomplete_results_are_excluded_from_final_total[missing]
8 failed in 0.93s
