F........                                                                [100%]
================================== FAILURES ===================================
_ test_worker_preserves_per_call_actual_retrieval_input_without_replacing_it __

    def test_worker_preserves_per_call_actual_retrieval_input_without_replacing_it():
        engine = create_sqlite_engine()
        try:
            with Session(engine) as session:
                info = seed_submission(session)
                confirm_synthetic_exam_basis(session, info.exam_id)
                session.commit()
            reader = DatabaseGradingSubmissionReader(
                session_factory=lambda: Session(engine)
            )
            repository = DatabaseGradingRepository(session_factory=lambda: Session(engine))
            snapshot = reader.load(str(info.submission_id))
            task = GradingTaskStatusDTO(
                task_id=str(uuid4()),
                submission_id=snapshot.submission_id,
                status=GradingTaskStatus.QUEUED,
                durable=True,
                created_at=datetime.now(UTC),
            )
            repository.save_task(task, request_id="fixture-retrieval-input", scoring_inputs=snapshot.scoring_inputs)
            pipeline = DefaultScoringPipeline(subjective_scorer=RetrievalScorer())
            executor = InlineGradingTaskExecutor(
                repository=repository, reader=reader, pipeline=pipeline
            )
            executor.execute(task.task_id, snapshot.submission_id)
>           assert repository.get_task(task.task_id).status is GradingTaskStatus.COMPLETED
E           AssertionError: assert <GradingTaskStatus.FAILED: 'Failed'> is <GradingTaskStatus.COMPLETED: 'Completed'>
E            +  where <GradingTaskStatus.FAILED: 'Failed'> = GradingTaskStatusDTO(task_id='cc44d53f-ee9b-473d-ad53-4abab3797b30', submission_id='e79e20b9-73a7-4095-a326-8faa085cf4...tus=None, is_final=None, error_code='GRADING_TASK_FAILED', error_message='阅卷任务执行失败（ValidationError）。', retryable=False).status
E            +    where GradingTaskStatusDTO(task_id='cc44d53f-ee9b-473d-ad53-4abab3797b30', submission_id='e79e20b9-73a7-4095-a326-8faa085cf4...tus=None, is_final=None, error_code='GRADING_TASK_FAILED', error_message='阅卷任务执行失败（ValidationError）。', retryable=False) = get_task('cc44d53f-ee9b-473d-ad53-4abab3797b30')
E            +      where get_task = <backend.app.services.grading.grading_repository.DatabaseGradingRepository object at 0x0000020A12551010>.get_task
E            +      and   'cc44d53f-ee9b-473d-ad53-4abab3797b30' = GradingTaskStatusDTO(task_id='cc44d53f-ee9b-473d-ad53-4abab3797b30', submission_id='e79e20b9-73a7-4095-a326-8faa085cf4..._review_answer_count=None, exam_result_status=None, is_final=None, error_code=None, error_message=None, retryable=None).task_id
E            +  and   <GradingTaskStatus.COMPLETED: 'Completed'> = GradingTaskStatus.COMPLETED

tests\unit\grading\test_scoring_input_enrichment.py:93: AssertionError
=========================== short test summary info ===========================
FAILED tests/unit/grading/test_scoring_input_enrichment.py::test_worker_preserves_per_call_actual_retrieval_input_without_replacing_it
1 failed, 8 passed in 1.66s
