........................................................................ [ 49%]
.......F...........................................F.................... [ 99%]
.                                                                        [100%]
================================== FAILURES ===================================
__ test_reconstructed_executor_loads_persisted_scope_into_subjective_source ___

engine = Engine(sqlite:///:memory:)
fixture = SubmissionFixture(teacher_id=UUID('8f2ba5a7-e274-424b-bc1e-f1b77d21ab33'), student_id=UUID('90d1fcfc-9422-46e8-a933-19...wer_id=UUID('6e3523dc-7878-4d60-b327-5d5011d3f25e'), subjective_answer_id=UUID('13968770-ac8c-42e5-8e13-6690ced4477a'))
repository = <backend.app.services.grading.grading_repository.DatabaseGradingRepository object at 0x0000023EAE90EB70>

    def test_reconstructed_executor_loads_persisted_scope_into_subjective_source(
        engine: Engine,
        fixture: SubmissionFixture,
        repository: DatabaseGradingRepository,
    ) -> None:
        from backend.app.schemas.retrieval_scope import RetrievalScope
        from backend.app.services.grading.grading_task_service import (
            DatabaseGradingSubmissionReader,
            InlineGradingTaskExecutor,
        )
        from backend.app.services.grading.subjective_pipeline import build_subjective_source
    
        scope = RetrievalScope(knowledge_points=["persisted tag"])
        repository.save_task(
            _task(fixture),
            request_id="persisted-scope",
            retrieval_scope=scope,
            scoring_inputs=DatabaseGradingSubmissionReader(
                session_factory=lambda: Session(engine)
            )
            .load(str(fixture.submission_id))
            .scoring_inputs,
        )
        sources: list[object] = []
    
        class Pipeline:
            def score(self, snapshot: object) -> GradingOutcome:
                target = next(
                    answer
                    for answer in snapshot.answers
                    if answer.answer_id == str(fixture.subjective_answer_id)
                )
                sources.append(build_subjective_source(snapshot, target))
                return _outcome(fixture)
    
        session_factory = lambda: Session(engine)
        reconstructed = DatabaseGradingRepository(session_factory=session_factory)
        executor = InlineGradingTaskExecutor(
            repository=reconstructed,
            reader=DatabaseGradingSubmissionReader(session_factory=session_factory),
            pipeline=Pipeline(),
        )
        executor.execute("task-1", str(fixture.submission_id))
        assert sources[0].retrieval_scope == scope
>       assert reconstructed.get_task("task-1").status is GradingTaskStatus.COMPLETED
E       AssertionError: assert <GradingTaskStatus.FAILED: 'Failed'> is <GradingTaskStatus.COMPLETED: 'Completed'>
E        +  where <GradingTaskStatus.FAILED: 'Failed'> = GradingTaskStatusDTO(task_id='task-1', submission_id='0c9af23f-c28f-4891-836b-6b728c72ef70', status=<GradingTaskStatus..._RESULT_OWNERSHIP_MISMATCH', error_message='The new fixed result is missing its scoring association.', retryable=False).status
E        +    where GradingTaskStatusDTO(task_id='task-1', submission_id='0c9af23f-c28f-4891-836b-6b728c72ef70', status=<GradingTaskStatus..._RESULT_OWNERSHIP_MISMATCH', error_message='The new fixed result is missing its scoring association.', retryable=False) = get_task('task-1')
E        +      where get_task = <backend.app.services.grading.grading_repository.DatabaseGradingRepository object at 0x0000023EAE32E030>.get_task
E        +  and   <GradingTaskStatus.COMPLETED: 'Completed'> = GradingTaskStatus.COMPLETED

tests\unit\grading\test_grading_repository.py:1175: AssertionError
___________ test_grading_result_table_structure_matches_data_model ____________

    def test_grading_result_table_structure_matches_data_model() -> None:
        """列集合、索引与约束名必须与 data-model.md 的 GradingResult 字段一致。"""
    
        table = Base.metadata.tables["grading_results"]
    
>       assert [column.name for column in table.columns] == GRADING_RESULT_COLUMNS
E       AssertionError: assert ['answer_id',...x_score', ...] == ['answer_id',...'reason', ...]
E         
E         At index 2 diff: 'exam_question_id' != 'question_type'
E         Left contains one more item: 'updated_at'
E         Use -v to get more diff

tests\unit\models\test_grading_result.py:183: AssertionError
============================== warnings summary ===============================
tests/integration/test_exam_question_migration.py::test_upgrade_preserves_pairs_real_order_and_unknown_historical_basis
tests/integration/test_exam_question_migration.py::test_upgrade_preserves_pairs_real_order_and_unknown_historical_basis
tests/integration/test_exam_question_migration.py::test_upgrade_preserves_pairs_real_order_and_unknown_historical_basis
tests/integration/test_exam_question_migration.py::test_upgrade_preserves_pairs_real_order_and_unknown_historical_basis
tests/integration/test_exam_question_migration.py::test_upgrade_preserves_pairs_real_order_and_unknown_historical_basis
  D:\develop\Python\Lib\site-packages\alembic\config.py:604: DeprecationWarning: No path_separator found in configuration; falling back to legacy splitting on spaces, commas, and colons for prepend_sys_path.  Consider adding path_separator=os to Alembic config.
    util.warn_deprecated(

-- Docs: https://docs.pytest.org/en/stable/how-to/capture-warnings.html
=========================== short test summary info ===========================
FAILED tests/unit/grading/test_grading_repository.py::test_reconstructed_executor_loads_persisted_scope_into_subjective_source
FAILED tests/unit/models/test_grading_result.py::test_grading_result_table_structure_matches_data_model
2 failed, 143 passed, 5 warnings in 8.99s
