.........F.............................................................. [ 61%]
..............................................                           [100%]
================================== FAILURES ===================================
_ test_workflow_preserves_actual_enriched_agent_input_and_passes_it_to_reviewer _

    def test_workflow_preserves_actual_enriched_agent_input_and_passes_it_to_reviewer():
        import asyncio
        from backend.app.ai.agents.invocation import AgentInvocation
        from backend.app.ai.agents.state import AgentInput, AgentOutput
        from backend.app.ai.workflows.grading_workflow import GradingWorkflow, GradingWorkflowDeps
        from backend.app.schemas.grading import ScoringSourceReference
    
        fixed=fixed_input()
        enriched=fixed.model_copy(update={"course_context":"Actually supplied course text", "source_references":[
            ScoringSourceReference(chunk_id="actual-chunk",course_id=fixed.course_id,document_id="actual-document")]})
        class Producer:
            async def grade_answer_async(self,current,target,**kwargs):
                return AgentInvocation(request_id=kwargs["request_id"],workflow_id=kwargs["workflow_id"],
                    input=AgentInput(agent_type="grading",request_id=kwargs["request_id"],scoring_input=enriched),
                    output=AgentOutput(agent_type="grading",status="success",question_type=fixed.question_type,
                        grading_result=result(fixed),confidence_decision=_decision(),confidence=.9,
                        validation_status="Validated",requires_review=False))
        class Reviewer(ReviewerAgent):
            def review(self,*args,**kwargs):
                assert kwargs["scoring_input"].course_context==enriched.course_context
                assert kwargs["scoring_input"].source_references==enriched.source_references
                return super().review(*args,**kwargs)
        graph=GradingWorkflow(GradingWorkflowDeps(snapshot=snapshot(fixed),agent=Producer(),reviewer=Reviewer()))
>       patch=asyncio.run(graph._grade_current(state(fixed),current_node="subjective_retrieve_grade"))
              ^^^^^^^^^^^^^^^^^^^^^^^^^^^^^^^^^^^^^^^^^^^^^^^^^^^^^^^^^^^^^^^^^^^^^^^^^^^^^^^^^^^^^^^^

tests\unit\agents\test_fixed_reviewer_inputs.py:102: 
_ _ _ _ _ _ _ _ _ _ _ _ _ _ _ _ _ _ _ _ _ _ _ _ _ _ _ _ _ _ _ _ _ _ _ _ _ _ _ _
D:\develop\Python\Lib\asyncio\runners.py:195: in run
    return runner.run(main)
           ^^^^^^^^^^^^^^^^
D:\develop\Python\Lib\asyncio\runners.py:118: in run
    return self._loop.run_until_complete(task)
           ^^^^^^^^^^^^^^^^^^^^^^^^^^^^^^^^^^^
D:\develop\Python\Lib\asyncio\base_events.py:725: in run_until_complete
    return future.result()
           ^^^^^^^^^^^^^^^
backend\app\ai\workflows\grading_workflow.py:1167: in _grade_current
    invocation = await self._deps.agent.grade_answer_async(
_ _ _ _ _ _ _ _ _ _ _ _ _ _ _ _ _ _ _ _ _ _ _ _ _ _ _ _ _ _ _ _ _ _ _ _ _ _ _ _

self = <tests.unit.agents.test_fixed_reviewer_inputs.test_workflow_preserves_actual_enriched_agent_input_and_passes_it_to_reviewer.<locals>.Producer object at 0x0000025CCC682270>
current = SubmissionSnapshot(submission_id='submission-controlled', exam_id='exam-controlled', student_id='student-controlled', ...ope=RetrievalScope(document_ids=(), chapter_ids=(), section_range=None, knowledge_points=()), scoring_basis_error=None)
target = GradingTargetAnswer(order=1, answer_id='answer-controlled', question_id='question-controlled', question_type=<Question...t_answer='A', assets=[], verified_image_conditions=None, course_context=None, source_references=None), teacher_id=None)
kwargs = {'request_id': 'request-controlled', 'workflow_id': 'workflow-controlled', 'session': None, 'settings': None}

    async def grade_answer_async(self,current,target,**kwargs):
        return AgentInvocation(request_id=kwargs["request_id"],workflow_id=kwargs["workflow_id"],
>           input=AgentInput(agent_type="grading",request_id=kwargs["request_id"],scoring_input=enriched),
                  ^^^^^^^^^^^^^^^^^^^^^^^^^^^^^^^^^^^^^^^^^^^^^^^^^^^^^^^^^^^^^^^^^^^^^^^^^^^^^^^^^^^^^^^
            output=AgentOutput(agent_type="grading",status="success",question_type=fixed.question_type,
                grading_result=result(fixed),confidence_decision=_decision(),confidence=.9,
                validation_status="Validated",requires_review=False))
E       pydantic_core._pydantic_core.ValidationError: 1 validation error for AgentInput
E       agent_type
E         Input should be 'Supervisor', 'Question', 'Grading' or 'Reviewer' [type=enum, input_value='grading', input_type=str]
E           For further information visit https://errors.pydantic.dev/2.13/v/enum

tests\unit\agents\test_fixed_reviewer_inputs.py:92: ValidationError
============================== warnings summary ===============================
..\..\..\develop\Python\Lib\site-packages\fastapi\testclient.py:1
  D:\develop\Python\Lib\site-packages\fastapi\testclient.py:1: StarletteDeprecationWarning: Using `httpx` with `starlette.testclient` is deprecated; install `httpx2` instead.
    from starlette.testclient import TestClient as TestClient  # noqa

tests/unit/services/test_review_service.py::test_resume_modified_rejects_different_content[score]
tests/unit/services/test_review_service.py::test_resume_modified_rejects_different_content[reason]
  D:\develop\Python\Lib\site-packages\pydantic\main.py:475: UserWarning: Pydantic serializer warnings:
    PydanticSerializationUnexpectedValue(Expected `decimal` - serialized value may not be as expected [field_name='score', input_value=8.0, input_type=float])
    return self.__pydantic_serializer__.to_python(

-- Docs: https://docs.pytest.org/en/stable/how-to/capture-warnings.html
=========================== short test summary info ===========================
FAILED tests/unit/agents/test_fixed_reviewer_inputs.py::test_workflow_preserves_actual_enriched_agent_input_and_passes_it_to_reviewer
1 failed, 117 passed, 3 warnings in 77.52s (0:01:17)
