BLE001 Do not catch blind exception: `Exception`
   --> backend\app\services\grading\subjective_grader.py:590:21
    |
588 |                     await vision_provider.aclose()
589 |                 except (
590 |                     Exception
    |                     ^^^^^^^^^
591 |                 ):  # noqa: BLE001 -- Preserve original failure on cleanup.
592 |                     if primary_error is not None:
    |

RUF100 [*] Unused `noqa` directive (unused: `BLE001`)
   --> backend\app\services\grading\subjective_grader.py:591:21
    |
589 |                 except (
590 |                     Exception
591 |                 ):  # noqa: BLE001 -- Preserve original failure on cleanup.
    |                     ^^^^^^^^^^^^^^
592 |                     if primary_error is not None:
593 |                         primary_error.add_note(
    |
help: Remove unused `noqa` directive
    |
590 |                     Exception
    -                 ):  # noqa: BLE001 -- Preserve original failure on cleanup.
591 +                 ):
592 |                     if primary_error is not None:
    |

Found 2 errors.
[*] 1 fixable with the `--fix` option.
