UP035 [*] Import from `collections.abc` instead: `Sequence`
 --> migrations\versions\0001_enable_pgvector.py:3:1
  |
1 | """Enable PostgreSQL pgvector for the application database."""
2 |
3 | from typing import Sequence, Union
  | ^^^^^^^^^^^^^^^^^^^^^^^^^^^^^^^^^^
4 |
5 | from alembic import op
  |
help: Import from `collections.abc`
  |
2 |
  - from typing import Sequence, Union
3 + from typing import Union
4 + from collections.abc import Sequence
5 |
  |

UP007 [*] Use `X | Y` for type annotations
  --> migrations\versions\0001_enable_pgvector.py:8:16
   |
 7 | revision: str = "0001_enable_pgvector"
 8 | down_revision: Union[str, None] = None
   |                ^^^^^^^^^^^^^^^^
 9 | branch_labels: Union[str, Sequence[str], None] = None
10 | depends_on: Union[str, Sequence[str], None] = None
   |
help: Convert to `X | Y`
  |
7 | revision: str = "0001_enable_pgvector"
  - down_revision: Union[str, None] = None
8 + down_revision: str | None = None
9 | branch_labels: Union[str, Sequence[str], None] = None
  |

UP007 [*] Use `X | Y` for type annotations
  --> migrations\versions\0001_enable_pgvector.py:9:16
   |
 7 | revision: str = "0001_enable_pgvector"
 8 | down_revision: Union[str, None] = None
 9 | branch_labels: Union[str, Sequence[str], None] = None
   |                ^^^^^^^^^^^^^^^^^^^^^^^^^^^^^^^
10 | depends_on: Union[str, Sequence[str], None] = None
   |
help: Convert to `X | Y`
   |
8  | down_revision: Union[str, None] = None
   - branch_labels: Union[str, Sequence[str], None] = None
9  + branch_labels: str | Sequence[str] | None = None
10 | depends_on: Union[str, Sequence[str], None] = None
   |

UP007 [*] Use `X | Y` for type annotations
  --> migrations\versions\0001_enable_pgvector.py:10:13
   |
 8 | down_revision: Union[str, None] = None
 9 | branch_labels: Union[str, Sequence[str], None] = None
10 | depends_on: Union[str, Sequence[str], None] = None
   |             ^^^^^^^^^^^^^^^^^^^^^^^^^^^^^^^
help: Convert to `X | Y`
   |
9  | branch_labels: Union[str, Sequence[str], None] = None
   - depends_on: Union[str, Sequence[str], None] = None
10 + depends_on: str | Sequence[str] | None = None
11 |
   |

PLC0414 Import alias does not rename original package
  --> tests\unit\services\test_fixed_review_service.py:26:5
   |
24 | )
25 | from tests.unit.services.test_review_service import (
26 |     env as env,
   |     ^^^^^^^^^^
27 | )
   |
help: Remove import alias

Found 5 errors.
[*] 4 fixable with the `--fix` option (1 hidden fix can be enabled with the `--unsafe-fixes` option).
