........F............................................................... [ 39%]
........................................................................ [ 79%]
.....................................                                    [100%]
================================== FAILURES ===================================
_ test_worker_preserves_per_call_actual_retrieval_input_without_replacing_it __

    def test_worker_preserves_per_call_actual_retrieval_input_without_replacing_it():
        engine = create_sqlite_engine()
        try:
            with Session(engine) as session:
                info = seed_submission(session)
                confirm_synthetic_exam_basis(session, info.exam_id)
                session.commit()
            reader = DatabaseGradingSubmissionReader(
                session_factory=lambda: Session(engine)
            )
            repository = DatabaseGradingRepository(session_factory=lambda: Session(engine))
            snapshot = reader.load(str(info.submission_id))
            task = GradingTaskStatusDTO(
                task_id=str(uuid4()),
                submission_id=snapshot.submission_id,
                status=GradingTaskStatus.QUEUED,
                durable=True,
                created_at=datetime.now(UTC),
            )
>           repository.save_task(task, scoring_inputs=snapshot.scoring_inputs)

tests\unit\grading\test_scoring_input_enrichment.py:87: 
_ _ _ _ _ _ _ _ _ _ _ _ _ _ _ _ _ _ _ _ _ _ _ _ _ _ _ _ _ _ _ _ _ _ _ _ _ _ _ _

self = <backend.app.services.grading.grading_repository.DatabaseGradingRepository object at 0x00000223C2EB6BA0>
task = GradingTaskStatusDTO(task_id='5e262c7e-16de-4742-a9db-267ffd43ff24', submission_id='1b52cd93-a86a-4756-a4b2-7c475bc1e0..._review_answer_count=None, exam_result_status=None, is_final=None, error_code=None, error_message=None, retryable=None)
request_id = None, retrieval_scope = None
scoring_inputs = {'3d280a5d-2cba-4aeb-b032-a93f1fe8ea28': ScoringInput(exam_id='b72a5a69-4de1-45f1-8ae0-0e42d7119433', exam_question_id...], student_answer='变量用于保存数据。', assets=[], verified_image_conditions=None, course_context=None, source_references=None)}

    def save_task(
        self,
        task: GradingTaskStatusDTO,
        *,
        request_id: str | None = None,
        retrieval_scope: RetrievalScope | None = None,
        scoring_inputs: Mapping[str, ScoringInput] | None = None,
    ) -> None:
        """单事务写入任务状态、检查点与一致的答卷进度。
    
        创建任务时必须提供 ``request_id``（plan §7），更新已有任务时可省略。
        任务进入失败状态时，同一事务把该答卷的答案标记为失败。
        """
    
        with self._use_session() as session, session.begin():
            row = session.scalars(
                select(WorkflowRun).where(WorkflowRun.workflow_id == task.task_id)
            ).one_or_none()
            if row is None:
                if request_id is None:
>                   raise GradingTaskTraceMissingError(
                        "创建任务必须提供 request_id（plan §7 要求的追踪标识）。"
                    )
E                   backend.app.services.grading.grading_task_service.GradingTaskTraceMissingError: GRADING_TASK_TRACE_MISSING：创建任务必须提供 request_id（plan §7 要求的追踪标识）。

backend\app\services\grading\grading_repository.py:342: GradingTaskTraceMissingError
============================== warnings summary ===============================
tests/integration/test_grading_exam_question_migration.py::test_upgrade_preserves_result_pk_score_unknown_link_and_real_restrict_fk
tests/integration/test_grading_exam_question_migration.py::test_upgrade_preserves_result_pk_score_unknown_link_and_real_restrict_fk
tests/integration/test_grading_exam_question_migration.py::test_upgrade_preserves_result_pk_score_unknown_link_and_real_restrict_fk
tests/integration/test_grading_exam_question_migration.py::test_upgrade_preserves_result_pk_score_unknown_link_and_real_restrict_fk
tests/integration/test_exam_question_migration.py::test_upgrade_preserves_pairs_real_order_and_unknown_historical_basis
tests/integration/test_exam_question_migration.py::test_upgrade_preserves_pairs_real_order_and_unknown_historical_basis
tests/integration/test_exam_question_migration.py::test_upgrade_preserves_pairs_real_order_and_unknown_historical_basis
tests/integration/test_exam_question_migration.py::test_upgrade_preserves_pairs_real_order_and_unknown_historical_basis
tests/integration/test_exam_question_migration.py::test_upgrade_preserves_pairs_real_order_and_unknown_historical_basis
  D:\develop\Python\Lib\site-packages\alembic\config.py:604: DeprecationWarning: No path_separator found in configuration; falling back to legacy splitting on spaces, commas, and colons for prepend_sys_path.  Consider adding path_separator=os to Alembic config.
    util.warn_deprecated(

-- Docs: https://docs.pytest.org/en/stable/how-to/capture-warnings.html
=========================== short test summary info ===========================
FAILED tests/unit/grading/test_scoring_input_enrichment.py::test_worker_preserves_per_call_actual_retrieval_input_without_replacing_it
1 failed, 180 passed, 9 warnings in 26.86s
