........FF                                                               [100%]
================================== FAILURES ===================================
________ test_changed_owner_or_role_cannot_read_prior_selected_content ________

session = <sqlalchemy.orm.session.Session object at 0x0000022868C68E50>
feedback_scenario = {'teacher': <backend.app.models.user.User object at 0x0000022867747ED0>, 'course': <backend.app.models.course.Course o...tion.Question object at 0x0000022868BD3CE0>], 'exam': <backend.app.models.exam.Exam object at 0x00000228686E2510>, ...}
monkeypatch = <_pytest.monkeypatch.MonkeyPatch object at 0x00000228689D5130>

    def test_changed_owner_or_role_cannot_read_prior_selected_content(
        session, feedback_scenario, monkeypatch
    ):
        s = feedback_scenario
        chunk = source.material(session, s)
        env = make_ui(s, session, monkeypatch)
        _, view, user, state = env
        try:
            process(env, "refresh_student_learning", [str(s["exam"].id), None])
            state[user._id] = {**user.value, "user_id": str(s["students"][1].id)}
            html = select(env, "select_student_resource", [None, None], 0)[
                view.resource_detail._id
            ]
            assert "GRADING_PERMISSION_DENIED" in html and chunk.content not in html
            state[user._id] = {**user.value, "roles": ["Teacher"]}
            html = select(env, "select_student_resource", [None, None], 0)[
                view.resource_detail._id
            ]
>           assert "无权访问" in html and chunk.content not in html
E           assert ('无权访问' in '<p role="alert">LEARNING_READ_FAILED：当前内容读取失败，请刷新后重试。</p>')

tests\integration\test_student_learning_ui.py:245: AssertionError
_______ test_homepage_opens_all_feedback_and_logout_resets_new_details ________

session = <sqlalchemy.orm.session.Session object at 0x0000022868D32950>
feedback_scenario = {'teacher': <backend.app.models.user.User object at 0x00000228686F1A90>, 'course': <backend.app.models.course.Course o...tion.Question object at 0x00000228691628B0>], 'exam': <backend.app.models.exam.Exam object at 0x0000022868C06E10>, ...}
monkeypatch = <_pytest.monkeypatch.MonkeyPatch object at 0x0000022868A011D0>

    def test_homepage_opens_all_feedback_and_logout_resets_new_details(
        session, feedback_scenario, monkeypatch
    ):
        from backend.app.ui import gradio_app
    
        s = feedback_scenario
        source.material(session, s)
        factory = lambda: Session(session.get_bind())
        for module in (results_loaders, results_api, gradio_app):
            monkeypatch.setattr(module, "get_session_factory", lambda: factory)
        token = create_access_token(
            s["students"][0].id,
            secret_key=get_settings().JWT_SECRET_KEY,
            roles=[UserRole.STUDENT],
        )
        current = gradio_app._authenticated_state({"access_token": token})
        app = gradio_app.create_gradio_app()
        fn = next(
            f
            for f in app.fns.values()
            if getattr(f.fn, "__name__", "") == "open_student_result_from_dashboard"
        )
        sub = s["submissions"][0]
        records = [
            {
                "id": str(sub.id),
                "submission_id": str(sub.id),
                "exam_id": str(s["exam"].id),
                "exam_title": s["exam"].title,
                "result_status": "Final",
            }
        ]
        try:
            updates = fn.fn(records, str(sub.id), current, {})
            table = next(
                b
                for b in app.blocks.values()
                if getattr(b, "label", "") == "本人答案、最终失分与评分解释（选中查看原图）"
            )
            assert updates[table][1][5] == "1.00"
            assert any(
                isinstance(component, gr.State)
                and isinstance(v, list)
                and v
                and isinstance(v[0], dict)
                and v[0].get("kind") == "material"
                for component, v in updates.items()
            )
            reset = next(
                f.fn
                for f in app.fns.values()
                if getattr(f.fn, "__name__", "") == "clear_workspace"
            )()
            for component in updates:
                if isinstance(component, gr.HTML):
>                   assert reset[component]["value"] == ""
                           ^^^^^^^^^^^^^^^^^^^^^^^^^
E                   TypeError: string indices must be integers, not 'str'

tests\integration\test_student_learning_ui.py:305: TypeError
============================== warnings summary ===============================
..\..\..\develop\Python\Lib\site-packages\fastapi\testclient.py:1
  D:\develop\Python\Lib\site-packages\fastapi\testclient.py:1: StarletteDeprecationWarning: Using `httpx` with `starlette.testclient` is deprecated; install `httpx2` instead.
    from starlette.testclient import TestClient as TestClient  # noqa

tests/integration/test_student_learning_ui.py::test_homepage_opens_all_feedback_and_logout_resets_new_details
  D:\develop\Python\Lib\site-packages\gradio\components\dataframe.py:197: UserWarning: The `column_limits` parameter is not yet implemented.
    warnings.warn(

tests/integration/test_student_learning_ui.py::test_homepage_opens_all_feedback_and_logout_resets_new_details
  D:\develop\Python\Lib\site-packages\gradio\components\dataframe.py:183: UserWarning: The `row_limits` parameter is not yet implemented.
    warnings.warn(

-- Docs: https://docs.pytest.org/en/stable/how-to/capture-warnings.html
=========================== short test summary info ===========================
FAILED tests/integration/test_student_learning_ui.py::test_changed_owner_or_role_cannot_read_prior_selected_content
FAILED tests/integration/test_student_learning_ui.py::test_homepage_opens_all_feedback_and_logout_resets_new_details
2 failed, 8 passed, 3 warnings in 31.73s
