检查：持久目录
通过：持久目录
检查：模型配置
通过：模型配置
检查：PostgreSQL / pgvector / Redis
通过：PostgreSQL / pgvector / Redis
检查：必要网络
通过：必要网络
检查：数据库迁移
INFO  [alembic.runtime.migration] Context impl PostgresqlImpl.
INFO  [alembic.runtime.migration] Will assume transactional DDL.
INFO  [alembic.runtime.migration] Running upgrade  -> 0001_enable_pgvector, Enable PostgreSQL pgvector for the application database.
INFO  [alembic.runtime.migration] Running upgrade 0001_enable_pgvector -> 7c00941eb6e3, 创建 M1 业务模型
INFO  [alembic.runtime.migration] Running upgrade 7c00941eb6e3 -> 0003_exam_participants, 新增考试学生分配表，保留无分配考试的历史开放语义。
INFO  [alembic.runtime.migration] Running upgrade 0003_exam_participants -> 0004_document_chunks, 新增 knowledge chunk 表：pgvector 向量列、全文检索列与检索索引。
INFO  [alembic.runtime.migration] Running upgrade 0004_document_chunks -> 0005_grading_results, 新增单题评分结果与整卷结果表
INFO  [alembic.runtime.migration] Running upgrade 0005_grading_results -> 0006_diagnosis_reports, 新增学生诊断报告表
INFO  [alembic.runtime.migration] Running upgrade 0006_diagnosis_reports -> 0007_review_records, 新增教师复核记录表
INFO  [alembic.runtime.migration] Running upgrade 0007_review_records -> 0008_workflow_runs, 新增阅卷工作流运行表
INFO  [alembic.runtime.migration] Running upgrade 0008_workflow_runs -> 0009_agent_runs, 新增 Agent 运行追踪表
INFO  [alembic.runtime.migration] Running upgrade 0009_agent_runs -> 0010_review_round_ids, 新增当前待复核轮次和复核审计轮次；历史数据保持 NULL。
INFO  [alembic.runtime.migration] Running upgrade 0010_review_round_ids -> 0011_question_source_persistence, Persist question source snapshots, generation metadata and revision comments.
INFO  [alembic.runtime.migration] Running upgrade 0011_question_source_persistence -> 0012_audit_logs, Create sanitized append-only audit events.
INFO  [alembic.runtime.migration] Running upgrade 0012_audit_logs -> 0013_file_storage, Persist file metadata and actual export ownership.
INFO  [alembic.runtime.migration] Running upgrade 0013_file_storage -> 0014_paper_import, T153 paper import/correction foundation; preserve unknown legacy sources.
INFO  [alembic.runtime.migration] Running upgrade 0014_paper_import -> 0015_question_assets, T154 question image relationships and G05 formal evidence column.
INFO  [alembic.runtime.migration] Running upgrade 0015_question_assets -> 0016_asset_visibility, T154: explicit student display grant, default closed.
INFO  [alembic.runtime.migration] Running upgrade 0016_asset_visibility -> 0017_extracted_order, Persistent extracted question order; legacy unknown order stays NULL.
INFO  [alembic.runtime.migration] Running upgrade 0017_extracted_order -> 0018_options_json, Preserve option JSON order and record unrecoverable legacy object ordering.
INFO  [alembic.runtime.migration] Running upgrade 0018_options_json -> 0019_chapter_scope, T161 stable course chapters and nullable confirmed chunk locations.
INFO  [alembic.runtime.migration] Running upgrade 0019_chapter_scope -> 0020_content_validation, T163 durable semantic reports; old questions retain unknown validation.
INFO  [alembic.runtime.migration] Running upgrade 0020_content_validation -> 0021_question_source_paper, T165 parent question sources; do not infer historical source paths.
INFO  [alembic.runtime.migration] Running upgrade 0021_question_source_paper -> 0022_exam_question, T170 upgrade the existing exam relation without inventing historical facts.
INFO  [alembic.runtime.migration] Running upgrade 0022_exam_question -> 0023_grading_exam_question, T177 retain the actual scoring association; historical results stay unknown.
INFO  [alembic.runtime.migration] Context impl PostgresqlImpl.
INFO  [alembic.runtime.migration] Will assume transactional DDL.
通过：数据库迁移
应用已就绪：http://127.0.0.1:19493/gradio/；所属 PID=120196；Ctrl+C 退出
正在停止所属应用进程…
