
=================================== ERRORS ====================================
__________ ERROR collecting tests/contract/test_exam_assembly_api.py __________
ImportError while importing test module 'D:\YJX\MyCode\EduAgent\tests\contract\test_exam_assembly_api.py'.
Hint: make sure your test modules/packages have valid Python names.
Traceback:
D:\develop\Python\Lib\importlib\__init__.py:88: in import_module
    return _bootstrap._gcd_import(name[level:], package, level)
           ^^^^^^^^^^^^^^^^^^^^^^^^^^^^^^^^^^^^^^^^^^^^^^^^^^^^
tests\contract\test_exam_assembly_api.py:11: in <module>
    from backend.app.schemas.exam_assembly import AssemblyResponse
E   ImportError: cannot import name 'AssemblyResponse' from 'backend.app.schemas.exam_assembly' (D:\YJX\MyCode\EduAgent\backend\app\schemas\exam_assembly.py)
============================== warnings summary ===============================
..\..\..\develop\Python\Lib\site-packages\fastapi\testclient.py:1
  D:\develop\Python\Lib\site-packages\fastapi\testclient.py:1: StarletteDeprecationWarning: Using `httpx` with `starlette.testclient` is deprecated; install `httpx2` instead.
    from starlette.testclient import TestClient as TestClient  # noqa

-- Docs: https://docs.pytest.org/en/stable/how-to/capture-warnings.html
=========================== short test summary info ===========================
ERROR tests/contract/test_exam_assembly_api.py
!!!!!!!!!!!!!!!!!!! Interrupted: 1 error during collection !!!!!!!!!!!!!!!!!!!!
1 warning, 1 error in 1.08s
