FFFFFF.FF                                                                [100%]
================================== FAILURES ===================================
_________ test_cached_draft_cannot_mutate_after_publication[metadata] _________

database = (Engine(postgresql+psycopg://eduagent@127.0.0.1:5432/eduagent_e4_finish_3c487990ad44), {'actor': UUID('39bfa9ae-6c43-4...4e56-877d-f758db6f8155'), UUID('0727c811-3b7f-46e3-8b18-e7d4a1f7ef31'), UUID('7c987a73-e9c3-45f0-9ef4-ac96b58ff7d5')]})
operation = 'metadata'

    @pytest.mark.parametrize("operation", ["metadata", "add", "remove"])
    def test_cached_draft_cannot_mutate_after_publication(database, operation):
        engine, info = database
        with Session(engine, expire_on_commit=False) as stale:
            cached = stale.get(Exam, info["exam"])
            list(cached.exam_question_links)
            list(cached.questions)
            stale.commit()
            with Session(engine) as current:
                ExamService(current).publish_exam(info["exam"], teacher_id=info["actor"])
                before = facts(current, info["exam"])
>           with pytest.raises(ExamValidationError) as error:
                 ^^^^^^^^^^^^^^^^^^^^^^^^^^^^^^^^^^
E           Failed: DID NOT RAISE ExamValidationError

tests\integration\test_exam_lifecycle_freeze.py:41: Failed
___________ test_cached_draft_cannot_mutate_after_publication[add] ____________

database = (Engine(postgresql+psycopg://eduagent@127.0.0.1:5432/eduagent_e4_finish_3c487990ad44), {'actor': UUID('9bd54743-c570-4...4293-83c8-74c1f78b24ca'), UUID('8c83b2ce-421a-4e47-8231-6682de88049a'), UUID('757da2d0-b621-4bc6-b2e4-33eb0472e1c7')]})
operation = 'add'

    @pytest.mark.parametrize("operation", ["metadata", "add", "remove"])
    def test_cached_draft_cannot_mutate_after_publication(database, operation):
        engine, info = database
        with Session(engine, expire_on_commit=False) as stale:
            cached = stale.get(Exam, info["exam"])
            list(cached.exam_question_links)
            list(cached.questions)
            stale.commit()
            with Session(engine) as current:
                ExamService(current).publish_exam(info["exam"], teacher_id=info["actor"])
                before = facts(current, info["exam"])
>           with pytest.raises(ExamValidationError) as error:
                 ^^^^^^^^^^^^^^^^^^^^^^^^^^^^^^^^^^
E           Failed: DID NOT RAISE ExamValidationError

tests\integration\test_exam_lifecycle_freeze.py:41: Failed
__________ test_cached_draft_cannot_mutate_after_publication[remove] __________

database = (Engine(postgresql+psycopg://eduagent@127.0.0.1:5432/eduagent_e4_finish_3c487990ad44), {'actor': UUID('d88a279f-f496-4...494c-be3f-44764f070e0f'), UUID('18e6f3e4-3914-463f-a722-ad717f83ddca'), UUID('42bf973f-66e4-4716-8b9c-5ee5ce41022e')]})
operation = 'remove'

    @pytest.mark.parametrize("operation", ["metadata", "add", "remove"])
    def test_cached_draft_cannot_mutate_after_publication(database, operation):
        engine, info = database
        with Session(engine, expire_on_commit=False) as stale:
            cached = stale.get(Exam, info["exam"])
            list(cached.exam_question_links)
            list(cached.questions)
            stale.commit()
            with Session(engine) as current:
                ExamService(current).publish_exam(info["exam"], teacher_id=info["actor"])
                before = facts(current, info["exam"])
>           with pytest.raises(ExamValidationError) as error:
                 ^^^^^^^^^^^^^^^^^^^^^^^^^^^^^^^^^^
E           Failed: DID NOT RAISE ExamValidationError

tests\integration\test_exam_lifecycle_freeze.py:41: Failed
______ test_anomalous_draft_with_submission_remains_protected[metadata] _______

database = (Engine(postgresql+psycopg://eduagent@127.0.0.1:5432/eduagent_e4_finish_3c487990ad44), {'actor': UUID('f15cf961-fbe5-4...40a7-a3e6-c17492ce7182'), UUID('e5964ec6-cbb7-455b-aa20-8d8ba1c5750d'), UUID('bf74e8f1-487c-4f7b-8599-f8f28d2eb088')]})
operation = 'metadata'

    @pytest.mark.parametrize("operation", ["metadata", "add", "remove"])
    def test_anomalous_draft_with_submission_remains_protected(database, operation):
        engine, info = database
        with Session(engine) as session:
            student = add_user(session, UserRole.STUDENT, username="historical-student", email="historical-student@example.com")
            session.add(Submission(exam_id=info["exam"], student_id=student.id))
            session.commit()
            before = facts(session, info["exam"])
>           with pytest.raises(ExamValidationError) as error:
                 ^^^^^^^^^^^^^^^^^^^^^^^^^^^^^^^^^^
E           Failed: DID NOT RAISE ExamValidationError

tests\integration\test_exam_lifecycle_freeze.py:59: Failed
_________ test_anomalous_draft_with_submission_remains_protected[add] _________

database = (Engine(postgresql+psycopg://eduagent@127.0.0.1:5432/eduagent_e4_finish_3c487990ad44), {'actor': UUID('29550421-3d4f-4...4c86-a7eb-5647c054561c'), UUID('3635c904-3251-43c0-add6-877606217c1a'), UUID('3caea08f-c8b9-4041-8136-1f1068a8a348')]})
operation = 'add'

    @pytest.mark.parametrize("operation", ["metadata", "add", "remove"])
    def test_anomalous_draft_with_submission_remains_protected(database, operation):
        engine, info = database
        with Session(engine) as session:
            student = add_user(session, UserRole.STUDENT, username="historical-student", email="historical-student@example.com")
            session.add(Submission(exam_id=info["exam"], student_id=student.id))
            session.commit()
            before = facts(session, info["exam"])
>           with pytest.raises(ExamValidationError) as error:
                 ^^^^^^^^^^^^^^^^^^^^^^^^^^^^^^^^^^
E           Failed: DID NOT RAISE ExamValidationError

tests\integration\test_exam_lifecycle_freeze.py:59: Failed
_______ test_anomalous_draft_with_submission_remains_protected[remove] ________

database = (Engine(postgresql+psycopg://eduagent@127.0.0.1:5432/eduagent_e4_finish_3c487990ad44), {'actor': UUID('7af770d3-783c-4...4f75-a560-d67e1a3863c3'), UUID('303394e2-1c2e-445d-a2e4-c331ffa93cc4'), UUID('03d04a32-b68c-42ab-9168-242fe9bba37d')]})
operation = 'remove'

    @pytest.mark.parametrize("operation", ["metadata", "add", "remove"])
    def test_anomalous_draft_with_submission_remains_protected(database, operation):
        engine, info = database
        with Session(engine) as session:
            student = add_user(session, UserRole.STUDENT, username="historical-student", email="historical-student@example.com")
            session.add(Submission(exam_id=info["exam"], student_id=student.id))
            session.commit()
            before = facts(session, info["exam"])
>           with pytest.raises(ExamValidationError) as error:
                 ^^^^^^^^^^^^^^^^^^^^^^^^^^^^^^^^^^
E           Failed: DID NOT RAISE ExamValidationError

tests\integration\test_exam_lifecycle_freeze.py:59: Failed
___________ test_cached_student_cannot_start_submission_after_close ___________

database = (Engine(postgresql+psycopg://eduagent@127.0.0.1:5432/eduagent_e4_finish_3c487990ad44), {'actor': UUID('97a3a394-bff9-4...4783-9604-649b23fe938f'), UUID('948862fd-7442-4672-979e-314dae90f257'), UUID('470c7f6a-4fb9-4cf3-9ca6-8064625c9b9d')]})

    def test_cached_student_cannot_start_submission_after_close(database):
        engine, info = database
        with Session(engine) as session:
            student = add_user(session, UserRole.STUDENT, username="late-student", email="late-student@example.com")
            student_id = student.id
            session.add(ExamParticipant(exam_id=info["exam"], student_id=student_id))
            session.commit()
            ExamService(session).publish_exam(info["exam"], teacher_id=info["actor"])
        with Session(engine, expire_on_commit=False) as stale:
            cached = stale.get(Exam, info["exam"])
            list(cached.questions)
            stale.commit()
            with Session(engine) as current:
                ExamService(current).update_exam_status(info["exam"], ExamStatus.CLOSED, teacher_id=info["actor"])
>           with pytest.raises(SubmissionNotAvailableError):
                 ^^^^^^^^^^^^^^^^^^^^^^^^^^^^^^^^^^^^^^^^^^
E           Failed: DID NOT RAISE SubmissionNotAvailableError

tests\integration\test_exam_lifecycle_freeze.py:97: Failed
______ test_old_exam_writer_waits_course_lock_then_observes_publication _______

database = (Engine(postgresql+psycopg://eduagent@127.0.0.1:5432/eduagent_e4_finish_3c487990ad44), {'actor': UUID('9222bb77-d490-4...468d-bd7f-683567c77348'), UUID('64e1ca0c-7133-492a-904f-a2b927169f98'), UUID('aef6efae-c38b-42f1-9db8-81267c609427')]})

    def test_old_exam_writer_waits_course_lock_then_observes_publication(database):
        engine, info = database
        pid_queue = Queue()
        def late_writer():
            with Session(engine) as session:
                pid_queue.put(session.scalar(text("SELECT pg_backend_pid()")))
                try:
                    mutate(ExamService(session), info, "metadata")
                    return "unexpected_success"
                except ExamValidationError as error:
                    session.rollback()
                    return getattr(error, "code", None)
        with Session(engine) as publishing, ThreadPoolExecutor(max_workers=1) as workers:
            publishing.scalar(select(Course).where(Course.id == info["course"]).with_for_update())
            future = workers.submit(late_writer)
            writer_pid = pid_queue.get(timeout=5)
            try:
                deadline = monotonic() + 5
                blocked = False
                while monotonic() < deadline and not future.done():
                    with engine.connect() as observer:
                        blocked = bool(observer.scalar(text("SELECT cardinality(pg_blocking_pids(:pid)) > 0"), {"pid": writer_pid}))
                    if blocked:
                        break
                    sleep(0.02)
>               assert blocked, "old mutation must serialize behind the publication Course lock"
E               AssertionError: old mutation must serialize behind the publication Course lock
E               assert False

tests\integration\test_exam_lifecycle_freeze.py:129: AssertionError
=========================== short test summary info ===========================
FAILED tests/integration/test_exam_lifecycle_freeze.py::test_cached_draft_cannot_mutate_after_publication[metadata]
FAILED tests/integration/test_exam_lifecycle_freeze.py::test_cached_draft_cannot_mutate_after_publication[add]
FAILED tests/integration/test_exam_lifecycle_freeze.py::test_cached_draft_cannot_mutate_after_publication[remove]
FAILED tests/integration/test_exam_lifecycle_freeze.py::test_anomalous_draft_with_submission_remains_protected[metadata]
FAILED tests/integration/test_exam_lifecycle_freeze.py::test_anomalous_draft_with_submission_remains_protected[add]
FAILED tests/integration/test_exam_lifecycle_freeze.py::test_anomalous_draft_with_submission_remains_protected[remove]
FAILED tests/integration/test_exam_lifecycle_freeze.py::test_cached_student_cannot_start_submission_after_close
FAILED tests/integration/test_exam_lifecycle_freeze.py::test_old_exam_writer_waits_course_lock_then_observes_publication
8 failed, 1 passed in 17.82s
