I001 [*] Import block is un-sorted or un-formatted
  --> tests\integration\test_teacher_results_ui.py:3:1
   |
 1 |   """P2.3 教师结果页生产 loaders 与真实 Gradio 事件装配集成测试。"""
 2 |
 3 | / from __future__ import annotations
 4 | |
 5 | | import asyncio
 6 | | from dataclasses import dataclass
 7 | | from datetime import UTC, datetime
 8 | | from decimal import Decimal
 9 | | from typing import Any
10 | | from uuid import UUID
11 | |
12 | | import gradio as gr
13 | | import pytest
14 | | from gradio.state_holder import SessionState
15 | | from sqlalchemy import create_engine
16 | | from sqlalchemy.engine import Engine
17 | | from sqlalchemy.orm import Session
18 | | from sqlalchemy.pool import StaticPool
19 | |
20 | | import backend.app.api.results as results_api
21 | | from backend.app.api.results import ResultsQueryService
22 | | from backend.app.core.database import Base
23 | | from backend.app.domain.enums import (
24 | |     AnswerStatus,
25 | |     ExamStatus,
26 | |     GradingStatus,
27 | |     QuestionStatus,
28 | |     QuestionType,
29 | |     ReviewStatus,
30 | |     SubmissionStatus,
31 | |     UserRole,
32 | |     ValidationStatus,
33 | |     WorkflowStatus,
34 | | )
35 | | from backend.app.models import (
36 | |     Answer,
37 | |     Course,
38 | |     Exam,
39 | |     ExamQuestion,
40 | |     Question,
41 | |     Role,
42 | |     Submission,
43 | |     User,
44 | |     WorkflowRun,
45 | | )
46 | | from backend.app.schemas.grading import (
47 | |     ConfidenceDecisionDTO,
48 | |     DiagnosisReportDTO,
49 | |     DiagnosisStatus,
50 | |     ExamResultDTO,
51 | |     ExamResultStatus,
52 | |     MasteryByKnowledgePointDTO,
53 | |     QuestionResultDTO,
54 | |     WeakKnowledgePointDTO,
55 | | )
56 | | from backend.app.services.grading.diagnosis_report_store import DiagnosisReportStore
57 | | from backend.app.services.grading.grading_repository import DatabaseGradingRepository
58 | | from backend.app.services.workflow_checkpoint import WORKFLOW_RUN_KIND
59 | | from tests.support.exam_scoring_fixtures import confirm_synthetic_exam_basis
60 | | from backend.app.ui import results_loaders
61 | | from backend.app.ui.results_diagnosis import DIAGNOSIS_NOT_READY_MESSAGE
62 | | from backend.app.ui.results_view import (
63 | |     TeacherResultsView,
64 | |     configure_results_loaders,
65 | |     create_teacher_results_view,
66 | |     review_context_is_complete,
67 | | )
   | |_^
help: Organize imports
   |
58 | from backend.app.services.workflow_checkpoint import WORKFLOW_RUN_KIND
   - from tests.support.exam_scoring_fixtures import confirm_synthetic_exam_basis
59 | from backend.app.ui import results_loaders
--------------------------------------------------------------------------------
66 | )
67 + from tests.support.exam_scoring_fixtures import confirm_synthetic_exam_basis
68 |
   |

I001 [*] Import block is un-sorted or un-formatted
   --> tests\unit\services\test_student_fixed_exam.py:326:5
    |
325 |   def test_real_submit_event_postprocess_freezes_workspace(scenario, monkeypatch):
326 | /     import asyncio
327 | |     import gradio as gr
328 | |     from gradio.state_holder import SessionState
329 | |     import backend.app.ui.student_exam_view as ui
    | |_________________________________________________^
330 |
331 |       session, info, _root = scenario
    |
help: Organize imports
    |
326 |     import asyncio
327 +
328 |     import gradio as gr
329 |     from gradio.state_holder import SessionState
330 +
331 |     import backend.app.ui.student_exam_view as ui
    |

Found 2 errors.
[*] 2 fixable with the `--fix` option.
