.............................................................F.F.        [100%]
================================== FAILURES ===================================
___ test_only_enabled_assets_are_returned_and_download_requires_exam_grant ____

files_api = (<starlette.testclient.TestClient object at 0x0000020D3520E520>, <sqlalchemy.orm.session.Session object at 0x0000020D3...jZlM2U4NWUtNjExZi00NGY2LTg1ODktNDJiNTk0YmQxNDBlIiwidHlwZSI6ImFjY2VzcyJ9.Cvp-2phd_J2vUnfaNFzuWPbObqYJCKV2-pgIWBBHQeU'}])

    def test_only_enabled_assets_are_returned_and_download_requires_exam_grant(files_api):
        client, session, _files, _doc, _users, headers = files_api
        question, shown = question_and_asset(files_api)
        hidden = client.post(
            f"/api/questions/{question.id}/assets/upload", headers=headers[0],
            files={"file": ("hidden.png", png(), "image/png")},
        ).json()
        assert client.patch(visibility_url(question, shown), headers=headers[0], json={"student_visible": True}).status_code == 200
        # A true flag by itself does not make an unassigned question public.
        assert client.get("/api/files/" + shown["file_id"], headers=headers[2]).status_code == 403
        exam = opened_exam(files_api, question)
        detail = client.get(f"/api/submissions/exams/{exam.id}", headers=headers[2])
>       assert detail.status_code == 200, detail.text
E       AssertionError: {"detail":"FILE_MISSING：已登记文件缺失，请核对原材料。"}
E       assert 409 == 200
E        +  where 409 = <Response [409 Conflict]>.status_code

tests\contract\test_question_asset_visibility.py:96: AssertionError
_______ test_full_pages_and_same_byte_aliases_stay_private_even_if_true _______

files_api = (<starlette.testclient.TestClient object at 0x0000020D3AB38E20>, <sqlalchemy.orm.session.Session object at 0x0000020D3...zQyYTE1NzItMmJmNy00ZWU0LWFkMzAtNzc2N2ZiOTYyOTliIiwidHlwZSI6ImFjY2VzcyJ9.K4Ww9LYu8mqeUwaZKT5kYiZeDcrA3OmHkGdzxrvbQ2E'}])

    def test_full_pages_and_same_byte_aliases_stay_private_even_if_true(files_api):
        client, session, files, doc, users, headers = files_api
        service, page, _extracted = staged_case((session, doc, users[0], files.root))
        question, _uploaded = question_and_asset(files_api)
        payload = {"file_id": "p_" + page.id.hex, "source_page_id": str(page.id), "asset_type": "figure"}
        endpoint = f"/api/questions/{question.id}/assets"
        forbidden = client.post(endpoint, headers=headers[0], json=payload | {"student_visible": True})
        assert forbidden.status_code == 422, forbidden.text
        full = client.post(endpoint, headers=headers[0], json=payload)
        assert full.status_code == 201, full.text
        full_asset = full.json()
        assert client.patch(visibility_url(question, full_asset), headers=headers[0], json={"student_visible": True}).status_code == 422
        crop = client.post(endpoint, headers=headers[0], json=payload | {
            "region": {"bbox": [10, 10, 40, 30]}, "student_visible": True,
        })
        assert crop.status_code == 201, crop.text
        # A manually uploaded alias of a known complete page must not bypass its source policy.
        assert client.patch(visibility_url(question, _uploaded), headers=headers[0], json={"student_visible": True}).status_code == 422
        session.expire_all()
        for identity in (full_asset["id"], _uploaded["id"]):
            session.get(QuestionAsset, UUID(identity)).student_visible = True
        session.commit()
        exam = opened_exam(files_api, question)
        assets = client.get(endpoint, headers=headers[2])
        assert assets.status_code == 200
        assert [asset["id"] for asset in assets.json()] == [crop.json()["id"]]
        assert len(client.get(endpoint, headers=headers[0]).json()) == 3
        for file_id in (full_asset["file_id"], _uploaded["file_id"], "p_" + page.id.hex, "d_" + page.paper_import.document_id.hex):
            assert client.get("/api/files/" + file_id, headers=headers[2]).status_code == 403
        assert client.get("/api/files/" + crop.json()["file_id"], headers=headers[2]).status_code == 200
        detail = client.get(f"/api/submissions/exams/{exam.id}", headers=headers[2]).json()
>       assert [asset["id"] for asset in detail["questions"][0]["assets"]] == [crop.json()["id"]]
                                         ^^^^^^^^^^^^^^^^^^^
E       KeyError: 'questions'

tests\contract\test_question_asset_visibility.py:174: KeyError
============================== warnings summary ===============================
..\..\..\develop\Python\Lib\site-packages\fastapi\testclient.py:1
  D:\develop\Python\Lib\site-packages\fastapi\testclient.py:1: StarletteDeprecationWarning: Using `httpx` with `starlette.testclient` is deprecated; install `httpx2` instead.
    from starlette.testclient import TestClient as TestClient  # noqa

tests/unit/ui/test_exam_assembly_view.py::test_new_write_controls_exist_and_failure_clears_previous_confirmations
tests/unit/ui/test_review_view.py::test_registered_select_uses_row_from_two_dimensional_index
  D:\develop\Python\Lib\site-packages\gradio\components\dataframe.py:183: UserWarning: The `row_limits` parameter is not yet implemented.
    warnings.warn(

tests/unit/ui/test_review_view.py::test_registered_select_uses_row_from_two_dimensional_index
  D:\develop\Python\Lib\site-packages\gradio\components\dataframe.py:197: UserWarning: The `column_limits` parameter is not yet implemented.
    warnings.warn(

-- Docs: https://docs.pytest.org/en/stable/how-to/capture-warnings.html
=========================== short test summary info ===========================
FAILED tests/contract/test_question_asset_visibility.py::test_only_enabled_assets_are_returned_and_download_requires_exam_grant
FAILED tests/contract/test_question_asset_visibility.py::test_full_pages_and_same_byte_aliases_stay_private_even_if_true
2 failed, 63 passed, 4 warnings in 26.96s
