F....................F...........                                        [100%]
================================== FAILURES ===================================
____ test_details_display_fixed_basis_and_saved_context_without_rescaling _____

    def test_details_display_fixed_basis_and_saved_context_without_rescaling():
        value, detail, _ = case()
        value = value.model_copy(update={"course_context": "Actual saved model context."})
        detail = detail.model_copy(
            update={"scoring_input": value, "scoring_rubric": "Changed bank rubric."}
        )
        fields = review_view._detail_fields(detail)
        assert fields[2] == "6.68"
        assert "10.00" in fields[0] and value.question_content in fields[0]
        assert value.source_rubric in fields[6] and "Changed bank rubric." not in fields[6]
>       assert "3.34" in fields[6] and "3.33" in fields[6]
E       AssertionError: assert ('3.34' in '**原始评分标准：**\n\nOriginal three-point rubric: prepare, execute, record.\n\n**本场满分：** 10.00\u3000**原题满分：** 3.00\n\n**客观题规则：** 按本场满分应用既有确定性规则。')

tests\unit\ui\test_review_exam_inputs.py:69: AssertionError
__________________ test_select_item_renders_dual_pane_detail __________________

    def test_select_item_renders_dual_pane_detail() -> None:
        """选中记录后渲染学生答案、AI 评分、题目依据与检索依据。"""
    
        _install(_StubLoaders())
        render = view.select_review_item(_items(), _TEACHER_STATE, _SelectEvent(0))
    
        header, answer, score, reason = render[0], render[1], render[2], render[3]
        knowledge_points, reference_answer, rubric, evidence = (
            render[4],
            render[5],
            render[6],
            render[7],
        )
        selected, confirm, save, message = render[8], render[9], render[10], render[11]
    
        assert "学生甲" in header and "30%" in header
        assert "待人工复核" in header
        assert answer == "变量用于保存数据。"
>       assert score == 6.0
E       AssertionError: assert '6.00' == 6.0

tests\unit\ui\test_review_view.py:462: AssertionError
============================== warnings summary ===============================
tests/unit/ui/test_review_view.py::test_registered_select_uses_row_from_two_dimensional_index
  D:\develop\Python\Lib\site-packages\gradio\components\dataframe.py:197: UserWarning: The `column_limits` parameter is not yet implemented.
    warnings.warn(

tests/unit/ui/test_review_view.py::test_registered_select_uses_row_from_two_dimensional_index
  D:\develop\Python\Lib\site-packages\gradio\components\dataframe.py:183: UserWarning: The `row_limits` parameter is not yet implemented.
    warnings.warn(

-- Docs: https://docs.pytest.org/en/stable/how-to/capture-warnings.html
=========================== short test summary info ===========================
FAILED tests/unit/ui/test_review_exam_inputs.py::test_details_display_fixed_basis_and_saved_context_without_rescaling
FAILED tests/unit/ui/test_review_view.py::test_select_item_renders_dual_pane_detail
2 failed, 31 passed, 2 warnings in 16.59s
