........................................................................ [  2%]
........................................................................ [  5%]
..................F..................................................... [  8%]
........................................................................ [ 11%]
........................................................................ [ 14%]
........................................................................ [ 16%]
........................................................................ [ 19%]
........................................................................ [ 22%]
.F...................................................................... [ 25%]
.....................................FF................................. [ 28%]
.........s.............................................................. [ 30%]
...............................EEEEE...............F.................... [ 33%]
........................................................................ [ 36%]
........................................................................ [ 39%]
..................................................................FFFFFF [ 42%]
F....................................................................... [ 45%]
........................................................................ [ 47%]
........................................................................ [ 50%]
........................................................................ [ 53%]
........................................................................ [ 56%]
........................................................................ [ 59%]
........................................................................ [ 61%]
........................................................................ [ 64%]
..............F......................................................... [ 67%]
........................................................................ [ 70%]
........................................................................ [ 73%]
......................................................s................. [ 76%]
........................................................................ [ 78%]
........................................................................ [ 81%]
........................................................................ [ 84%]
........................................................................ [ 87%]
........................................................................ [ 90%]
........................................................................ [ 92%]
........................................................................ [ 95%]
........................................................................ [ 98%]
....................................                                     [100%]
=================================== ERRORS ====================================
_ ERROR at setup of test_course_selection_loads_exams_with_production_loaders _

    @pytest.fixture(scope="module")
    def teacher_ui_env() -> Any:
        """将生产 loader 的数据库工厂指向隔离数据库。"""
    
        engine = create_engine(
            "sqlite:///:memory:",
            connect_args={"check_same_thread": False},
            poolclass=StaticPool,
        )
        Base.metadata.create_all(engine)
>       ids = _seed_scenario(engine)
              ^^^^^^^^^^^^^^^^^^^^^^

tests\integration\test_teacher_results_ui.py:320: 
_ _ _ _ _ _ _ _ _ _ _ _ _ _ _ _ _ _ _ _ _ _ _ _ _ _ _ _ _ _ _ _ _ _ _ _ _ _ _ _
tests\integration\test_teacher_results_ui.py:175: in _seed_scenario
    repository.save_exam_result(_exam_result(ids, final=True))
backend\app\services\grading\grading_repository.py:403: in save_exam_result
    self.save_outcome(
backend\app\services\grading\grading_repository.py:464: in save_outcome
    self._upsert_result(
_ _ _ _ _ _ _ _ _ _ _ _ _ _ _ _ _ _ _ _ _ _ _ _ _ _ _ _ _ _ _ _ _ _ _ _ _ _ _ _

self = <backend.app.services.grading.grading_repository.DatabaseGradingRepository object at 0x000002879EE87B90>
session = <sqlalchemy.orm.session.Session object at 0x00000287890DE990>
submission = <backend.app.models.submission.Submission object at 0x0000028793A3F8B0>
payload = GradingResult(question_type=<QuestionType.SHORT_ANSWER: 'SHORT_ANSWER'>, score=Decimal('8.00'), max_score=Decimal('10....id='df2f1dd0-6d5f-4d9a-8aef-a95d2d01f955', submission_id='f1f8645a-884d-4b43-a618-a1c8a8c53d19', exam_question_id=None)
decisions = {'df2f1dd0-6d5f-4d9a-8aef-a95d2d01f955': ConfidenceDecision(confidence=0.95, threshold=0.8, requires_review=False, review_status='Not Required', grading_status='Accepted', reason='置信度不低于阈值，自动接受。')}
require_fixed_identity = False

    def _upsert_result(
        self,
        session: Session,
        submission: Submission,
        payload: GradingResultPayload,
        decisions: Mapping[str, ConfidenceDecision],
        *,
        require_fixed_identity: bool = False,
    ) -> None:
        """按 ``answer_id`` 就地写入单题结果与当次决策快照。"""
    
        if payload.answer_id is None:
            raise GradingTaskError("评分结果缺少答案标识，无法归属到答卷。")
        answer_uuid = _as_uuid(payload.answer_id)
        answer = session.get(Answer, answer_uuid)
        if answer is None or answer.submission_id != submission.id:
            raise GradingResultOwnershipError(
                f"答案 {payload.answer_id} 不属于目标答卷，拒绝写入评分结果。"
            )
        if payload.submission_id is not None and payload.submission_id != str(
            submission.id
        ):
            raise GradingResultOwnershipError("评分载荷的答卷身份与目标答卷不一致。")
        link = session.scalars(
            select(ExamQuestion).where(
                ExamQuestion.exam_id == submission.exam_id,
                ExamQuestion.question_id == answer.question_id,
            )
        ).one_or_none()
        if (
            link is None
            or link.score is None
            or link.published_knowledge_points is None
        ):
>           raise GradingResultOwnershipError("评分结果缺少真实本场关联或固定分值。")
E           backend.app.services.grading.grading_task_service.GradingResultOwnershipError: GRADING_RESULT_OWNERSHIP_MISMATCH：评分结果缺少真实本场关联或固定分值。

backend\app\services\grading\grading_repository.py:728: GradingResultOwnershipError
_ ERROR at setup of test_exam_selection_loads_students_with_production_loaders _

    @pytest.fixture(scope="module")
    def teacher_ui_env() -> Any:
        """将生产 loader 的数据库工厂指向隔离数据库。"""
    
        engine = create_engine(
            "sqlite:///:memory:",
            connect_args={"check_same_thread": False},
            poolclass=StaticPool,
        )
        Base.metadata.create_all(engine)
>       ids = _seed_scenario(engine)
              ^^^^^^^^^^^^^^^^^^^^^^

tests\integration\test_teacher_results_ui.py:320: 
_ _ _ _ _ _ _ _ _ _ _ _ _ _ _ _ _ _ _ _ _ _ _ _ _ _ _ _ _ _ _ _ _ _ _ _ _ _ _ _
tests\integration\test_teacher_results_ui.py:175: in _seed_scenario
    repository.save_exam_result(_exam_result(ids, final=True))
backend\app\services\grading\grading_repository.py:403: in save_exam_result
    self.save_outcome(
backend\app\services\grading\grading_repository.py:464: in save_outcome
    self._upsert_result(
_ _ _ _ _ _ _ _ _ _ _ _ _ _ _ _ _ _ _ _ _ _ _ _ _ _ _ _ _ _ _ _ _ _ _ _ _ _ _ _

self = <backend.app.services.grading.grading_repository.DatabaseGradingRepository object at 0x000002879EE87B90>
session = <sqlalchemy.orm.session.Session object at 0x00000287890DE990>
submission = <backend.app.models.submission.Submission object at 0x0000028793A3F8B0>
payload = GradingResult(question_type=<QuestionType.SHORT_ANSWER: 'SHORT_ANSWER'>, score=Decimal('8.00'), max_score=Decimal('10....id='df2f1dd0-6d5f-4d9a-8aef-a95d2d01f955', submission_id='f1f8645a-884d-4b43-a618-a1c8a8c53d19', exam_question_id=None)
decisions = {'df2f1dd0-6d5f-4d9a-8aef-a95d2d01f955': ConfidenceDecision(confidence=0.95, threshold=0.8, requires_review=False, review_status='Not Required', grading_status='Accepted', reason='置信度不低于阈值，自动接受。')}
require_fixed_identity = False

    def _upsert_result(
        self,
        session: Session,
        submission: Submission,
        payload: GradingResultPayload,
        decisions: Mapping[str, ConfidenceDecision],
        *,
        require_fixed_identity: bool = False,
    ) -> None:
        """按 ``answer_id`` 就地写入单题结果与当次决策快照。"""
    
        if payload.answer_id is None:
            raise GradingTaskError("评分结果缺少答案标识，无法归属到答卷。")
        answer_uuid = _as_uuid(payload.answer_id)
        answer = session.get(Answer, answer_uuid)
        if answer is None or answer.submission_id != submission.id:
            raise GradingResultOwnershipError(
                f"答案 {payload.answer_id} 不属于目标答卷，拒绝写入评分结果。"
            )
        if payload.submission_id is not None and payload.submission_id != str(
            submission.id
        ):
            raise GradingResultOwnershipError("评分载荷的答卷身份与目标答卷不一致。")
        link = session.scalars(
            select(ExamQuestion).where(
                ExamQuestion.exam_id == submission.exam_id,
                ExamQuestion.question_id == answer.question_id,
            )
        ).one_or_none()
        if (
            link is None
            or link.score is None
            or link.published_knowledge_points is None
        ):
>           raise GradingResultOwnershipError("评分结果缺少真实本场关联或固定分值。")
E           backend.app.services.grading.grading_task_service.GradingResultOwnershipError: GRADING_RESULT_OWNERSHIP_MISMATCH：评分结果缺少真实本场关联或固定分值。

backend\app\services\grading\grading_repository.py:728: GradingResultOwnershipError
____ ERROR at setup of test_teacher_summary_matches_results_query_service _____

    @pytest.fixture(scope="module")
    def teacher_ui_env() -> Any:
        """将生产 loader 的数据库工厂指向隔离数据库。"""
    
        engine = create_engine(
            "sqlite:///:memory:",
            connect_args={"check_same_thread": False},
            poolclass=StaticPool,
        )
        Base.metadata.create_all(engine)
>       ids = _seed_scenario(engine)
              ^^^^^^^^^^^^^^^^^^^^^^

tests\integration\test_teacher_results_ui.py:320: 
_ _ _ _ _ _ _ _ _ _ _ _ _ _ _ _ _ _ _ _ _ _ _ _ _ _ _ _ _ _ _ _ _ _ _ _ _ _ _ _
tests\integration\test_teacher_results_ui.py:175: in _seed_scenario
    repository.save_exam_result(_exam_result(ids, final=True))
backend\app\services\grading\grading_repository.py:403: in save_exam_result
    self.save_outcome(
backend\app\services\grading\grading_repository.py:464: in save_outcome
    self._upsert_result(
_ _ _ _ _ _ _ _ _ _ _ _ _ _ _ _ _ _ _ _ _ _ _ _ _ _ _ _ _ _ _ _ _ _ _ _ _ _ _ _

self = <backend.app.services.grading.grading_repository.DatabaseGradingRepository object at 0x000002879EE87B90>
session = <sqlalchemy.orm.session.Session object at 0x00000287890DE990>
submission = <backend.app.models.submission.Submission object at 0x0000028793A3F8B0>
payload = GradingResult(question_type=<QuestionType.SHORT_ANSWER: 'SHORT_ANSWER'>, score=Decimal('8.00'), max_score=Decimal('10....id='df2f1dd0-6d5f-4d9a-8aef-a95d2d01f955', submission_id='f1f8645a-884d-4b43-a618-a1c8a8c53d19', exam_question_id=None)
decisions = {'df2f1dd0-6d5f-4d9a-8aef-a95d2d01f955': ConfidenceDecision(confidence=0.95, threshold=0.8, requires_review=False, review_status='Not Required', grading_status='Accepted', reason='置信度不低于阈值，自动接受。')}
require_fixed_identity = False

    def _upsert_result(
        self,
        session: Session,
        submission: Submission,
        payload: GradingResultPayload,
        decisions: Mapping[str, ConfidenceDecision],
        *,
        require_fixed_identity: bool = False,
    ) -> None:
        """按 ``answer_id`` 就地写入单题结果与当次决策快照。"""
    
        if payload.answer_id is None:
            raise GradingTaskError("评分结果缺少答案标识，无法归属到答卷。")
        answer_uuid = _as_uuid(payload.answer_id)
        answer = session.get(Answer, answer_uuid)
        if answer is None or answer.submission_id != submission.id:
            raise GradingResultOwnershipError(
                f"答案 {payload.answer_id} 不属于目标答卷，拒绝写入评分结果。"
            )
        if payload.submission_id is not None and payload.submission_id != str(
            submission.id
        ):
            raise GradingResultOwnershipError("评分载荷的答卷身份与目标答卷不一致。")
        link = session.scalars(
            select(ExamQuestion).where(
                ExamQuestion.exam_id == submission.exam_id,
                ExamQuestion.question_id == answer.question_id,
            )
        ).one_or_none()
        if (
            link is None
            or link.score is None
            or link.published_knowledge_points is None
        ):
>           raise GradingResultOwnershipError("评分结果缺少真实本场关联或固定分值。")
E           backend.app.services.grading.grading_task_service.GradingResultOwnershipError: GRADING_RESULT_OWNERSHIP_MISMATCH：评分结果缺少真实本场关联或固定分值。

backend\app\services\grading\grading_repository.py:728: GradingResultOwnershipError
_ ERROR at setup of test_selected_student_renders_persisted_diagnosis_and_empty_state _

    @pytest.fixture(scope="module")
    def teacher_ui_env() -> Any:
        """将生产 loader 的数据库工厂指向隔离数据库。"""
    
        engine = create_engine(
            "sqlite:///:memory:",
            connect_args={"check_same_thread": False},
            poolclass=StaticPool,
        )
        Base.metadata.create_all(engine)
>       ids = _seed_scenario(engine)
              ^^^^^^^^^^^^^^^^^^^^^^

tests\integration\test_teacher_results_ui.py:320: 
_ _ _ _ _ _ _ _ _ _ _ _ _ _ _ _ _ _ _ _ _ _ _ _ _ _ _ _ _ _ _ _ _ _ _ _ _ _ _ _
tests\integration\test_teacher_results_ui.py:175: in _seed_scenario
    repository.save_exam_result(_exam_result(ids, final=True))
backend\app\services\grading\grading_repository.py:403: in save_exam_result
    self.save_outcome(
backend\app\services\grading\grading_repository.py:464: in save_outcome
    self._upsert_result(
_ _ _ _ _ _ _ _ _ _ _ _ _ _ _ _ _ _ _ _ _ _ _ _ _ _ _ _ _ _ _ _ _ _ _ _ _ _ _ _

self = <backend.app.services.grading.grading_repository.DatabaseGradingRepository object at 0x000002879EE87B90>
session = <sqlalchemy.orm.session.Session object at 0x00000287890DE990>
submission = <backend.app.models.submission.Submission object at 0x0000028793A3F8B0>
payload = GradingResult(question_type=<QuestionType.SHORT_ANSWER: 'SHORT_ANSWER'>, score=Decimal('8.00'), max_score=Decimal('10....id='df2f1dd0-6d5f-4d9a-8aef-a95d2d01f955', submission_id='f1f8645a-884d-4b43-a618-a1c8a8c53d19', exam_question_id=None)
decisions = {'df2f1dd0-6d5f-4d9a-8aef-a95d2d01f955': ConfidenceDecision(confidence=0.95, threshold=0.8, requires_review=False, review_status='Not Required', grading_status='Accepted', reason='置信度不低于阈值，自动接受。')}
require_fixed_identity = False

    def _upsert_result(
        self,
        session: Session,
        submission: Submission,
        payload: GradingResultPayload,
        decisions: Mapping[str, ConfidenceDecision],
        *,
        require_fixed_identity: bool = False,
    ) -> None:
        """按 ``answer_id`` 就地写入单题结果与当次决策快照。"""
    
        if payload.answer_id is None:
            raise GradingTaskError("评分结果缺少答案标识，无法归属到答卷。")
        answer_uuid = _as_uuid(payload.answer_id)
        answer = session.get(Answer, answer_uuid)
        if answer is None or answer.submission_id != submission.id:
            raise GradingResultOwnershipError(
                f"答案 {payload.answer_id} 不属于目标答卷，拒绝写入评分结果。"
            )
        if payload.submission_id is not None and payload.submission_id != str(
            submission.id
        ):
            raise GradingResultOwnershipError("评分载荷的答卷身份与目标答卷不一致。")
        link = session.scalars(
            select(ExamQuestion).where(
                ExamQuestion.exam_id == submission.exam_id,
                ExamQuestion.question_id == answer.question_id,
            )
        ).one_or_none()
        if (
            link is None
            or link.score is None
            or link.published_knowledge_points is None
        ):
>           raise GradingResultOwnershipError("评分结果缺少真实本场关联或固定分值。")
E           backend.app.services.grading.grading_task_service.GradingResultOwnershipError: GRADING_RESULT_OWNERSHIP_MISMATCH：评分结果缺少真实本场关联或固定分值。

backend\app\services\grading\grading_repository.py:728: GradingResultOwnershipError
________ ERROR at setup of test_pending_result_carries_review_context _________

    @pytest.fixture(scope="module")
    def teacher_ui_env() -> Any:
        """将生产 loader 的数据库工厂指向隔离数据库。"""
    
        engine = create_engine(
            "sqlite:///:memory:",
            connect_args={"check_same_thread": False},
            poolclass=StaticPool,
        )
        Base.metadata.create_all(engine)
>       ids = _seed_scenario(engine)
              ^^^^^^^^^^^^^^^^^^^^^^

tests\integration\test_teacher_results_ui.py:320: 
_ _ _ _ _ _ _ _ _ _ _ _ _ _ _ _ _ _ _ _ _ _ _ _ _ _ _ _ _ _ _ _ _ _ _ _ _ _ _ _
tests\integration\test_teacher_results_ui.py:175: in _seed_scenario
    repository.save_exam_result(_exam_result(ids, final=True))
backend\app\services\grading\grading_repository.py:403: in save_exam_result
    self.save_outcome(
backend\app\services\grading\grading_repository.py:464: in save_outcome
    self._upsert_result(
_ _ _ _ _ _ _ _ _ _ _ _ _ _ _ _ _ _ _ _ _ _ _ _ _ _ _ _ _ _ _ _ _ _ _ _ _ _ _ _

self = <backend.app.services.grading.grading_repository.DatabaseGradingRepository object at 0x000002879EE87B90>
session = <sqlalchemy.orm.session.Session object at 0x00000287890DE990>
submission = <backend.app.models.submission.Submission object at 0x0000028793A3F8B0>
payload = GradingResult(question_type=<QuestionType.SHORT_ANSWER: 'SHORT_ANSWER'>, score=Decimal('8.00'), max_score=Decimal('10....id='df2f1dd0-6d5f-4d9a-8aef-a95d2d01f955', submission_id='f1f8645a-884d-4b43-a618-a1c8a8c53d19', exam_question_id=None)
decisions = {'df2f1dd0-6d5f-4d9a-8aef-a95d2d01f955': ConfidenceDecision(confidence=0.95, threshold=0.8, requires_review=False, review_status='Not Required', grading_status='Accepted', reason='置信度不低于阈值，自动接受。')}
require_fixed_identity = False

    def _upsert_result(
        self,
        session: Session,
        submission: Submission,
        payload: GradingResultPayload,
        decisions: Mapping[str, ConfidenceDecision],
        *,
        require_fixed_identity: bool = False,
    ) -> None:
        """按 ``answer_id`` 就地写入单题结果与当次决策快照。"""
    
        if payload.answer_id is None:
            raise GradingTaskError("评分结果缺少答案标识，无法归属到答卷。")
        answer_uuid = _as_uuid(payload.answer_id)
        answer = session.get(Answer, answer_uuid)
        if answer is None or answer.submission_id != submission.id:
            raise GradingResultOwnershipError(
                f"答案 {payload.answer_id} 不属于目标答卷，拒绝写入评分结果。"
            )
        if payload.submission_id is not None and payload.submission_id != str(
            submission.id
        ):
            raise GradingResultOwnershipError("评分载荷的答卷身份与目标答卷不一致。")
        link = session.scalars(
            select(ExamQuestion).where(
                ExamQuestion.exam_id == submission.exam_id,
                ExamQuestion.question_id == answer.question_id,
            )
        ).one_or_none()
        if (
            link is None
            or link.score is None
            or link.published_knowledge_points is None
        ):
>           raise GradingResultOwnershipError("评分结果缺少真实本场关联或固定分值。")
E           backend.app.services.grading.grading_task_service.GradingResultOwnershipError: GRADING_RESULT_OWNERSHIP_MISMATCH：评分结果缺少真实本场关联或固定分值。

backend\app\services\grading\grading_repository.py:728: GradingResultOwnershipError
================================== FAILURES ===================================
_________ test_trigger_persists_results_and_reads_them_from_database __________

session = <sqlalchemy.orm.session.Session object at 0x0000028786776030>
mixed_scenario = {'teacher': <backend.app.models.user.User object at 0x000002878930DC10>, 'student': <backend.app.models.user.User obje....course.Course object at 0x000002878A532720>, 'exam': <backend.app.models.exam.Exam object at 0x0000028785474E50>, ...}
client_factory = <function client_factory.<locals>.factory at 0x0000028789342340>

    def test_trigger_persists_results_and_reads_them_from_database(
        session: Session, mixed_scenario, client_factory
    ) -> None:
        """TCR（2026-09-16，T056）：真实仓储装配下触发阅卷后结果确实落库，
        任务状态与单题结果均从数据库读取，且任务状态可持久化查询。
        """
    
        service = _database_service(session, subjective_scorer=_pending_review_scorer())
        client = client_factory(service)
        body = _trigger(client, mixed_scenario, mixed_scenario["teacher"])
        submission = mixed_scenario["submission"]
        objective_answer = mixed_scenario["objective_answer"]
        subjective_answer = mixed_scenario["subjective_answer"]
        assert isinstance(submission, Submission)
        assert isinstance(objective_answer, Answer)
        assert isinstance(subjective_answer, Answer)
    
        task = client.get(
            f"/api/grading/tasks/{body['task_id']}",
            headers=headers(mixed_scenario["teacher"], UserRole.TEACHER),
        )
        objective = client.get(
            f"/api/grading/submissions/{submission.id}/answers/{objective_answer.id}",
            headers=headers(mixed_scenario["teacher"], UserRole.TEACHER),
        )
        subjective = client.get(
            f"/api/grading/submissions/{submission.id}/answers/{subjective_answer.id}",
            headers=headers(mixed_scenario["teacher"], UserRole.TEACHER),
        )
    
        assert body["durable"] is True
        assert task.status_code == 200
>       assert task.json()["status"] == GradingTaskStatus.COMPLETED.value
E       AssertionError: assert 'Failed' == 'Completed'
E         
E         - Completed
E         + Failed

tests\contract\test_grading_api_contract.py:838: AssertionError
_____ test_old_save_cannot_overwrite_new_report_during_interleaved_update _____

    def test_old_save_cannot_overwrite_new_report_during_interleaved_update() -> None:
        with isolated_postgres_engine() as engine:
            with Session(engine) as session:
                fixture = seed_submission(session)
>           exam = _final_exam_result(engine, fixture)
                   ^^^^^^^^^^^^^^^^^^^^^^^^^^^^^^^^^^^

tests\integration\test_diagnosis_concurrency.py:33: 
_ _ _ _ _ _ _ _ _ _ _ _ _ _ _ _ _ _ _ _ _ _ _ _ _ _ _ _ _ _ _ _ _ _ _ _ _ _ _ _
tests\unit\grading\test_diagnosis_report_store.py:181: in _final_exam_result
    _repository(engine).save_outcome(
backend\app\services\grading\grading_repository.py:464: in save_outcome
    self._upsert_result(
_ _ _ _ _ _ _ _ _ _ _ _ _ _ _ _ _ _ _ _ _ _ _ _ _ _ _ _ _ _ _ _ _ _ _ _ _ _ _ _

self = <backend.app.services.grading.grading_repository.DatabaseGradingRepository object at 0x000002879961BF50>
session = <sqlalchemy.orm.session.Session object at 0x000002878CF5E990>
submission = <backend.app.models.submission.Submission object at 0x000002878CF89390>
payload = GradingResult(question_type=<QuestionType.SINGLE_CHOICE: 'SINGLE_CHOICE'>, score=Decimal('10.0'), max_score=Decimal('1...id='3a66926f-1510-424a-ba47-9590fd490960', submission_id='fa1a9c89-2df1-449f-837d-e93c5e930ce6', exam_question_id=None)
decisions = {'f3355c5b-d8f6-4754-8aae-a530392c059f': ConfidenceDecision(confidence=0.9, threshold=0.8, requires_review=False, review_status='Not Required', grading_status='Accepted', reason='置信度不低于阈值，自动接受。')}
require_fixed_identity = False

    def _upsert_result(
        self,
        session: Session,
        submission: Submission,
        payload: GradingResultPayload,
        decisions: Mapping[str, ConfidenceDecision],
        *,
        require_fixed_identity: bool = False,
    ) -> None:
        """按 ``answer_id`` 就地写入单题结果与当次决策快照。"""
    
        if payload.answer_id is None:
            raise GradingTaskError("评分结果缺少答案标识，无法归属到答卷。")
        answer_uuid = _as_uuid(payload.answer_id)
        answer = session.get(Answer, answer_uuid)
        if answer is None or answer.submission_id != submission.id:
            raise GradingResultOwnershipError(
                f"答案 {payload.answer_id} 不属于目标答卷，拒绝写入评分结果。"
            )
        if payload.submission_id is not None and payload.submission_id != str(
            submission.id
        ):
            raise GradingResultOwnershipError("评分载荷的答卷身份与目标答卷不一致。")
        link = session.scalars(
            select(ExamQuestion).where(
                ExamQuestion.exam_id == submission.exam_id,
                ExamQuestion.question_id == answer.question_id,
            )
        ).one_or_none()
        if (
            link is None
            or link.score is None
            or link.published_knowledge_points is None
        ):
>           raise GradingResultOwnershipError("评分结果缺少真实本场关联或固定分值。")
E           backend.app.services.grading.grading_task_service.GradingResultOwnershipError: GRADING_RESULT_OWNERSHIP_MISMATCH：评分结果缺少真实本场关联或固定分值。

backend\app\services\grading\grading_repository.py:728: GradingResultOwnershipError
_ test_only_complete_equivalent_fixed_basis_can_run[7.00-EXAM_SCORING_INPUT_NOT_SUPPORTED] _

historical = (<sqlalchemy.orm.session.Session object at 0x000002879DC33980>, <backend.app.models.user.User object at 0x000002878913...mission.Submission object at 0x000002879E0247E0>, <backend.app.models.answer.Answer object at 0x000002879D8A68F0>, ...)
score = '7.00', expected = 'EXAM_SCORING_INPUT_NOT_SUPPORTED'

    @pytest.mark.parametrize(
        "score,expected", [("5.00", None), ("7.00", "EXAM_SCORING_INPUT_NOT_SUPPORTED")]
    )
    def test_only_complete_equivalent_fixed_basis_can_run(historical, score, expected):
        session, teacher, exam, _question, submission, *_ = historical
        _fixed(exam, teacher, score)
        session.commit()
        snapshot = DatabaseGradingSubmissionReader(session=session).load(str(submission.id))
>       assert snapshot.scoring_basis_error == expected
E       AssertionError: assert None == 'EXAM_SCORING_INPUT_NOT_SUPPORTED'
E        +  where None = SubmissionSnapshot(submission_id='b3d82571-1572-4a01-b678-ea3d6aa6cd0a', exam_id='cb063e6c-0da1-4378-a98a-20120e027c10...ope=RetrievalScope(document_ids=(), chapter_ids=(), section_range=None, knowledge_points=()), scoring_basis_error=None).scoring_basis_error

tests\integration\test_exam_scoring_execution_gate.py:156: AssertionError
____________ test_current_bank_change_does_not_reauthorize_history ____________

historical = (<sqlalchemy.orm.session.Session object at 0x0000028791B71C70>, <backend.app.models.user.User object at 0x000002878968...mission.Submission object at 0x000002879E026360>, <backend.app.models.answer.Answer object at 0x000002878A47D4F0>, ...)

    def test_current_bank_change_does_not_reauthorize_history(historical):
        session, teacher, exam, question, submission, *_ = historical
        _fixed(exam, teacher)
        session.commit()
        question.score = Decimal("99.00")
        session.commit()
        snapshot = DatabaseGradingSubmissionReader(session=session).load(str(submission.id))
>       assert snapshot.scoring_basis_error == "EXAM_SCORING_INPUT_NOT_SUPPORTED"
E       AssertionError: assert None == 'EXAM_SCORING_INPUT_NOT_SUPPORTED'
E        +  where None = SubmissionSnapshot(submission_id='2166c087-4acd-4948-9fed-cfc0d9b70950', exam_id='8a9a051f-5ca6-4bdb-9013-243dd0d6cb4c...ope=RetrievalScope(document_ids=(), chapter_ids=(), section_range=None, knowledge_points=()), scoring_basis_error=None).scoring_basis_error

tests\integration\test_exam_scoring_execution_gate.py:171: AssertionError
_____________ test_grading_result_dto_is_reused_and_not_redefined _____________

    def test_grading_result_dto_is_reused_and_not_redefined() -> None:
        """评分结果必须复用 T010/T052 的 GradingResult，而不是第二套同名类型。"""
    
        grading = _grading_result()
        output = AgentOutput(
            agent_type=AgentType.GRADING,
            status=AgentStatus.SUCCESS,
            grading_result=grading,
            validation_status=ValidationStatus.VALIDATED,
        )
        assert output.grading_result is grading
>       assert isinstance(output.grading_result.score, float)
E       AssertionError: assert False
E        +  where False = isinstance(Decimal('8.5'), float)
E        +    where Decimal('8.5') = GradingResult(question_type=<QuestionType.SHORT_ANSWER: 'SHORT_ANSWER'>, score=Decimal('8.5'), max_score=Decimal('10.0...equired', retrieved_context_ids=['chunk-1'], answer_id='answer-1', submission_id='submission-1', exam_question_id=None).score
E        +      where GradingResult(question_type=<QuestionType.SHORT_ANSWER: 'SHORT_ANSWER'>, score=Decimal('8.5'), max_score=Decimal('10.0...equired', retrieved_context_ids=['chunk-1'], answer_id='answer-1', submission_id='submission-1', exam_question_id=None) = AgentOutput(agent_type=<AgentType.GRADING: 'Grading'>, status=<AgentStatus.SUCCESS: 'success'>, summary=None, validati...d_context=[], provider_name=None, model_version=None, retrieval_mode=None, model=None, prompt_version=None, error=None).grading_result

tests\unit\agents\test_agent_state.py:496: AssertionError
__________ test_recorder_saves_ready_report_with_real_exam_result_id __________

engine = Engine(sqlite:///:memory:)
fixture = SubmissionFixture(teacher_id=UUID('071d9a69-9bb2-42f3-a02f-4eeb45ee67db'), student_id=UUID('e400525b-4707-40a5-b067-93...wer_id=UUID('0f1bae84-2ab9-42fa-993c-d74094d6aee5'), subjective_answer_id=UUID('eb624075-ddec-4c62-bc16-af417ac6bd02'))

    def test_recorder_saves_ready_report_with_real_exam_result_id(
        engine: Engine,
        fixture: SubmissionFixture,
    ) -> None:
        """诊断按真实主键落库，来源时间取当次消费的汇总时间。"""
    
>       exam_result = _final_exam_result(engine, fixture)
                      ^^^^^^^^^^^^^^^^^^^^^^^^^^^^^^^^^^^

tests\unit\grading\test_diagnosis_report_store.py:234: 
_ _ _ _ _ _ _ _ _ _ _ _ _ _ _ _ _ _ _ _ _ _ _ _ _ _ _ _ _ _ _ _ _ _ _ _ _ _ _ _
tests\unit\grading\test_diagnosis_report_store.py:181: in _final_exam_result
    _repository(engine).save_outcome(
backend\app\services\grading\grading_repository.py:464: in save_outcome
    self._upsert_result(
_ _ _ _ _ _ _ _ _ _ _ _ _ _ _ _ _ _ _ _ _ _ _ _ _ _ _ _ _ _ _ _ _ _ _ _ _ _ _ _

self = <backend.app.services.grading.grading_repository.DatabaseGradingRepository object at 0x0000028787034710>
session = <sqlalchemy.orm.session.Session object at 0x0000028790DD18B0>
submission = <backend.app.models.submission.Submission object at 0x00000287944CE2B0>
payload = GradingResult(question_type=<QuestionType.SINGLE_CHOICE: 'SINGLE_CHOICE'>, score=Decimal('10.0'), max_score=Decimal('1...id='0f1bae84-2ab9-42fa-993c-d74094d6aee5', submission_id='455c5570-e4b9-4524-9f0a-e8c6c3276a7e', exam_question_id=None)
decisions = {'eb624075-ddec-4c62-bc16-af417ac6bd02': ConfidenceDecision(confidence=0.9, threshold=0.8, requires_review=False, review_status='Not Required', grading_status='Accepted', reason='置信度不低于阈值，自动接受。')}
require_fixed_identity = False

    def _upsert_result(
        self,
        session: Session,
        submission: Submission,
        payload: GradingResultPayload,
        decisions: Mapping[str, ConfidenceDecision],
        *,
        require_fixed_identity: bool = False,
    ) -> None:
        """按 ``answer_id`` 就地写入单题结果与当次决策快照。"""
    
        if payload.answer_id is None:
            raise GradingTaskError("评分结果缺少答案标识，无法归属到答卷。")
        answer_uuid = _as_uuid(payload.answer_id)
        answer = session.get(Answer, answer_uuid)
        if answer is None or answer.submission_id != submission.id:
            raise GradingResultOwnershipError(
                f"答案 {payload.answer_id} 不属于目标答卷，拒绝写入评分结果。"
            )
        if payload.submission_id is not None and payload.submission_id != str(
            submission.id
        ):
            raise GradingResultOwnershipError("评分载荷的答卷身份与目标答卷不一致。")
        link = session.scalars(
            select(ExamQuestion).where(
                ExamQuestion.exam_id == submission.exam_id,
                ExamQuestion.question_id == answer.question_id,
            )
        ).one_or_none()
        if (
            link is None
            or link.score is None
            or link.published_knowledge_points is None
        ):
>           raise GradingResultOwnershipError("评分结果缺少真实本场关联或固定分值。")
E           backend.app.services.grading.grading_task_service.GradingResultOwnershipError: GRADING_RESULT_OWNERSHIP_MISMATCH：评分结果缺少真实本场关联或固定分值。

backend\app\services\grading\grading_repository.py:728: GradingResultOwnershipError
______________ test_read_returns_stale_when_exam_result_updates _______________

engine = Engine(sqlite:///:memory:)
fixture = SubmissionFixture(teacher_id=UUID('6b539d39-f377-4df0-b8f3-4cd870bf655a'), student_id=UUID('99cc812e-9787-47ea-bcdd-fd...wer_id=UUID('945e216e-8e16-4827-90e1-da60fb05ac32'), subjective_answer_id=UUID('9cf42a7e-f0f3-4628-8a06-dea25b76f5d4'))

    def test_read_returns_stale_when_exam_result_updates(
        engine: Engine,
        fixture: SubmissionFixture,
    ) -> None:
        """整卷重新汇总后，旧诊断被判定为过期。"""
    
>       exam_result = _final_exam_result(engine, fixture)
                      ^^^^^^^^^^^^^^^^^^^^^^^^^^^^^^^^^^^

tests\unit\grading\test_diagnosis_report_store.py:264: 
_ _ _ _ _ _ _ _ _ _ _ _ _ _ _ _ _ _ _ _ _ _ _ _ _ _ _ _ _ _ _ _ _ _ _ _ _ _ _ _
tests\unit\grading\test_diagnosis_report_store.py:181: in _final_exam_result
    _repository(engine).save_outcome(
backend\app\services\grading\grading_repository.py:464: in save_outcome
    self._upsert_result(
_ _ _ _ _ _ _ _ _ _ _ _ _ _ _ _ _ _ _ _ _ _ _ _ _ _ _ _ _ _ _ _ _ _ _ _ _ _ _ _

self = <backend.app.services.grading.grading_repository.DatabaseGradingRepository object at 0x000002879ECBAAB0>
session = <sqlalchemy.orm.session.Session object at 0x000002879D7309B0>
submission = <backend.app.models.submission.Submission object at 0x000002879779CB50>
payload = GradingResult(question_type=<QuestionType.SINGLE_CHOICE: 'SINGLE_CHOICE'>, score=Decimal('10.0'), max_score=Decimal('1...id='945e216e-8e16-4827-90e1-da60fb05ac32', submission_id='a9ca3334-0524-4ac3-b776-19ddbd41871f', exam_question_id=None)
decisions = {'9cf42a7e-f0f3-4628-8a06-dea25b76f5d4': ConfidenceDecision(confidence=0.9, threshold=0.8, requires_review=False, review_status='Not Required', grading_status='Accepted', reason='置信度不低于阈值，自动接受。')}
require_fixed_identity = False

    def _upsert_result(
        self,
        session: Session,
        submission: Submission,
        payload: GradingResultPayload,
        decisions: Mapping[str, ConfidenceDecision],
        *,
        require_fixed_identity: bool = False,
    ) -> None:
        """按 ``answer_id`` 就地写入单题结果与当次决策快照。"""
    
        if payload.answer_id is None:
            raise GradingTaskError("评分结果缺少答案标识，无法归属到答卷。")
        answer_uuid = _as_uuid(payload.answer_id)
        answer = session.get(Answer, answer_uuid)
        if answer is None or answer.submission_id != submission.id:
            raise GradingResultOwnershipError(
                f"答案 {payload.answer_id} 不属于目标答卷，拒绝写入评分结果。"
            )
        if payload.submission_id is not None and payload.submission_id != str(
            submission.id
        ):
            raise GradingResultOwnershipError("评分载荷的答卷身份与目标答卷不一致。")
        link = session.scalars(
            select(ExamQuestion).where(
                ExamQuestion.exam_id == submission.exam_id,
                ExamQuestion.question_id == answer.question_id,
            )
        ).one_or_none()
        if (
            link is None
            or link.score is None
            or link.published_knowledge_points is None
        ):
>           raise GradingResultOwnershipError("评分结果缺少真实本场关联或固定分值。")
E           backend.app.services.grading.grading_task_service.GradingResultOwnershipError: GRADING_RESULT_OWNERSHIP_MISMATCH：评分结果缺少真实本场关联或固定分值。

backend\app\services\grading\grading_repository.py:728: GradingResultOwnershipError
________________ test_recorder_does_not_store_not_ready_result ________________

engine = Engine(sqlite:///:memory:)
fixture = SubmissionFixture(teacher_id=UUID('3f85597c-cc75-422d-8c73-4246bf54305d'), student_id=UUID('9e9a8c2d-ea52-45a3-be29-9f...wer_id=UUID('eda623bf-06df-4699-ac43-0a7613ee3832'), subjective_answer_id=UUID('796ebb12-3415-4251-a1e9-939c228f4e41'))

    def test_recorder_does_not_store_not_ready_result(
        engine: Engine,
        fixture: SubmissionFixture,
    ) -> None:
        """非最终成绩不生成、不落库诊断。"""
    
>       exam_result = _final_exam_result(engine, fixture)
                      ^^^^^^^^^^^^^^^^^^^^^^^^^^^^^^^^^^^

tests\unit\grading\test_diagnosis_report_store.py:287: 
_ _ _ _ _ _ _ _ _ _ _ _ _ _ _ _ _ _ _ _ _ _ _ _ _ _ _ _ _ _ _ _ _ _ _ _ _ _ _ _
tests\unit\grading\test_diagnosis_report_store.py:181: in _final_exam_result
    _repository(engine).save_outcome(
backend\app\services\grading\grading_repository.py:464: in save_outcome
    self._upsert_result(
_ _ _ _ _ _ _ _ _ _ _ _ _ _ _ _ _ _ _ _ _ _ _ _ _ _ _ _ _ _ _ _ _ _ _ _ _ _ _ _

self = <backend.app.services.grading.grading_repository.DatabaseGradingRepository object at 0x000002879EA8A450>
session = <sqlalchemy.orm.session.Session object at 0x000002879D730230>
submission = <backend.app.models.submission.Submission object at 0x000002879779E6D0>
payload = GradingResult(question_type=<QuestionType.SINGLE_CHOICE: 'SINGLE_CHOICE'>, score=Decimal('10.0'), max_score=Decimal('1...id='eda623bf-06df-4699-ac43-0a7613ee3832', submission_id='1238f4dc-4e09-4464-ada2-87f246a6877e', exam_question_id=None)
decisions = {'796ebb12-3415-4251-a1e9-939c228f4e41': ConfidenceDecision(confidence=0.9, threshold=0.8, requires_review=False, review_status='Not Required', grading_status='Accepted', reason='置信度不低于阈值，自动接受。')}
require_fixed_identity = False

    def _upsert_result(
        self,
        session: Session,
        submission: Submission,
        payload: GradingResultPayload,
        decisions: Mapping[str, ConfidenceDecision],
        *,
        require_fixed_identity: bool = False,
    ) -> None:
        """按 ``answer_id`` 就地写入单题结果与当次决策快照。"""
    
        if payload.answer_id is None:
            raise GradingTaskError("评分结果缺少答案标识，无法归属到答卷。")
        answer_uuid = _as_uuid(payload.answer_id)
        answer = session.get(Answer, answer_uuid)
        if answer is None or answer.submission_id != submission.id:
            raise GradingResultOwnershipError(
                f"答案 {payload.answer_id} 不属于目标答卷，拒绝写入评分结果。"
            )
        if payload.submission_id is not None and payload.submission_id != str(
            submission.id
        ):
            raise GradingResultOwnershipError("评分载荷的答卷身份与目标答卷不一致。")
        link = session.scalars(
            select(ExamQuestion).where(
                ExamQuestion.exam_id == submission.exam_id,
                ExamQuestion.question_id == answer.question_id,
            )
        ).one_or_none()
        if (
            link is None
            or link.score is None
            or link.published_knowledge_points is None
        ):
>           raise GradingResultOwnershipError("评分结果缺少真实本场关联或固定分值。")
E           backend.app.services.grading.grading_task_service.GradingResultOwnershipError: GRADING_RESULT_OWNERSHIP_MISMATCH：评分结果缺少真实本场关联或固定分值。

backend\app\services\grading\grading_repository.py:728: GradingResultOwnershipError
_________________ test_save_refuses_to_overwrite_newer_result _________________

engine = Engine(sqlite:///:memory:)
fixture = SubmissionFixture(teacher_id=UUID('7cf277fa-f8c8-4411-8373-f7b2907b4cf9'), student_id=UUID('ab4693e5-5238-46e8-8ba8-30...wer_id=UUID('9b5edafe-a079-4e9c-9e83-88af8a7777ae'), subjective_answer_id=UUID('8ce54dce-72ff-4e37-bb9f-1558b88e500c'))

    def test_save_refuses_to_overwrite_newer_result(
        engine: Engine,
        fixture: SubmissionFixture,
    ) -> None:
        """旧结果生成的报告不得覆盖新结果，返回 Stale 且不写入。"""
    
>       exam_result = _final_exam_result(engine, fixture)
                      ^^^^^^^^^^^^^^^^^^^^^^^^^^^^^^^^^^^

tests\unit\grading\test_diagnosis_report_store.py:319: 
_ _ _ _ _ _ _ _ _ _ _ _ _ _ _ _ _ _ _ _ _ _ _ _ _ _ _ _ _ _ _ _ _ _ _ _ _ _ _ _
tests\unit\grading\test_diagnosis_report_store.py:181: in _final_exam_result
    _repository(engine).save_outcome(
backend\app\services\grading\grading_repository.py:464: in save_outcome
    self._upsert_result(
_ _ _ _ _ _ _ _ _ _ _ _ _ _ _ _ _ _ _ _ _ _ _ _ _ _ _ _ _ _ _ _ _ _ _ _ _ _ _ _

self = <backend.app.services.grading.grading_repository.DatabaseGradingRepository object at 0x000002879EA89BB0>
session = <sqlalchemy.orm.session.Session object at 0x000002879926DE50>
submission = <backend.app.models.submission.Submission object at 0x0000028796DB2F10>
payload = GradingResult(question_type=<QuestionType.SINGLE_CHOICE: 'SINGLE_CHOICE'>, score=Decimal('10.0'), max_score=Decimal('1...id='9b5edafe-a079-4e9c-9e83-88af8a7777ae', submission_id='b9035ae4-4498-43d1-b200-1a90be640cb0', exam_question_id=None)
decisions = {'8ce54dce-72ff-4e37-bb9f-1558b88e500c': ConfidenceDecision(confidence=0.9, threshold=0.8, requires_review=False, review_status='Not Required', grading_status='Accepted', reason='置信度不低于阈值，自动接受。')}
require_fixed_identity = False

    def _upsert_result(
        self,
        session: Session,
        submission: Submission,
        payload: GradingResultPayload,
        decisions: Mapping[str, ConfidenceDecision],
        *,
        require_fixed_identity: bool = False,
    ) -> None:
        """按 ``answer_id`` 就地写入单题结果与当次决策快照。"""
    
        if payload.answer_id is None:
            raise GradingTaskError("评分结果缺少答案标识，无法归属到答卷。")
        answer_uuid = _as_uuid(payload.answer_id)
        answer = session.get(Answer, answer_uuid)
        if answer is None or answer.submission_id != submission.id:
            raise GradingResultOwnershipError(
                f"答案 {payload.answer_id} 不属于目标答卷，拒绝写入评分结果。"
            )
        if payload.submission_id is not None and payload.submission_id != str(
            submission.id
        ):
            raise GradingResultOwnershipError("评分载荷的答卷身份与目标答卷不一致。")
        link = session.scalars(
            select(ExamQuestion).where(
                ExamQuestion.exam_id == submission.exam_id,
                ExamQuestion.question_id == answer.question_id,
            )
        ).one_or_none()
        if (
            link is None
            or link.score is None
            or link.published_knowledge_points is None
        ):
>           raise GradingResultOwnershipError("评分结果缺少真实本场关联或固定分值。")
E           backend.app.services.grading.grading_task_service.GradingResultOwnershipError: GRADING_RESULT_OWNERSHIP_MISMATCH：评分结果缺少真实本场关联或固定分值。

backend\app\services\grading\grading_repository.py:728: GradingResultOwnershipError
__________________ test_save_rejects_result_no_longer_final ___________________

engine = Engine(sqlite:///:memory:)
fixture = SubmissionFixture(teacher_id=UUID('a70c31a7-404e-4242-9638-698c6a56c84f'), student_id=UUID('011958b7-601e-4131-9fd0-3c...wer_id=UUID('2e503694-fc18-4831-acf7-747539728ec3'), subjective_answer_id=UUID('9cc32142-9343-4fa7-9a7e-d1620df89743'))

    def test_save_rejects_result_no_longer_final(engine: Engine, fixture: SubmissionFixture) -> None:
>       exam = _final_exam_result(engine, fixture)
               ^^^^^^^^^^^^^^^^^^^^^^^^^^^^^^^^^^^

tests\unit\grading\test_diagnosis_report_store.py:339: 
_ _ _ _ _ _ _ _ _ _ _ _ _ _ _ _ _ _ _ _ _ _ _ _ _ _ _ _ _ _ _ _ _ _ _ _ _ _ _ _
tests\unit\grading\test_diagnosis_report_store.py:181: in _final_exam_result
    _repository(engine).save_outcome(
backend\app\services\grading\grading_repository.py:464: in save_outcome
    self._upsert_result(
_ _ _ _ _ _ _ _ _ _ _ _ _ _ _ _ _ _ _ _ _ _ _ _ _ _ _ _ _ _ _ _ _ _ _ _ _ _ _ _

self = <backend.app.services.grading.grading_repository.DatabaseGradingRepository object at 0x000002879EB78E30>
session = <sqlalchemy.orm.session.Session object at 0x000002879D7305F0>
submission = <backend.app.models.submission.Submission object at 0x000002879779CB50>
payload = GradingResult(question_type=<QuestionType.SINGLE_CHOICE: 'SINGLE_CHOICE'>, score=Decimal('10.0'), max_score=Decimal('1...id='2e503694-fc18-4831-acf7-747539728ec3', submission_id='903244e8-fe98-4fe0-be76-fed1e2e62678', exam_question_id=None)
decisions = {'9cc32142-9343-4fa7-9a7e-d1620df89743': ConfidenceDecision(confidence=0.9, threshold=0.8, requires_review=False, review_status='Not Required', grading_status='Accepted', reason='置信度不低于阈值，自动接受。')}
require_fixed_identity = False

    def _upsert_result(
        self,
        session: Session,
        submission: Submission,
        payload: GradingResultPayload,
        decisions: Mapping[str, ConfidenceDecision],
        *,
        require_fixed_identity: bool = False,
    ) -> None:
        """按 ``answer_id`` 就地写入单题结果与当次决策快照。"""
    
        if payload.answer_id is None:
            raise GradingTaskError("评分结果缺少答案标识，无法归属到答卷。")
        answer_uuid = _as_uuid(payload.answer_id)
        answer = session.get(Answer, answer_uuid)
        if answer is None or answer.submission_id != submission.id:
            raise GradingResultOwnershipError(
                f"答案 {payload.answer_id} 不属于目标答卷，拒绝写入评分结果。"
            )
        if payload.submission_id is not None and payload.submission_id != str(
            submission.id
        ):
            raise GradingResultOwnershipError("评分载荷的答卷身份与目标答卷不一致。")
        link = session.scalars(
            select(ExamQuestion).where(
                ExamQuestion.exam_id == submission.exam_id,
                ExamQuestion.question_id == answer.question_id,
            )
        ).one_or_none()
        if (
            link is None
            or link.score is None
            or link.published_knowledge_points is None
        ):
>           raise GradingResultOwnershipError("评分结果缺少真实本场关联或固定分值。")
E           backend.app.services.grading.grading_task_service.GradingResultOwnershipError: GRADING_RESULT_OWNERSHIP_MISMATCH：评分结果缺少真实本场关联或固定分值。

backend\app\services\grading\grading_repository.py:728: GradingResultOwnershipError
_______________ test_failed_report_keeps_error_code_and_scores ________________

engine = Engine(sqlite:///:memory:)
fixture = SubmissionFixture(teacher_id=UUID('2ea6a4c5-2760-4cdf-8ad2-3482e9a453b3'), student_id=UUID('912f950a-da54-4860-8aff-6d...wer_id=UUID('3985c511-ff11-4ee6-be7b-c2e4f00dc6e4'), subjective_answer_id=UUID('a731ef5b-3749-49b4-8864-21a933a82b7b'))

    def test_failed_report_keeps_error_code_and_scores(
        engine: Engine,
        fixture: SubmissionFixture,
    ) -> None:
        """诊断失败按 Failed 落库并保留错误码，已提交成绩不受影响。"""
    
>       exam_result = _final_exam_result(engine, fixture)
                      ^^^^^^^^^^^^^^^^^^^^^^^^^^^^^^^^^^^

tests\unit\grading\test_diagnosis_report_store.py:357: 
_ _ _ _ _ _ _ _ _ _ _ _ _ _ _ _ _ _ _ _ _ _ _ _ _ _ _ _ _ _ _ _ _ _ _ _ _ _ _ _
tests\unit\grading\test_diagnosis_report_store.py:181: in _final_exam_result
    _repository(engine).save_outcome(
backend\app\services\grading\grading_repository.py:464: in save_outcome
    self._upsert_result(
_ _ _ _ _ _ _ _ _ _ _ _ _ _ _ _ _ _ _ _ _ _ _ _ _ _ _ _ _ _ _ _ _ _ _ _ _ _ _ _

self = <backend.app.services.grading.grading_repository.DatabaseGradingRepository object at 0x000002879EB7A6F0>
session = <sqlalchemy.orm.session.Session object at 0x000002879D6C24E0>
submission = <backend.app.models.submission.Submission object at 0x000002879779FA10>
payload = GradingResult(question_type=<QuestionType.SINGLE_CHOICE: 'SINGLE_CHOICE'>, score=Decimal('10.0'), max_score=Decimal('1...id='3985c511-ff11-4ee6-be7b-c2e4f00dc6e4', submission_id='773ed7ee-ebb9-436f-96a2-91127f13a4d7', exam_question_id=None)
decisions = {'a731ef5b-3749-49b4-8864-21a933a82b7b': ConfidenceDecision(confidence=0.9, threshold=0.8, requires_review=False, review_status='Not Required', grading_status='Accepted', reason='置信度不低于阈值，自动接受。')}
require_fixed_identity = False

    def _upsert_result(
        self,
        session: Session,
        submission: Submission,
        payload: GradingResultPayload,
        decisions: Mapping[str, ConfidenceDecision],
        *,
        require_fixed_identity: bool = False,
    ) -> None:
        """按 ``answer_id`` 就地写入单题结果与当次决策快照。"""
    
        if payload.answer_id is None:
            raise GradingTaskError("评分结果缺少答案标识，无法归属到答卷。")
        answer_uuid = _as_uuid(payload.answer_id)
        answer = session.get(Answer, answer_uuid)
        if answer is None or answer.submission_id != submission.id:
            raise GradingResultOwnershipError(
                f"答案 {payload.answer_id} 不属于目标答卷，拒绝写入评分结果。"
            )
        if payload.submission_id is not None and payload.submission_id != str(
            submission.id
        ):
            raise GradingResultOwnershipError("评分载荷的答卷身份与目标答卷不一致。")
        link = session.scalars(
            select(ExamQuestion).where(
                ExamQuestion.exam_id == submission.exam_id,
                ExamQuestion.question_id == answer.question_id,
            )
        ).one_or_none()
        if (
            link is None
            or link.score is None
            or link.published_knowledge_points is None
        ):
>           raise GradingResultOwnershipError("评分结果缺少真实本场关联或固定分值。")
E           backend.app.services.grading.grading_task_service.GradingResultOwnershipError: GRADING_RESULT_OWNERSHIP_MISMATCH：评分结果缺少真实本场关联或固定分值。

backend\app\services\grading\grading_repository.py:728: GradingResultOwnershipError
__________ test_read_without_report_returns_not_ready_without_write ___________

engine = Engine(sqlite:///:memory:)
fixture = SubmissionFixture(teacher_id=UUID('09113850-9f6c-4b60-874e-3aa69921baa4'), student_id=UUID('5069408b-4ecf-48a7-8322-64...wer_id=UUID('b65df7a5-6c19-45c1-bf68-8090941c12c1'), subjective_answer_id=UUID('2cf3c38c-31c8-421e-a21a-482fe1a9c91b'))

    def test_read_without_report_returns_not_ready_without_write(
        engine: Engine,
        fixture: SubmissionFixture,
    ) -> None:
        """未生成报告时返回明确空态，且读取不写库。"""
    
>       exam_result = _final_exam_result(engine, fixture)
                      ^^^^^^^^^^^^^^^^^^^^^^^^^^^^^^^^^^^

tests\unit\grading\test_diagnosis_report_store.py:390: 
_ _ _ _ _ _ _ _ _ _ _ _ _ _ _ _ _ _ _ _ _ _ _ _ _ _ _ _ _ _ _ _ _ _ _ _ _ _ _ _
tests\unit\grading\test_diagnosis_report_store.py:181: in _final_exam_result
    _repository(engine).save_outcome(
backend\app\services\grading\grading_repository.py:464: in save_outcome
    self._upsert_result(
_ _ _ _ _ _ _ _ _ _ _ _ _ _ _ _ _ _ _ _ _ _ _ _ _ _ _ _ _ _ _ _ _ _ _ _ _ _ _ _

self = <backend.app.services.grading.grading_repository.DatabaseGradingRepository object at 0x000002879ECB8D70>
session = <sqlalchemy.orm.session.Session object at 0x000002879D6C0410>
submission = <backend.app.models.submission.Submission object at 0x000002879E5B4260>
payload = GradingResult(question_type=<QuestionType.SINGLE_CHOICE: 'SINGLE_CHOICE'>, score=Decimal('10.0'), max_score=Decimal('1...id='b65df7a5-6c19-45c1-bf68-8090941c12c1', submission_id='2702e28c-5a10-420a-8c19-944e2ede4587', exam_question_id=None)
decisions = {'2cf3c38c-31c8-421e-a21a-482fe1a9c91b': ConfidenceDecision(confidence=0.9, threshold=0.8, requires_review=False, review_status='Not Required', grading_status='Accepted', reason='置信度不低于阈值，自动接受。')}
require_fixed_identity = False

    def _upsert_result(
        self,
        session: Session,
        submission: Submission,
        payload: GradingResultPayload,
        decisions: Mapping[str, ConfidenceDecision],
        *,
        require_fixed_identity: bool = False,
    ) -> None:
        """按 ``answer_id`` 就地写入单题结果与当次决策快照。"""
    
        if payload.answer_id is None:
            raise GradingTaskError("评分结果缺少答案标识，无法归属到答卷。")
        answer_uuid = _as_uuid(payload.answer_id)
        answer = session.get(Answer, answer_uuid)
        if answer is None or answer.submission_id != submission.id:
            raise GradingResultOwnershipError(
                f"答案 {payload.answer_id} 不属于目标答卷，拒绝写入评分结果。"
            )
        if payload.submission_id is not None and payload.submission_id != str(
            submission.id
        ):
            raise GradingResultOwnershipError("评分载荷的答卷身份与目标答卷不一致。")
        link = session.scalars(
            select(ExamQuestion).where(
                ExamQuestion.exam_id == submission.exam_id,
                ExamQuestion.question_id == answer.question_id,
            )
        ).one_or_none()
        if (
            link is None
            or link.score is None
            or link.published_knowledge_points is None
        ):
>           raise GradingResultOwnershipError("评分结果缺少真实本场关联或固定分值。")
E           backend.app.services.grading.grading_task_service.GradingResultOwnershipError: GRADING_RESULT_OWNERSHIP_MISMATCH：评分结果缺少真实本场关联或固定分值。

backend\app\services\grading\grading_repository.py:728: GradingResultOwnershipError
___________ test_revision_chain_is_linear_and_head_matches_expected ___________

    def test_revision_chain_is_linear_and_head_matches_expected() -> None:
        """迁移链必须与期望的线性链条一致，head 必须是本批最后一个 revision。"""
    
        script = ScriptDirectory(str(MIGRATIONS_DIR))
    
>       assert script.get_heads() == [EXPECTED_HEAD]
E       AssertionError: assert ['0023_grading_exam_question'] == ['0022_exam_question']
E         
E         At index 0 diff: '0023_grading_exam_question' != '0022_exam_question'
E         Use -v to get more diff

tests\unit\models\test_m3_migrations.py:633: AssertionError
============================== warnings summary ===============================
..\..\..\..\..\..\develop\Python\Lib\site-packages\fastapi\testclient.py:1
  D:\develop\Python\Lib\site-packages\fastapi\testclient.py:1: StarletteDeprecationWarning: Using `httpx` with `starlette.testclient` is deprecated; install `httpx2` instead.
    from starlette.testclient import TestClient as TestClient  # noqa

tests/contract/test_admin_api_contract.py: 4 warnings
tests/contract/test_auth_api_contract.py: 6 warnings
tests/contract/test_traces_api_contract.py: 2 warnings
tests/unit/test_app.py: 1 warning
tests/unit/ui/test_evaluation_dashboard.py: 1 warning
tests/unit/ui/test_gradio_app.py: 1 warning
tests/unit/ui/test_paper_image_review.py: 4 warnings
tests/unit/ui/test_paper_import_view.py: 5 warnings
tests/unit/ui/test_review_view.py: 1 warning
tests/unit/ui/test_t160_correction_loading.py: 4 warnings
  D:\develop\Python\Lib\site-packages\gradio\components\dataframe.py:197: UserWarning: The `column_limits` parameter is not yet implemented.
    warnings.warn(

tests/contract/test_admin_api_contract.py: 4 warnings
tests/contract/test_auth_api_contract.py: 6 warnings
tests/contract/test_traces_api_contract.py: 2 warnings
tests/unit/test_app.py: 1 warning
tests/unit/ui/test_evaluation_dashboard.py: 1 warning
tests/unit/ui/test_exam_assembly_view.py: 1 warning
tests/unit/ui/test_exam_scoring_view.py: 1 warning
tests/unit/ui/test_gradio_app.py: 1 warning
tests/unit/ui/test_paper_import_view.py: 1 warning
tests/unit/ui/test_review_view.py: 1 warning
  D:\develop\Python\Lib\site-packages\gradio\components\dataframe.py:183: UserWarning: The `row_limits` parameter is not yet implemented.
    warnings.warn(

tests/contract/test_grading_benchmark_contract.py::test_p4a3_persisted_label_metrics_and_selftest_evidence[False]
tests/contract/test_grading_benchmark_contract.py::test_p4a3_persisted_label_metrics_and_selftest_evidence[True]
  D:\develop\Python\Lib\site-packages\pydantic\main.py:475: UserWarning: Pydantic serializer warnings:
    PydanticSerializationUnexpectedValue(Expected `decimal` - serialized value may not be as expected [field_name='score', input_value=5.0, input_type=float])
    return self.__pydantic_serializer__.to_python(

tests/contract/test_grading_benchmark_contract.py::test_invalid_payload_writes_failure_record_without_fake_score
tests/contract/test_grading_benchmark_contract.py::test_failure_status_counts_and_cli_agree[invalid]
tests/contract/test_grading_benchmark_contract.py::test_failure_status_counts_and_cli_agree[partial]
tests/contract/test_grading_benchmark_contract.py::test_failure_status_counts_and_cli_agree[mixed]
  D:\develop\Python\Lib\site-packages\pydantic\main.py:475: UserWarning: Pydantic serializer warnings:
    PydanticSerializationUnexpectedValue(Expected `decimal` - serialized value may not be as expected [field_name='score', input_value=1000000.0, input_type=float])
    return self.__pydantic_serializer__.to_python(

tests/contract/test_knowledge_base_upload_contract.py::test_upload_document_rejects_unsupported_format
  D:\YJX\MyCode\EduAgent\.cache\t175-178-20261004\t178_submission_r1\backend\app\api\knowledge_bases.py:475: StarletteDeprecationWarning: 'HTTP_422_UNPROCESSABLE_ENTITY' is deprecated. Use 'HTTP_422_UNPROCESSABLE_CONTENT' instead.
    raise _knowledge_base_http_exception(exc) from None

tests/contract/test_question_update_api_contract.py::test_revision_edit_and_reapproval_use_existing_endpoints
tests/contract/test_t166_generation_review.py::test_each_approval_route_rejects_pending_without_current_semantic_report[approve]
tests/contract/test_t166_generation_review.py::test_image_adaptation_keeps_original_pixels_but_requires_its_own_image_and_semantic_review
  D:\YJX\MyCode\EduAgent\.cache\t175-178-20261004\t178_submission_r1\backend\app\api\questions.py:597: StarletteDeprecationWarning: 'HTTP_422_UNPROCESSABLE_ENTITY' is deprecated. Use 'HTTP_422_UNPROCESSABLE_CONTENT' instead.
    raise _question_http_exception(exc) from None

tests/contract/test_t166_generation_review.py::test_each_approval_route_rejects_pending_without_current_semantic_report[patch_status]
tests/contract/test_t166_generation_review.py::test_each_approval_route_rejects_pending_without_current_semantic_report[post_status]
  D:\YJX\MyCode\EduAgent\.cache\t175-178-20261004\t178_submission_r1\backend\app\api\questions.py:555: StarletteDeprecationWarning: 'HTTP_422_UNPROCESSABLE_ENTITY' is deprecated. Use 'HTTP_422_UNPROCESSABLE_CONTENT' instead.
    raise _question_http_exception(exc) from None

tests/integration/test_audit_migration.py: 3 warnings
tests/integration/test_chapter_scope_migration.py: 5 warnings
tests/integration/test_exam_question_migration.py: 5 warnings
tests/integration/test_extracted_question_order_migration.py: 5 warnings
tests/integration/test_file_storage_migration.py: 3 warnings
tests/integration/test_grading_exam_question_migration.py: 4 warnings
tests/integration/test_options_json_migration.py: 10 warnings
tests/integration/test_paper_import_migration.py: 4 warnings
tests/integration/test_question_asset_visibility_migration.py: 5 warnings
tests/integration/test_question_source_migration.py: 4 warnings
tests/integration/test_question_source_paper_migration.py: 4 warnings
  D:\develop\Python\Lib\site-packages\alembic\config.py:604: DeprecationWarning: No path_separator found in configuration; falling back to legacy splitting on spaces, commas, and colons for prepend_sys_path.  Consider adding path_separator=os to Alembic config.
    util.warn_deprecated(

tests/integration/test_grading_pipeline.py::test_mixed_submission_runs_full_pipeline_and_forms_final_diagnosis
tests/integration/test_grading_pipeline.py::test_low_confidence_subjective_stays_pending_and_blocks_diagnosis
tests/integration/test_grading_pipeline.py::test_existing_report_becomes_stale_after_regrade
tests/integration/test_grading_pipeline.py::test_partial_write_failure_leaves_no_intermediate_result
  D:\YJX\MyCode\EduAgent\.cache\t175-178-20261004\t178_submission_r1\tests\integration\test_grading_pipeline.py:172: SAWarning: Object of type <User> not in session, add operation along 'Role.users' won't proceed (This warning originated from the Session 'autoflush' process, which was invoked automatically in response to a user-initiated operation. Consider using ``no_autoflush`` context manager if this warning happened while initializing objects.)
    existing = session.scalars(select(Role).where(Role.name == role)).one_or_none()

tests/integration/test_teacher_setup.py::test_teacher_prepares_course_document_question_and_exam
  D:\YJX\MyCode\EduAgent\.cache\t175-178-20261004\t178_submission_r1\backend\app\api\exams.py:295: StarletteDeprecationWarning: 'HTTP_422_UNPROCESSABLE_ENTITY' is deprecated. Use 'HTTP_422_UNPROCESSABLE_CONTENT' instead.
    raise _exam_http_exception(exc) from None

tests/integration/test_workflow_start_concurrency.py::test_concurrent_start_reuses_one_run_and_releases_submission_lock[m3-isolated]
  D:\develop\Python\Lib\site-packages\pydantic\_internal\_generate_schema.py:2274: UnsupportedFieldAttributeWarning: The 'alias' attribute with value 'question_id' was provided to the `Field()` function, which has no effect in the context it was used. 'alias' is field-specific metadata, and can only be attached to a model field using `Annotated` metadata or by assignment. This may have happened because an `Annotated` type alias using the `type` statement was used, or if the `Field()` function was attached to a single member of a union type.
    warnings.warn(

tests/unit/services/test_review_service.py::test_resume_modified_rejects_different_content[score]
tests/unit/services/test_review_service.py::test_resume_modified_rejects_different_content[reason]
  D:\develop\Python\Lib\site-packages\pydantic\main.py:475: UserWarning: Pydantic serializer warnings:
    PydanticSerializationUnexpectedValue(Expected `decimal` - serialized value may not be as expected [field_name='score', input_value=8.0, input_type=float])
    return self.__pydantic_serializer__.to_python(

-- Docs: https://docs.pytest.org/en/stable/how-to/capture-warnings.html
=========================== short test summary info ===========================
SKIPPED [1] tests\integration\test_m0_smoke.py:34: M0 冒烟缺少隔离配置（COMPOSE_PROJECT_NAME, POSTGRES_PORT, REDIS_PORT, BACKEND_PORT），已拒绝使用默认 Compose 项目。
SKIPPED [1] tests\unit\services\test_file_storage_service.py:212: Host does not permit creation of this test symlink.
ERROR tests/integration/test_teacher_results_ui.py::test_course_selection_loads_exams_with_production_loaders
ERROR tests/integration/test_teacher_results_ui.py::test_exam_selection_loads_students_with_production_loaders
ERROR tests/integration/test_teacher_results_ui.py::test_teacher_summary_matches_results_query_service
ERROR tests/integration/test_teacher_results_ui.py::test_selected_student_renders_persisted_diagnosis_and_empty_state
ERROR tests/integration/test_teacher_results_ui.py::test_pending_result_carries_review_context
FAILED tests/contract/test_grading_api_contract.py::test_trigger_persists_results_and_reads_them_from_database
FAILED tests/integration/test_diagnosis_concurrency.py::test_old_save_cannot_overwrite_new_report_during_interleaved_update
FAILED tests/integration/test_exam_scoring_execution_gate.py::test_only_complete_equivalent_fixed_basis_can_run[7.00-EXAM_SCORING_INPUT_NOT_SUPPORTED]
FAILED tests/integration/test_exam_scoring_execution_gate.py::test_current_bank_change_does_not_reauthorize_history
FAILED tests/unit/agents/test_agent_state.py::test_grading_result_dto_is_reused_and_not_redefined
FAILED tests/unit/grading/test_diagnosis_report_store.py::test_recorder_saves_ready_report_with_real_exam_result_id
FAILED tests/unit/grading/test_diagnosis_report_store.py::test_read_returns_stale_when_exam_result_updates
FAILED tests/unit/grading/test_diagnosis_report_store.py::test_recorder_does_not_store_not_ready_result
FAILED tests/unit/grading/test_diagnosis_report_store.py::test_save_refuses_to_overwrite_newer_result
FAILED tests/unit/grading/test_diagnosis_report_store.py::test_save_rejects_result_no_longer_final
FAILED tests/unit/grading/test_diagnosis_report_store.py::test_failed_report_keeps_error_code_and_scores
FAILED tests/unit/grading/test_diagnosis_report_store.py::test_read_without_report_returns_not_ready_without_write
FAILED tests/unit/models/test_m3_migrations.py::test_revision_chain_is_linear_and_head_matches_expected
13 failed, 2536 passed, 2 skipped, 121 warnings, 5 errors in 1102.59s (0:18:22)
