FFF                                                                      [100%]
================================== FAILURES ===================================
__________ test_review_display_uses_only_matching_actual_input[None] __________

environment = ReviewEnv(engine=Engine(postgresql+psycopg://eduagent@127.0.0.1:5432/eduagent_e4_finish_3c487990ad44), paper=Paper(tea...ive_answer_id='98f1512e-4f6b-4fbb-93b1-c1ad82df11d3', subjective_answer_ids=('98f1512e-4f6b-4fbb-93b1-c1ad82df11d3',)))
change = None

    @pytest.mark.parametrize("change", [None, "foreign_input", "legacy_identity"])
    def test_review_display_uses_only_matching_actual_input(environment, change):
        provider = ConfirmedPointProvider([0.3], score=Decimal("1.005"))
        with _api_client(environment, scoring_provider=provider) as harness:
            started = _start(harness, environment)
            assert started.status_code == 200
            answer_id = environment.paper.subjective_answer_ids[0]
            with Session(environment.engine) as session:
                row = session.scalars(select(GradingResult)).one()
                run = session.scalars(select(WorkflowRun)).one()
                checkpoint = dict(run.checkpoint)
                state = dict(checkpoint[CHECKPOINT_STATE_KEY])
                inputs = dict(state["scoring_inputs"])
                recorded = dict(inputs[answer_id])
                assert recorded["course_context"] and recorded["source_references"]
                if change == "foreign_input":
                    recorded["question_content"] = "不同题目的依据"
                    inputs[answer_id] = recorded
                    state["scoring_inputs"] = inputs
                    checkpoint[CHECKPOINT_STATE_KEY] = state
                    run.checkpoint = checkpoint
                elif change == "legacy_identity":
                    row.exam_question_id = None
                session.commit()
            response = harness.client.get(
                f"/api/reviews/queue/{environment.paper.submission_id}/answers/{answer_id}",
                headers=_teacher_headers(environment),
            )
            assert response.status_code == 200
            data = response.json()
            assert Decimal(data["max_score"]) == Decimal("3.33")
            assert Decimal(data["score"]) == Decimal("1.01")
            assert data["knowledge_points"] == ["发布标签"]
            if change is None:
                assert data["scoring_input_error"] is None
>               assert data["scoring_input"]["course_context"] == recorded["course_context"]
E               AssertionError: assert None == '[片段 1] chunk_id=t079-context document_id=t079-document course_id=3ad954a5-5661-4c57-8b1a-3d98e3058efc rank=0 score=0.9 semantic_score=0.9\n变量用于保存数据，并可在后续语句中引用。'

tests\integration\test_review_fixed_input_display.py:57: AssertionError
_____ test_review_display_uses_only_matching_actual_input[foreign_input] ______

environment = ReviewEnv(engine=Engine(postgresql+psycopg://eduagent@127.0.0.1:5432/eduagent_e4_finish_3c487990ad44), paper=Paper(tea...ive_answer_id='1400ed6d-5d16-4204-874e-2d73bac0feb6', subjective_answer_ids=('1400ed6d-5d16-4204-874e-2d73bac0feb6',)))
change = 'foreign_input'

    @pytest.mark.parametrize("change", [None, "foreign_input", "legacy_identity"])
    def test_review_display_uses_only_matching_actual_input(environment, change):
        provider = ConfirmedPointProvider([0.3], score=Decimal("1.005"))
        with _api_client(environment, scoring_provider=provider) as harness:
            started = _start(harness, environment)
            assert started.status_code == 200
            answer_id = environment.paper.subjective_answer_ids[0]
            with Session(environment.engine) as session:
                row = session.scalars(select(GradingResult)).one()
                run = session.scalars(select(WorkflowRun)).one()
                checkpoint = dict(run.checkpoint)
                state = dict(checkpoint[CHECKPOINT_STATE_KEY])
                inputs = dict(state["scoring_inputs"])
                recorded = dict(inputs[answer_id])
                assert recorded["course_context"] and recorded["source_references"]
                if change == "foreign_input":
                    recorded["question_content"] = "不同题目的依据"
                    inputs[answer_id] = recorded
                    state["scoring_inputs"] = inputs
                    checkpoint[CHECKPOINT_STATE_KEY] = state
                    run.checkpoint = checkpoint
                elif change == "legacy_identity":
                    row.exam_question_id = None
                session.commit()
            response = harness.client.get(
                f"/api/reviews/queue/{environment.paper.submission_id}/answers/{answer_id}",
                headers=_teacher_headers(environment),
            )
            assert response.status_code == 200
            data = response.json()
            assert Decimal(data["max_score"]) == Decimal("3.33")
            assert Decimal(data["score"]) == Decimal("1.01")
            assert data["knowledge_points"] == ["发布标签"]
            if change is None:
                assert data["scoring_input_error"] is None
                assert data["scoring_input"]["course_context"] == recorded["course_context"]
                assert data["scoring_input"]["source_references"] == recorded["source_references"]
            else:
>               assert data["scoring_input_error"]
E               assert None

tests\integration\test_review_fixed_input_display.py:60: AssertionError
____ test_review_display_uses_only_matching_actual_input[legacy_identity] _____

environment = ReviewEnv(engine=Engine(postgresql+psycopg://eduagent@127.0.0.1:5432/eduagent_e4_finish_3c487990ad44), paper=Paper(tea...ive_answer_id='040de46b-e006-404f-b578-c8e786d2a20c', subjective_answer_ids=('040de46b-e006-404f-b578-c8e786d2a20c',)))
change = 'legacy_identity'

    @pytest.mark.parametrize("change", [None, "foreign_input", "legacy_identity"])
    def test_review_display_uses_only_matching_actual_input(environment, change):
        provider = ConfirmedPointProvider([0.3], score=Decimal("1.005"))
        with _api_client(environment, scoring_provider=provider) as harness:
            started = _start(harness, environment)
            assert started.status_code == 200
            answer_id = environment.paper.subjective_answer_ids[0]
            with Session(environment.engine) as session:
                row = session.scalars(select(GradingResult)).one()
                run = session.scalars(select(WorkflowRun)).one()
                checkpoint = dict(run.checkpoint)
                state = dict(checkpoint[CHECKPOINT_STATE_KEY])
                inputs = dict(state["scoring_inputs"])
                recorded = dict(inputs[answer_id])
                assert recorded["course_context"] and recorded["source_references"]
                if change == "foreign_input":
                    recorded["question_content"] = "不同题目的依据"
                    inputs[answer_id] = recorded
                    state["scoring_inputs"] = inputs
                    checkpoint[CHECKPOINT_STATE_KEY] = state
                    run.checkpoint = checkpoint
                elif change == "legacy_identity":
                    row.exam_question_id = None
                session.commit()
            response = harness.client.get(
                f"/api/reviews/queue/{environment.paper.submission_id}/answers/{answer_id}",
                headers=_teacher_headers(environment),
            )
            assert response.status_code == 200
            data = response.json()
            assert Decimal(data["max_score"]) == Decimal("3.33")
            assert Decimal(data["score"]) == Decimal("1.01")
            assert data["knowledge_points"] == ["发布标签"]
            if change is None:
                assert data["scoring_input_error"] is None
                assert data["scoring_input"]["course_context"] == recorded["course_context"]
                assert data["scoring_input"]["source_references"] == recorded["source_references"]
            else:
>               assert data["scoring_input_error"]
E               assert None

tests\integration\test_review_fixed_input_display.py:60: AssertionError
============================== warnings summary ===============================
..\..\..\develop\Python\Lib\site-packages\fastapi\testclient.py:1
  D:\develop\Python\Lib\site-packages\fastapi\testclient.py:1: StarletteDeprecationWarning: Using `httpx` with `starlette.testclient` is deprecated; install `httpx2` instead.
    from starlette.testclient import TestClient as TestClient  # noqa

-- Docs: https://docs.pytest.org/en/stable/how-to/capture-warnings.html
=========================== short test summary info ===========================
FAILED tests/integration/test_review_fixed_input_display.py::test_review_display_uses_only_matching_actual_input[None]
FAILED tests/integration/test_review_fixed_input_display.py::test_review_display_uses_only_matching_actual_input[foreign_input]
FAILED tests/integration/test_review_fixed_input_display.py::test_review_display_uses_only_matching_actual_input[legacy_identity]
3 failed, 1 warning in 23.40s
