FFF                                                                      [100%]
================================== FAILURES ===================================
_____ test_unknown_historical_basis_keeps_legacy_submission_rules[start] ______

scenario = (<sqlalchemy.orm.session.Session object at 0x00000281B6C697F0>, SubmissionFixture(teacher_id=UUID('2696644a-0bed-4c98-...4462-9f60-8e744b4d8e38')), WindowsPath('D:/YJX/Cache/Temp/pytest-of-10169/pytest-255/test_unknown_historical_basis_0'))
operation = 'start'

    @pytest.mark.parametrize("operation", ["start", "save", "submit"])
    def test_unknown_historical_basis_keeps_legacy_submission_rules(scenario, operation):
        from backend.app.domain.enums import AnswerStatus
        from backend.app.services.grading.grading_task_service import (
            DatabaseGradingSubmissionReader, GradingNotAllowedError,
        )
    
        session, info, root = scenario
        link = session.get(Exam, info.exam_id).exam_question_links[0]
        link.score = None
        link.base_score = None
        link.scoring_basis = None
        link.published_knowledge_points = None
        for answer in session.get(Submission, info.submission_id).answers:
            answer.status = AnswerStatus.DRAFT
        session.commit()
        service = SubmissionService(session, root=root)
        actions = {
            "start": lambda: service.create_submission(info.exam_id, student_id=info.student_id),
            "save": lambda: service.save_answers(info.submission_id, {str(info.objective_question_id): "D"}, student_id=info.student_id),
            "submit": lambda: service.submit_submission(info.submission_id, student_id=info.student_id, answers={str(info.objective_question_id): "D", str(info.subjective_question_id): "text"}),
        }
>       result = actions[operation]()
                 ^^^^^^^^^^^^^^^^^^^^

tests\unit\services\test_student_fixed_exam.py:292: 
_ _ _ _ _ _ _ _ _ _ _ _ _ _ _ _ _ _ _ _ _ _ _ _ _ _ _ _ _ _ _ _ _ _ _ _ _ _ _ _
tests\unit\services\test_student_fixed_exam.py:288: in <lambda>
    "start": lambda: service.create_submission(info.exam_id, student_id=info.student_id),
                     ^^^^^^^^^^^^^^^^^^^^^^^^^^^^^^^^^^^^^^^^^^^^^^^^^^^^^^^^^^^^^^^^^^^
backend\app\services\submission_service.py:712: in create_submission
    self._ensure_student_inputs(exam, normalized_student_id)
_ _ _ _ _ _ _ _ _ _ _ _ _ _ _ _ _ _ _ _ _ _ _ _ _ _ _ _ _ _ _ _ _ _ _ _ _ _ _ _

self = <backend.app.services.submission_service.SubmissionService object at 0x00000281B6C6BE00>
exam = <backend.app.models.exam.Exam object at 0x00000281B6BABC50>
student_id = UUID('96872a0f-f4ca-404f-8449-a440b1ecb4e9')

    def _ensure_student_inputs(self, exam: Exam, student_id: UUID) -> None:
        from backend.app.schemas.exam_scoring import ScoringBasis
        from backend.app.services.exam_scoring_rules import validate_scoring_basis
    
        links = sorted(exam.exam_question_links, key=lambda item: item.order_index)
        if [link.order_index for link in links] != list(range(1, len(links) + 1)):
            raise SubmissionInputUnavailableError(
                "EXAM_SCORING_BASIS_MISSING", "本场题序未核对。"
            )
        for link in links:
            if any(
                value is None
                for value in (
                    link.score,
                    link.base_score,
                    link.scoring_basis,
                    link.published_knowledge_points,
                )
            ):
>               raise SubmissionInputUnavailableError(
                    "EXAM_SCORING_BASIS_MISSING",
                    "本场固定评分依据未知，请联系教师核对。",
                )
E               backend.app.services.submission_service.SubmissionInputUnavailableError: EXAM_SCORING_BASIS_MISSING：本场固定评分依据未知，请联系教师核对。

backend\app\services\submission_service.py:656: SubmissionInputUnavailableError
______ test_unknown_historical_basis_keeps_legacy_submission_rules[save] ______

scenario = (<sqlalchemy.orm.session.Session object at 0x00000281B81FD1D0>, SubmissionFixture(teacher_id=UUID('b63931bb-a8e5-4dc8-...4188-bd4d-535969791baa')), WindowsPath('D:/YJX/Cache/Temp/pytest-of-10169/pytest-255/test_unknown_historical_basis_1'))
operation = 'save'

    @pytest.mark.parametrize("operation", ["start", "save", "submit"])
    def test_unknown_historical_basis_keeps_legacy_submission_rules(scenario, operation):
        from backend.app.domain.enums import AnswerStatus
        from backend.app.services.grading.grading_task_service import (
            DatabaseGradingSubmissionReader, GradingNotAllowedError,
        )
    
        session, info, root = scenario
        link = session.get(Exam, info.exam_id).exam_question_links[0]
        link.score = None
        link.base_score = None
        link.scoring_basis = None
        link.published_knowledge_points = None
        for answer in session.get(Submission, info.submission_id).answers:
            answer.status = AnswerStatus.DRAFT
        session.commit()
        service = SubmissionService(session, root=root)
        actions = {
            "start": lambda: service.create_submission(info.exam_id, student_id=info.student_id),
            "save": lambda: service.save_answers(info.submission_id, {str(info.objective_question_id): "D"}, student_id=info.student_id),
            "submit": lambda: service.submit_submission(info.submission_id, student_id=info.student_id, answers={str(info.objective_question_id): "D", str(info.subjective_question_id): "text"}),
        }
>       result = actions[operation]()
                 ^^^^^^^^^^^^^^^^^^^^

tests\unit\services\test_student_fixed_exam.py:292: 
_ _ _ _ _ _ _ _ _ _ _ _ _ _ _ _ _ _ _ _ _ _ _ _ _ _ _ _ _ _ _ _ _ _ _ _ _ _ _ _
tests\unit\services\test_student_fixed_exam.py:289: in <lambda>
    "save": lambda: service.save_answers(info.submission_id, {str(info.objective_question_id): "D"}, student_id=info.student_id),
                    ^^^^^^^^^^^^^^^^^^^^^^^^^^^^^^^^^^^^^^^^^^^^^^^^^^^^^^^^^^^^^^^^^^^^^^^^^^^^^^^^^^^^^^^^^^^^^^^^^^^^^^^^^^^^
backend\app\services\submission_service.py:855: in save_answers
    return self._save_answers_internal(
backend\app\services\submission_service.py:1214: in _save_answers_internal
    self._ensure_student_inputs(exam, submission.student_id)
_ _ _ _ _ _ _ _ _ _ _ _ _ _ _ _ _ _ _ _ _ _ _ _ _ _ _ _ _ _ _ _ _ _ _ _ _ _ _ _

self = <backend.app.services.submission_service.SubmissionService object at 0x00000281B81FDBD0>
exam = <backend.app.models.exam.Exam object at 0x00000281B8188B90>
student_id = UUID('2087d15e-dfe7-4db7-ae15-08e0cf87dc22')

    def _ensure_student_inputs(self, exam: Exam, student_id: UUID) -> None:
        from backend.app.schemas.exam_scoring import ScoringBasis
        from backend.app.services.exam_scoring_rules import validate_scoring_basis
    
        links = sorted(exam.exam_question_links, key=lambda item: item.order_index)
        if [link.order_index for link in links] != list(range(1, len(links) + 1)):
            raise SubmissionInputUnavailableError(
                "EXAM_SCORING_BASIS_MISSING", "本场题序未核对。"
            )
        for link in links:
            if any(
                value is None
                for value in (
                    link.score,
                    link.base_score,
                    link.scoring_basis,
                    link.published_knowledge_points,
                )
            ):
>               raise SubmissionInputUnavailableError(
                    "EXAM_SCORING_BASIS_MISSING",
                    "本场固定评分依据未知，请联系教师核对。",
                )
E               backend.app.services.submission_service.SubmissionInputUnavailableError: EXAM_SCORING_BASIS_MISSING：本场固定评分依据未知，请联系教师核对。

backend\app\services\submission_service.py:656: SubmissionInputUnavailableError
_____ test_unknown_historical_basis_keeps_legacy_submission_rules[submit] _____

scenario = (<sqlalchemy.orm.session.Session object at 0x00000281B81FE850>, SubmissionFixture(teacher_id=UUID('64b84453-6648-4bb8-...492c-8042-4f59d4182a1a')), WindowsPath('D:/YJX/Cache/Temp/pytest-of-10169/pytest-255/test_unknown_historical_basis_2'))
operation = 'submit'

    @pytest.mark.parametrize("operation", ["start", "save", "submit"])
    def test_unknown_historical_basis_keeps_legacy_submission_rules(scenario, operation):
        from backend.app.domain.enums import AnswerStatus
        from backend.app.services.grading.grading_task_service import (
            DatabaseGradingSubmissionReader, GradingNotAllowedError,
        )
    
        session, info, root = scenario
        link = session.get(Exam, info.exam_id).exam_question_links[0]
        link.score = None
        link.base_score = None
        link.scoring_basis = None
        link.published_knowledge_points = None
        for answer in session.get(Submission, info.submission_id).answers:
            answer.status = AnswerStatus.DRAFT
        session.commit()
        service = SubmissionService(session, root=root)
        actions = {
            "start": lambda: service.create_submission(info.exam_id, student_id=info.student_id),
            "save": lambda: service.save_answers(info.submission_id, {str(info.objective_question_id): "D"}, student_id=info.student_id),
            "submit": lambda: service.submit_submission(info.submission_id, student_id=info.student_id, answers={str(info.objective_question_id): "D", str(info.subjective_question_id): "text"}),
        }
>       result = actions[operation]()
                 ^^^^^^^^^^^^^^^^^^^^

tests\unit\services\test_student_fixed_exam.py:292: 
_ _ _ _ _ _ _ _ _ _ _ _ _ _ _ _ _ _ _ _ _ _ _ _ _ _ _ _ _ _ _ _ _ _ _ _ _ _ _ _
tests\unit\services\test_student_fixed_exam.py:290: in <lambda>
    "submit": lambda: service.submit_submission(info.submission_id, student_id=info.student_id, answers={str(info.objective_question_id): "D", str(info.subjective_question_id): "text"}),
                      ^^^^^^^^^^^^^^^^^^^^^^^^^^^^^^^^^^^^^^^^^^^^^^^^^^^^^^^^^^^^^^^^^^^^^^^^^^^^^^^^^^^^^^^^^^^^^^^^^^^^^^^^^^^^^^^^^^^^^^^^^^^^^^^^^^^^^^^^^^^^^^^^^^^^^^^^^^^^^^^^^^^
backend\app\services\submission_service.py:919: in submit_submission
    self._ensure_student_inputs(exam, submission.student_id)
_ _ _ _ _ _ _ _ _ _ _ _ _ _ _ _ _ _ _ _ _ _ _ _ _ _ _ _ _ _ _ _ _ _ _ _ _ _ _ _

self = <backend.app.services.submission_service.SubmissionService object at 0x00000281B81FF110>
exam = <backend.app.models.exam.Exam object at 0x00000281B81CAB50>
student_id = UUID('1693e845-b889-4af6-8b5d-510639f82fba')

    def _ensure_student_inputs(self, exam: Exam, student_id: UUID) -> None:
        from backend.app.schemas.exam_scoring import ScoringBasis
        from backend.app.services.exam_scoring_rules import validate_scoring_basis
    
        links = sorted(exam.exam_question_links, key=lambda item: item.order_index)
        if [link.order_index for link in links] != list(range(1, len(links) + 1)):
            raise SubmissionInputUnavailableError(
                "EXAM_SCORING_BASIS_MISSING", "本场题序未核对。"
            )
        for link in links:
            if any(
                value is None
                for value in (
                    link.score,
                    link.base_score,
                    link.scoring_basis,
                    link.published_knowledge_points,
                )
            ):
>               raise SubmissionInputUnavailableError(
                    "EXAM_SCORING_BASIS_MISSING",
                    "本场固定评分依据未知，请联系教师核对。",
                )
E               backend.app.services.submission_service.SubmissionInputUnavailableError: EXAM_SCORING_BASIS_MISSING：本场固定评分依据未知，请联系教师核对。

backend\app\services\submission_service.py:656: SubmissionInputUnavailableError
=========================== short test summary info ===========================
FAILED tests/unit/services/test_student_fixed_exam.py::test_unknown_historical_basis_keeps_legacy_submission_rules[start]
FAILED tests/unit/services/test_student_fixed_exam.py::test_unknown_historical_basis_keeps_legacy_submission_rules[save]
FAILED tests/unit/services/test_student_fixed_exam.py::test_unknown_historical_basis_keeps_legacy_submission_rules[submit]
3 failed, 9 deselected in 2.78s
