D:\develop\Python\Lib\site-packages\fastapi\testclient.py:1: StarletteDeprecationWarning: Using `httpx` with `starlette.testclient` is deprecated; install `httpx2` instead.
  from starlette.testclient import TestClient as TestClient  # noqa
Traceback (most recent call last):
  File "D:\YJX\MyCode\EduAgent\backend\app\services\exam_scoring_service.py", line 118, in _transaction
    yield
  File "D:\YJX\MyCode\EduAgent\backend\app\services\exam_scoring_service.py", line 318, in prepare_scoring_basis
    validate_scoring_basis(
    ~~~~~~~~~~~~~~~~~~~~~~^
        score=link.effective_score,
        ^^^^^^^^^^^^^^^^^^^^^^^^^^^
    ...<3 lines>...
        require_confirmation=False,
        ^^^^^^^^^^^^^^^^^^^^^^^^^^^
    )
    ^
  File "D:\YJX\MyCode\EduAgent\backend\app\services\exam_scoring_rules.py", line 83, in validate_scoring_basis
    raise ValueError("可加总基准要点合计必须等于基准满分。")
ValueError: 可加总基准要点合计必须等于基准满分。

The above exception was the direct cause of the following exception:

Traceback (most recent call last):
  File "D:\YJX\MyCode\EduAgent\.cache\t175-178-20261004\grade_ui.py", line 45, in <module>
    v=svc.prepare_scoring_basis(second_exam_id,qid,ScoringPrepareRequest(expected_question_validation_revision=v.question_validation_revision,expected_effective_score=v.effective_score,expected_base_score=v.base_score,expected_basis=v.basis,additive=True,points=[]),teacher_id=teacher)
  File "D:\YJX\MyCode\EduAgent\backend\app\services\exam_scoring_service.py", line 282, in prepare_scoring_basis
    with self._transaction(commit=True):
         ~~~~~~~~~~~~~~~~~^^^^^^^^^^^^^
  File "D:\develop\Python\Lib\contextlib.py", line 162, in __exit__
    self.gen.throw(value)
    ~~~~~~~~~~~~~~^^^^^^^
  File "D:\YJX\MyCode\EduAgent\backend\app\services\exam_scoring_service.py", line 139, in _transaction
    raise failure from error
backend.app.services.exam_scoring_service.ExamScoringError: 可加总基准要点合计必须等于基准满分。
