F                                                                        [100%]
================================== FAILURES ===================================
____________ test_real_submit_event_postprocess_freezes_workspace _____________

scenario = (<sqlalchemy.orm.session.Session object at 0x0000029A72AA92B0>, SubmissionFixture(teacher_id=UUID('8a465be6-bf90-4e11-...4d5a-b4b6-43441227849c')), WindowsPath('D:/YJX/Cache/Temp/pytest-of-10169/pytest-252/test_real_submit_event_postpro0'))
monkeypatch = <_pytest.monkeypatch.MonkeyPatch object at 0x0000029A72DA5E00>

    def test_real_submit_event_postprocess_freezes_workspace(scenario, monkeypatch):
        import asyncio
        import gradio as gr
        from gradio.state_holder import SessionState
        import backend.app.ui.student_exam_view as ui
    
        session, info, _root = scenario
        monkeypatch.setattr(ui, "get_session_factory", lambda: lambda: Session(session.get_bind()))
        state = {"user_id": str(info.student_id), "roles": ["Student"], "access_token": "synthetic"}
        with gr.Blocks() as app:
            ui.create_student_exam_view(gr.State(state))
        node = next(fn for fn in app.fns.values() if fn.fn.__name__ == "confirm_submit")
        answers = {str(info.objective_question_id): "A", str(info.subjective_question_id): "Explicit synthetic answer"}
        records = [{"id": key} for key in answers]
        result = node.fn(str(info.submission_id), answers, records, True, state)
>       assert len(node.outputs) == len(result)
E       assert 8 == 11
E        +  where 8 = len([<gradio.components.markdown.Markdown object at 0x0000029A0E795A90>, <gradio.components.markdown.Markdown object at 0x...nts.textbox.Textbox object at 0x0000029A0E7960D0>, <gradio.components.button.Button object at 0x0000029A0E796490>, ...])
E        +    where [<gradio.components.markdown.Markdown object at 0x0000029A0E795A90>, <gradio.components.markdown.Markdown object at 0x...nts.textbox.Textbox object at 0x0000029A0E7960D0>, <gradio.components.button.Button object at 0x0000029A0E796490>, ...] = {'fn': 'confirm_submit', 'preprocess': True, 'postprocess': True}.outputs
E        +  and   11 = len(('', '<div class="edu-state-banner edu-tone-danger" role="alert"><span class="edu-status edu-tone-danger" data-status=...被覆盖。</div></div>', {'__type__': 'update'}, {'__type__': 'update'}, {'__type__': 'update'}, {'__type__': 'update'}, ...))

tests\unit\services\test_student_fixed_exam.py:340: AssertionError
=========================== short test summary info ===========================
FAILED tests/unit/services/test_student_fixed_exam.py::test_real_submit_event_postprocess_freezes_workspace
1 failed in 8.17s
