F811 Redefinition of unused `environment` from line 13
  --> tests\integration\test_review_fixed_input_display.py:80:5
   |
78 | @pytest.mark.parametrize("resume_fails", [False, True])
79 | def test_saved_model_context_survives_real_manual_score_change(
80 |     environment, monkeypatch, resume_fails
   |     ^^^^^^^^^^^ `environment` redefined here
81 | ):
82 |     from backend.app.ai.workflows.grading_workflow import GradingWorkflow
   |
  ::: tests\integration\test_review_fixed_input_display.py:13:5
   |
11 | from tests.integration.test_exam_scoring_consumers import (
12 |     ConfirmedPointProvider,
13 |     environment,  # noqa: F401 -- shared real PostgreSQL fixture
   |     ----------- previous definition of `environment` here
14 | )
15 | from tests.integration.test_langgraph_grading_workflow import (
   |
help: Remove definition: `environment`

Found 1 error.
