.......................................................FFF.............. [ 97%]
..                                                                       [100%]
================================== FAILURES ===================================
_____________ test_complete_fixed_basis_can_run_after_t177[5.00] ______________

historical = (<sqlalchemy.orm.session.Session object at 0x0000018040B828A0>, <backend.app.models.user.User object at 0x0000018040B9...mission.Submission object at 0x0000018040BBD180>, <backend.app.models.answer.Answer object at 0x0000018040BA9520>, ...)
score = '5.00'

    @pytest.mark.parametrize("score", ["5.00", "7.00"])
    def test_complete_fixed_basis_can_run_after_t177(historical, score):
        session, teacher, exam, _question, submission, *_ = historical
        _fixed(exam, teacher, score)
        session.commit()
        snapshot = DatabaseGradingSubmissionReader(session=session).load(str(submission.id))
        assert snapshot.scoring_basis_error is None
        snapshot.require_scoring_ready()
>       assert snapshot.answers[0].scoring_input.max_score == Decimal(score)
               ^^^^^^^^^^^^^^^^^^^^^^^^^^^^^^^^^^^^^^^^^^^

tests\integration\test_exam_scoring_execution_gate.py:156: 
_ _ _ _ _ _ _ _ _ _ _ _ _ _ _ _ _ _ _ _ _ _ _ _ _ _ _ _ _ _ _ _ _ _ _ _ _ _ _ _

self = ScoringInput(exam_id='1b62e7bb-d128-4bfe-8965-c035b686e967', exam_question_id='0a2e431c-4f17-4426-a44f-e13b5beaef12', ...ints=['K'], student_answer='A', assets=[], verified_image_conditions=None, course_context=None, source_references=None)
item = 'max_score'

    def __getattr__(self, item: str) -> Any:
        private_attributes = object.__getattribute__(self, '__private_attributes__')
        if item in private_attributes:
            attribute = private_attributes[item]
            if hasattr(attribute, '__get__'):
                return attribute.__get__(self, type(self))  # type: ignore
    
            try:
                # Note: self.__pydantic_private__ cannot be None if self.__private_attributes__ has items
                return self.__pydantic_private__[item]  # type: ignore
            except KeyError as exc:
                raise AttributeError(f'{type(self).__name__!r} object has no attribute {item!r}') from exc
        else:
            # `__pydantic_extra__` can fail to be set if the model is not yet fully initialized.
            # See `BaseModel.__repr_args__` for more details
            try:
                pydantic_extra = object.__getattribute__(self, '__pydantic_extra__')
            except AttributeError:
                pydantic_extra = None
    
            if pydantic_extra and item in pydantic_extra:
                return pydantic_extra[item]
            else:
                if hasattr(self.__class__, item):
                    return super().__getattribute__(item)  # Raises AttributeError if appropriate
                else:
                    # this is the current error
>                   raise AttributeError(f'{type(self).__name__!r} object has no attribute {item!r}')
E                   AttributeError: 'ScoringInput' object has no attribute 'max_score'. Did you mean: 'base_score'?

D:\develop\Python\Lib\site-packages\pydantic\main.py:1042: AttributeError
_____________ test_complete_fixed_basis_can_run_after_t177[7.00] ______________

historical = (<sqlalchemy.orm.session.Session object at 0x0000018040B82E40>, <backend.app.models.user.User object at 0x00000180406E...mission.Submission object at 0x0000018040BBE830>, <backend.app.models.answer.Answer object at 0x0000018040BA6690>, ...)
score = '7.00'

    @pytest.mark.parametrize("score", ["5.00", "7.00"])
    def test_complete_fixed_basis_can_run_after_t177(historical, score):
        session, teacher, exam, _question, submission, *_ = historical
        _fixed(exam, teacher, score)
        session.commit()
        snapshot = DatabaseGradingSubmissionReader(session=session).load(str(submission.id))
        assert snapshot.scoring_basis_error is None
        snapshot.require_scoring_ready()
>       assert snapshot.answers[0].scoring_input.max_score == Decimal(score)
               ^^^^^^^^^^^^^^^^^^^^^^^^^^^^^^^^^^^^^^^^^^^

tests\integration\test_exam_scoring_execution_gate.py:156: 
_ _ _ _ _ _ _ _ _ _ _ _ _ _ _ _ _ _ _ _ _ _ _ _ _ _ _ _ _ _ _ _ _ _ _ _ _ _ _ _

self = ScoringInput(exam_id='db8e16d5-57a9-4d48-ad9a-b66eb553e530', exam_question_id='bb7d19ac-91f0-43a1-8bf0-7b0ddf3d8e0b', ...ints=['K'], student_answer='A', assets=[], verified_image_conditions=None, course_context=None, source_references=None)
item = 'max_score'

    def __getattr__(self, item: str) -> Any:
        private_attributes = object.__getattribute__(self, '__private_attributes__')
        if item in private_attributes:
            attribute = private_attributes[item]
            if hasattr(attribute, '__get__'):
                return attribute.__get__(self, type(self))  # type: ignore
    
            try:
                # Note: self.__pydantic_private__ cannot be None if self.__private_attributes__ has items
                return self.__pydantic_private__[item]  # type: ignore
            except KeyError as exc:
                raise AttributeError(f'{type(self).__name__!r} object has no attribute {item!r}') from exc
        else:
            # `__pydantic_extra__` can fail to be set if the model is not yet fully initialized.
            # See `BaseModel.__repr_args__` for more details
            try:
                pydantic_extra = object.__getattribute__(self, '__pydantic_extra__')
            except AttributeError:
                pydantic_extra = None
    
            if pydantic_extra and item in pydantic_extra:
                return pydantic_extra[item]
            else:
                if hasattr(self.__class__, item):
                    return super().__getattribute__(item)  # Raises AttributeError if appropriate
                else:
                    # this is the current error
>                   raise AttributeError(f'{type(self).__name__!r} object has no attribute {item!r}')
E                   AttributeError: 'ScoringInput' object has no attribute 'max_score'. Did you mean: 'base_score'?

D:\develop\Python\Lib\site-packages\pydantic\main.py:1042: AttributeError
___________ test_current_bank_change_does_not_rewrite_fixed_history ___________

historical = (<sqlalchemy.orm.session.Session object at 0x000001803D8E9A90>, <backend.app.models.user.User object at 0x000001804096...mission.Submission object at 0x0000018040BBD7B0>, <backend.app.models.answer.Answer object at 0x0000018040E64560>, ...)

    def test_current_bank_change_does_not_rewrite_fixed_history(historical):
        session, teacher, exam, question, submission, _answer, result = historical
        _fixed(exam, teacher)
        session.commit()
        question.score = Decimal("99.00")
        session.commit()
        snapshot = DatabaseGradingSubmissionReader(session=session).load(str(submission.id))
        assert snapshot.scoring_basis_error is None
        snapshot.require_scoring_ready()
        fixed = snapshot.answers[0].scoring_input
>       assert fixed.max_score == Decimal("5.00")
               ^^^^^^^^^^^^^^^

tests\integration\test_exam_scoring_execution_gate.py:170: 
_ _ _ _ _ _ _ _ _ _ _ _ _ _ _ _ _ _ _ _ _ _ _ _ _ _ _ _ _ _ _ _ _ _ _ _ _ _ _ _

self = ScoringInput(exam_id='90f2455d-c1c4-4412-b1c1-cd18f28f9346', exam_question_id='9a9a955d-2bf9-466d-9f48-a10c5ab11796', ...ints=['K'], student_answer='A', assets=[], verified_image_conditions=None, course_context=None, source_references=None)
item = 'max_score'

    def __getattr__(self, item: str) -> Any:
        private_attributes = object.__getattribute__(self, '__private_attributes__')
        if item in private_attributes:
            attribute = private_attributes[item]
            if hasattr(attribute, '__get__'):
                return attribute.__get__(self, type(self))  # type: ignore
    
            try:
                # Note: self.__pydantic_private__ cannot be None if self.__private_attributes__ has items
                return self.__pydantic_private__[item]  # type: ignore
            except KeyError as exc:
                raise AttributeError(f'{type(self).__name__!r} object has no attribute {item!r}') from exc
        else:
            # `__pydantic_extra__` can fail to be set if the model is not yet fully initialized.
            # See `BaseModel.__repr_args__` for more details
            try:
                pydantic_extra = object.__getattribute__(self, '__pydantic_extra__')
            except AttributeError:
                pydantic_extra = None
    
            if pydantic_extra and item in pydantic_extra:
                return pydantic_extra[item]
            else:
                if hasattr(self.__class__, item):
                    return super().__getattribute__(item)  # Raises AttributeError if appropriate
                else:
                    # this is the current error
>                   raise AttributeError(f'{type(self).__name__!r} object has no attribute {item!r}')
E                   AttributeError: 'ScoringInput' object has no attribute 'max_score'. Did you mean: 'base_score'?

D:\develop\Python\Lib\site-packages\pydantic\main.py:1042: AttributeError
============================== warnings summary ===============================
..\..\..\develop\Python\Lib\site-packages\fastapi\testclient.py:1
  D:\develop\Python\Lib\site-packages\fastapi\testclient.py:1: StarletteDeprecationWarning: Using `httpx` with `starlette.testclient` is deprecated; install `httpx2` instead.
    from starlette.testclient import TestClient as TestClient  # noqa

-- Docs: https://docs.pytest.org/en/stable/how-to/capture-warnings.html
=========================== short test summary info ===========================
FAILED tests/integration/test_exam_scoring_execution_gate.py::test_complete_fixed_basis_can_run_after_t177[5.00]
FAILED tests/integration/test_exam_scoring_execution_gate.py::test_complete_fixed_basis_can_run_after_t177[7.00]
FAILED tests/integration/test_exam_scoring_execution_gate.py::test_current_bank_change_does_not_rewrite_fixed_history
3 failed, 71 passed, 1 warning in 42.53s
