.F                                                                       [100%]
================================== FAILURES ===================================
______ test_saved_model_context_survives_real_manual_score_change[True] _______

environment = ReviewEnv(engine=Engine(postgresql+psycopg://eduagent@127.0.0.1:5432/eduagent_e4_finish_3c487990ad44), paper=Paper(tea...ive_answer_id='321c7429-a0ef-44cf-aaf5-6551824c5897', subjective_answer_ids=('321c7429-a0ef-44cf-aaf5-6551824c5897',)))
monkeypatch = <_pytest.monkeypatch.MonkeyPatch object at 0x0000014C3EEAC640>
resume_fails = True

    @pytest.mark.parametrize("resume_fails", [False, True])
    def test_saved_model_context_survives_real_manual_score_change(environment, monkeypatch, resume_fails):
        from backend.app.ai.workflows.grading_workflow import GradingWorkflow
        from tests.integration.test_langgraph_grading_workflow import _confirm_body
    
        async def fail_resume(*args, **kwargs):
            raise RuntimeError("T178 controlled resume failure after saved decision")
    
        with _api_client(environment, scoring_provider=ConfirmedPointProvider([0.3], score=Decimal("1.005"))) as harness:
            started = _start(harness, environment)
            answer_id = environment.paper.subjective_answer_ids[0]
            url = f"/api/reviews/queue/{environment.paper.submission_id}/answers/{answer_id}"
            before = harness.client.get(url, headers=_teacher_headers(environment)).json()
            actual_context = before["scoring_input"]["course_context"]
            assert actual_context
            if resume_fails:
                monkeypatch.setattr(GradingWorkflow, "apply_teacher_decision_async", fail_resume)
            body = _confirm_body(environment, started.json()["workflow_id"])
            body.update(action="modify", score="2.345", reason="T178 actual synthetic manual revision")
            saved = harness.client.post("/api/reviews/decisions",headers=_teacher_headers(environment),json=body)
            assert saved.status_code == 200 and saved.json()["decision_saved"] is True
            if resume_fails:
                assert saved.json()["resume_status"] == "failed"
            after = harness.client.get(url,headers=_teacher_headers(environment)).json()
            assert Decimal(after["score"]) == Decimal("2.35")
            assert after["reason"] == body["reason"]
>           assert after["scoring_input_error"] is None
E           AssertionError: assert 'GRADING_RESULT_OWNERSHIP_MISMATCH' is None

tests\integration\test_review_fixed_input_display.py:104: AssertionError
============================== warnings summary ===============================
..\..\..\develop\Python\Lib\site-packages\fastapi\testclient.py:1
  D:\develop\Python\Lib\site-packages\fastapi\testclient.py:1: StarletteDeprecationWarning: Using `httpx` with `starlette.testclient` is deprecated; install `httpx2` instead.
    from starlette.testclient import TestClient as TestClient  # noqa

-- Docs: https://docs.pytest.org/en/stable/how-to/capture-warnings.html
=========================== short test summary info ===========================
FAILED tests/integration/test_review_fixed_input_display.py::test_saved_model_context_survives_real_manual_score_change[True]
1 failed, 1 passed, 3 deselected, 1 warning in 17.98s
