...............................................................F.        [100%]
================================== FAILURES ===================================
_______ test_full_pages_and_same_byte_aliases_stay_private_even_if_true _______

files_api = (<starlette.testclient.TestClient object at 0x0000024F0DB20D10>, <sqlalchemy.orm.session.Session object at 0x0000024F0...WU2OTMwZWYtOWYxZi00N2E1LWI0N2YtYmExOGY4NmZhY2RmIiwidHlwZSI6ImFjY2VzcyJ9.VmrBxh3V8LQsoFpZdWc7SByZ8z7_KbC8SxrnWZtJN5Q'}])

    def test_full_pages_and_same_byte_aliases_stay_private_even_if_true(files_api):
        client, session, files, doc, users, headers = files_api
        service, page, _extracted = staged_case((session, doc, users[0], files.root))
        question, _uploaded = question_and_asset(files_api)
        payload = {"file_id": "p_" + page.id.hex, "source_page_id": str(page.id), "asset_type": "figure"}
        endpoint = f"/api/questions/{question.id}/assets"
        forbidden = client.post(endpoint, headers=headers[0], json=payload | {"student_visible": True})
        assert forbidden.status_code == 422, forbidden.text
        full = client.post(endpoint, headers=headers[0], json=payload)
        assert full.status_code == 201, full.text
        full_asset = full.json()
        assert client.patch(visibility_url(question, full_asset), headers=headers[0], json={"student_visible": True}).status_code == 422
        crop = client.post(endpoint, headers=headers[0], json=payload | {
            "region": {"bbox": [10, 10, 40, 30]}, "student_visible": True,
        })
        assert crop.status_code == 201, crop.text
        # A manually uploaded alias of a known complete page must not bypass its source policy.
        assert client.patch(visibility_url(question, _uploaded), headers=headers[0], json={"student_visible": True}).status_code == 422
        session.expire_all()
        for identity in (full_asset["id"], _uploaded["id"]):
            session.get(QuestionAsset, UUID(identity)).student_visible = True
        session.commit()
        exam = opened_exam(files_api, question)
        assets = client.get(endpoint, headers=headers[2])
        assert assets.status_code == 200
        assert [asset["id"] for asset in assets.json()] == [crop.json()["id"]]
        assert len(client.get(endpoint, headers=headers[0]).json()) == 3
        for file_id in (full_asset["file_id"], _uploaded["file_id"], "p_" + page.id.hex, "d_" + page.paper_import.document_id.hex):
            assert client.get("/api/files/" + file_id, headers=headers[2]).status_code == 403
        assert client.get("/api/files/" + crop.json()["file_id"], headers=headers[2]).status_code == 200
        detail = client.get(f"/api/submissions/exams/{exam.id}", headers=headers[2]).json()
>       assert [asset["id"] for asset in detail["questions"][0]["assets"]] == [crop.json()["id"]]
                                         ^^^^^^^^^^^^^^^^^^^
E       KeyError: 'questions'

tests\contract\test_question_asset_visibility.py:174: KeyError
============================== warnings summary ===============================
..\..\..\develop\Python\Lib\site-packages\fastapi\testclient.py:1
  D:\develop\Python\Lib\site-packages\fastapi\testclient.py:1: StarletteDeprecationWarning: Using `httpx` with `starlette.testclient` is deprecated; install `httpx2` instead.
    from starlette.testclient import TestClient as TestClient  # noqa

tests/unit/ui/test_exam_assembly_view.py::test_new_write_controls_exist_and_failure_clears_previous_confirmations
tests/unit/ui/test_review_view.py::test_registered_select_uses_row_from_two_dimensional_index
  D:\develop\Python\Lib\site-packages\gradio\components\dataframe.py:183: UserWarning: The `row_limits` parameter is not yet implemented.
    warnings.warn(

tests/unit/ui/test_review_view.py::test_registered_select_uses_row_from_two_dimensional_index
  D:\develop\Python\Lib\site-packages\gradio\components\dataframe.py:197: UserWarning: The `column_limits` parameter is not yet implemented.
    warnings.warn(

-- Docs: https://docs.pytest.org/en/stable/how-to/capture-warnings.html
=========================== short test summary info ===========================
FAILED tests/contract/test_question_asset_visibility.py::test_full_pages_and_same_byte_aliases_stay_private_even_if_true
1 failed, 64 passed, 4 warnings in 23.94s
