........F.........................                                       [100%]
================================== FAILURES ===================================
______ test_unknown_historical_basis_keeps_legacy_submission_rules[save] ______

scenario = (<sqlalchemy.orm.session.Session object at 0x000001D5F4338F50>, SubmissionFixture(teacher_id=UUID('7b7bc835-0a9d-4575-...4732-a3cd-ee9d033d590c')), WindowsPath('D:/YJX/Cache/Temp/pytest-of-10169/pytest-256/test_unknown_historical_basis_1'))
operation = 'save'

    @pytest.mark.parametrize("operation", ["start", "save", "submit"])
    def test_unknown_historical_basis_keeps_legacy_submission_rules(scenario, operation):
        from backend.app.domain.enums import AnswerStatus
        from backend.app.services.grading.grading_task_service import (
            DatabaseGradingSubmissionReader,
            GradingNotAllowedError,
        )
    
        session, info, root = scenario
        link = session.get(Exam, info.exam_id).exam_question_links[0]
        link.score = None
        link.base_score = None
        link.scoring_basis = None
        link.published_knowledge_points = None
        for answer in session.get(Submission, info.submission_id).answers:
            answer.status = AnswerStatus.DRAFT
        session.commit()
        service = SubmissionService(session, root=root)
        actions = {
            "start": lambda: service.create_submission(
                info.exam_id, student_id=info.student_id
            ),
            "save": lambda: service.save_answers(
                info.submission_id,
                {str(info.objective_question_id): "D"},
                student_id=info.student_id,
            ),
            "submit": lambda: service.submit_submission(
                info.submission_id,
                student_id=info.student_id,
                answers={
                    str(info.objective_question_id): "D",
                    str(info.subjective_question_id): "text",
                },
            ),
        }
        result = actions[operation]()
>       assert result.id == str(info.submission_id)
               ^^^^^^^^^
E       AttributeError: 'list' object has no attribute 'id'

tests\unit\services\test_student_fixed_exam.py:307: AttributeError
============================== warnings summary ===============================
..\..\..\develop\Python\Lib\site-packages\fastapi\testclient.py:1
  D:\develop\Python\Lib\site-packages\fastapi\testclient.py:1: StarletteDeprecationWarning: Using `httpx` with `starlette.testclient` is deprecated; install `httpx2` instead.
    from starlette.testclient import TestClient as TestClient  # noqa

-- Docs: https://docs.pytest.org/en/stable/how-to/capture-warnings.html
=========================== short test summary info ===========================
FAILED tests/unit/services/test_student_fixed_exam.py::test_unknown_historical_basis_keeps_legacy_submission_rules[save]
1 failed, 33 passed, 1 warning in 41.04s
