EEEEEEEEEEE..............                                                [100%]
=================================== ERRORS ====================================
__ ERROR at setup of test_final_statistics_and_participation_are_real_facts ___

session = <sqlalchemy.orm.session.Session object at 0x000002613408B0E0>

    @pytest.fixture
    def analysis_scenario(session):
        teacher = add_teacher(session)
        course = Course(name="考情夹具", created_by=teacher.id)
        session.add(course)
        session.flush()
        questions = [
            Question(
                course_id=course.id,
                created_by=teacher.id,
                type=QuestionType.SINGLE_CHOICE,
                content=f"原题{i}",
                reference_answer="A",
                score=Decimal("99.00"),
                status=QuestionStatus.APPROVED,
                knowledge_points=["当前题库标签"],
            )
            for i in range(2)
        ]
        session.add_all(questions)
        session.flush()
        exam = Exam(
            course_id=course.id,
            created_by=teacher.id,
            title="固定分值考试",
            status=ExamStatus.PUBLISHED,
        )
        exam.exam_question_links = [
            ExamQuestion(
                question=q,
                order_index=i + 1,
                score=Decimal(score),
                base_score=Decimal("99.00"),
                published_knowledge_points=tags,
            )
            for i, (q, score, tags) in enumerate(
                zip(questions, ["2.00", "3.00"], [["一次函数"], ["一次函数", "表达与计算"]])
            )
        ]
        session.add(exam)
        session.commit()
        students = [add_student(session, username=f"s{i}") for i in range(7)]
        session.add_all(
            ExamParticipant(exam_id=exam.id, student_id=student.id) for student in students
        )
        submissions = []
        for i, student in enumerate(students[:6]):
            sub = Submission(
                exam_id=exam.id,
                student_id=student.id,
                status=SubmissionStatus.DRAFT if i == 5 else SubmissionStatus.SUBMITTED,
                submitted_at=None if i == 5 else datetime.now(UTC),
            )
            session.add(sub)
            session.flush()
            session.add_all(
                Answer(
                    submission_id=sub.id,
                    question_id=q.id,
                    content="B",
                    status=AnswerStatus.SUBMITTED,
                )
                for q in questions
            )
            submissions.append(sub)
        session.commit()
>       repository = DatabaseGradingRepository(session=session)
                     ^^^^^^^^^^^^^^^^^^^^^^^^^^^^^^^^^^^^^^^^^^
E       TypeError: DatabaseGradingRepository.__init__() got an unexpected keyword argument 'session'

tests\contract\test_results_analysis_api.py:118: TypeError
_____ ERROR at setup of test_zero_observation_returns_null_not_zero_rates _____

session = <sqlalchemy.orm.session.Session object at 0x000002613544DA90>

    @pytest.fixture
    def analysis_scenario(session):
        teacher = add_teacher(session)
        course = Course(name="考情夹具", created_by=teacher.id)
        session.add(course)
        session.flush()
        questions = [
            Question(
                course_id=course.id,
                created_by=teacher.id,
                type=QuestionType.SINGLE_CHOICE,
                content=f"原题{i}",
                reference_answer="A",
                score=Decimal("99.00"),
                status=QuestionStatus.APPROVED,
                knowledge_points=["当前题库标签"],
            )
            for i in range(2)
        ]
        session.add_all(questions)
        session.flush()
        exam = Exam(
            course_id=course.id,
            created_by=teacher.id,
            title="固定分值考试",
            status=ExamStatus.PUBLISHED,
        )
        exam.exam_question_links = [
            ExamQuestion(
                question=q,
                order_index=i + 1,
                score=Decimal(score),
                base_score=Decimal("99.00"),
                published_knowledge_points=tags,
            )
            for i, (q, score, tags) in enumerate(
                zip(questions, ["2.00", "3.00"], [["一次函数"], ["一次函数", "表达与计算"]])
            )
        ]
        session.add(exam)
        session.commit()
        students = [add_student(session, username=f"s{i}") for i in range(7)]
        session.add_all(
            ExamParticipant(exam_id=exam.id, student_id=student.id) for student in students
        )
        submissions = []
        for i, student in enumerate(students[:6]):
            sub = Submission(
                exam_id=exam.id,
                student_id=student.id,
                status=SubmissionStatus.DRAFT if i == 5 else SubmissionStatus.SUBMITTED,
                submitted_at=None if i == 5 else datetime.now(UTC),
            )
            session.add(sub)
            session.flush()
            session.add_all(
                Answer(
                    submission_id=sub.id,
                    question_id=q.id,
                    content="B",
                    status=AnswerStatus.SUBMITTED,
                )
                for q in questions
            )
            submissions.append(sub)
        session.commit()
>       repository = DatabaseGradingRepository(session=session)
                     ^^^^^^^^^^^^^^^^^^^^^^^^^^^^^^^^^^^^^^^^^^
E       TypeError: DatabaseGradingRepository.__init__() got an unexpected keyword argument 'session'

tests\contract\test_results_analysis_api.py:118: TypeError
_ ERROR at setup of test_unknown_historical_association_keeps_total_but_excludes_attribution _

session = <sqlalchemy.orm.session.Session object at 0x000002613544ED50>

    @pytest.fixture
    def analysis_scenario(session):
        teacher = add_teacher(session)
        course = Course(name="考情夹具", created_by=teacher.id)
        session.add(course)
        session.flush()
        questions = [
            Question(
                course_id=course.id,
                created_by=teacher.id,
                type=QuestionType.SINGLE_CHOICE,
                content=f"原题{i}",
                reference_answer="A",
                score=Decimal("99.00"),
                status=QuestionStatus.APPROVED,
                knowledge_points=["当前题库标签"],
            )
            for i in range(2)
        ]
        session.add_all(questions)
        session.flush()
        exam = Exam(
            course_id=course.id,
            created_by=teacher.id,
            title="固定分值考试",
            status=ExamStatus.PUBLISHED,
        )
        exam.exam_question_links = [
            ExamQuestion(
                question=q,
                order_index=i + 1,
                score=Decimal(score),
                base_score=Decimal("99.00"),
                published_knowledge_points=tags,
            )
            for i, (q, score, tags) in enumerate(
                zip(questions, ["2.00", "3.00"], [["一次函数"], ["一次函数", "表达与计算"]])
            )
        ]
        session.add(exam)
        session.commit()
        students = [add_student(session, username=f"s{i}") for i in range(7)]
        session.add_all(
            ExamParticipant(exam_id=exam.id, student_id=student.id) for student in students
        )
        submissions = []
        for i, student in enumerate(students[:6]):
            sub = Submission(
                exam_id=exam.id,
                student_id=student.id,
                status=SubmissionStatus.DRAFT if i == 5 else SubmissionStatus.SUBMITTED,
                submitted_at=None if i == 5 else datetime.now(UTC),
            )
            session.add(sub)
            session.flush()
            session.add_all(
                Answer(
                    submission_id=sub.id,
                    question_id=q.id,
                    content="B",
                    status=AnswerStatus.SUBMITTED,
                )
                for q in questions
            )
            submissions.append(sub)
        session.commit()
>       repository = DatabaseGradingRepository(session=session)
                     ^^^^^^^^^^^^^^^^^^^^^^^^^^^^^^^^^^^^^^^^^^
E       TypeError: DatabaseGradingRepository.__init__() got an unexpected keyword argument 'session'

tests\contract\test_results_analysis_api.py:118: TypeError
_ ERROR at setup of test_current_eligibility_does_not_erase_historical_participation _

session = <sqlalchemy.orm.session.Session object at 0x0000026135446FD0>

    @pytest.fixture
    def analysis_scenario(session):
        teacher = add_teacher(session)
        course = Course(name="考情夹具", created_by=teacher.id)
        session.add(course)
        session.flush()
        questions = [
            Question(
                course_id=course.id,
                created_by=teacher.id,
                type=QuestionType.SINGLE_CHOICE,
                content=f"原题{i}",
                reference_answer="A",
                score=Decimal("99.00"),
                status=QuestionStatus.APPROVED,
                knowledge_points=["当前题库标签"],
            )
            for i in range(2)
        ]
        session.add_all(questions)
        session.flush()
        exam = Exam(
            course_id=course.id,
            created_by=teacher.id,
            title="固定分值考试",
            status=ExamStatus.PUBLISHED,
        )
        exam.exam_question_links = [
            ExamQuestion(
                question=q,
                order_index=i + 1,
                score=Decimal(score),
                base_score=Decimal("99.00"),
                published_knowledge_points=tags,
            )
            for i, (q, score, tags) in enumerate(
                zip(questions, ["2.00", "3.00"], [["一次函数"], ["一次函数", "表达与计算"]])
            )
        ]
        session.add(exam)
        session.commit()
        students = [add_student(session, username=f"s{i}") for i in range(7)]
        session.add_all(
            ExamParticipant(exam_id=exam.id, student_id=student.id) for student in students
        )
        submissions = []
        for i, student in enumerate(students[:6]):
            sub = Submission(
                exam_id=exam.id,
                student_id=student.id,
                status=SubmissionStatus.DRAFT if i == 5 else SubmissionStatus.SUBMITTED,
                submitted_at=None if i == 5 else datetime.now(UTC),
            )
            session.add(sub)
            session.flush()
            session.add_all(
                Answer(
                    submission_id=sub.id,
                    question_id=q.id,
                    content="B",
                    status=AnswerStatus.SUBMITTED,
                )
                for q in questions
            )
            submissions.append(sub)
        session.commit()
>       repository = DatabaseGradingRepository(session=session)
                     ^^^^^^^^^^^^^^^^^^^^^^^^^^^^^^^^^^^^^^^^^^
E       TypeError: DatabaseGradingRepository.__init__() got an unexpected keyword argument 'session'

tests\contract\test_results_analysis_api.py:118: TypeError
__ ERROR at setup of test_no_assignment_uses_legacy_whole_student_population __

session = <sqlalchemy.orm.session.Session object at 0x00000261356CC2B0>

    @pytest.fixture
    def analysis_scenario(session):
        teacher = add_teacher(session)
        course = Course(name="考情夹具", created_by=teacher.id)
        session.add(course)
        session.flush()
        questions = [
            Question(
                course_id=course.id,
                created_by=teacher.id,
                type=QuestionType.SINGLE_CHOICE,
                content=f"原题{i}",
                reference_answer="A",
                score=Decimal("99.00"),
                status=QuestionStatus.APPROVED,
                knowledge_points=["当前题库标签"],
            )
            for i in range(2)
        ]
        session.add_all(questions)
        session.flush()
        exam = Exam(
            course_id=course.id,
            created_by=teacher.id,
            title="固定分值考试",
            status=ExamStatus.PUBLISHED,
        )
        exam.exam_question_links = [
            ExamQuestion(
                question=q,
                order_index=i + 1,
                score=Decimal(score),
                base_score=Decimal("99.00"),
                published_knowledge_points=tags,
            )
            for i, (q, score, tags) in enumerate(
                zip(questions, ["2.00", "3.00"], [["一次函数"], ["一次函数", "表达与计算"]])
            )
        ]
        session.add(exam)
        session.commit()
        students = [add_student(session, username=f"s{i}") for i in range(7)]
        session.add_all(
            ExamParticipant(exam_id=exam.id, student_id=student.id) for student in students
        )
        submissions = []
        for i, student in enumerate(students[:6]):
            sub = Submission(
                exam_id=exam.id,
                student_id=student.id,
                status=SubmissionStatus.DRAFT if i == 5 else SubmissionStatus.SUBMITTED,
                submitted_at=None if i == 5 else datetime.now(UTC),
            )
            session.add(sub)
            session.flush()
            session.add_all(
                Answer(
                    submission_id=sub.id,
                    question_id=q.id,
                    content="B",
                    status=AnswerStatus.SUBMITTED,
                )
                for q in questions
            )
            submissions.append(sub)
        session.commit()
>       repository = DatabaseGradingRepository(session=session)
                     ^^^^^^^^^^^^^^^^^^^^^^^^^^^^^^^^^^^^^^^^^^
E       TypeError: DatabaseGradingRepository.__init__() got an unexpected keyword argument 'session'

tests\contract\test_results_analysis_api.py:118: TypeError
_ ERROR at setup of test_recovered_final_is_not_marked_by_an_old_failed_workflow _

session = <sqlalchemy.orm.session.Session object at 0x000002613567DA30>

    @pytest.fixture
    def analysis_scenario(session):
        teacher = add_teacher(session)
        course = Course(name="考情夹具", created_by=teacher.id)
        session.add(course)
        session.flush()
        questions = [
            Question(
                course_id=course.id,
                created_by=teacher.id,
                type=QuestionType.SINGLE_CHOICE,
                content=f"原题{i}",
                reference_answer="A",
                score=Decimal("99.00"),
                status=QuestionStatus.APPROVED,
                knowledge_points=["当前题库标签"],
            )
            for i in range(2)
        ]
        session.add_all(questions)
        session.flush()
        exam = Exam(
            course_id=course.id,
            created_by=teacher.id,
            title="固定分值考试",
            status=ExamStatus.PUBLISHED,
        )
        exam.exam_question_links = [
            ExamQuestion(
                question=q,
                order_index=i + 1,
                score=Decimal(score),
                base_score=Decimal("99.00"),
                published_knowledge_points=tags,
            )
            for i, (q, score, tags) in enumerate(
                zip(questions, ["2.00", "3.00"], [["一次函数"], ["一次函数", "表达与计算"]])
            )
        ]
        session.add(exam)
        session.commit()
        students = [add_student(session, username=f"s{i}") for i in range(7)]
        session.add_all(
            ExamParticipant(exam_id=exam.id, student_id=student.id) for student in students
        )
        submissions = []
        for i, student in enumerate(students[:6]):
            sub = Submission(
                exam_id=exam.id,
                student_id=student.id,
                status=SubmissionStatus.DRAFT if i == 5 else SubmissionStatus.SUBMITTED,
                submitted_at=None if i == 5 else datetime.now(UTC),
            )
            session.add(sub)
            session.flush()
            session.add_all(
                Answer(
                    submission_id=sub.id,
                    question_id=q.id,
                    content="B",
                    status=AnswerStatus.SUBMITTED,
                )
                for q in questions
            )
            submissions.append(sub)
        session.commit()
>       repository = DatabaseGradingRepository(session=session)
                     ^^^^^^^^^^^^^^^^^^^^^^^^^^^^^^^^^^^^^^^^^^
E       TypeError: DatabaseGradingRepository.__init__() got an unexpected keyword argument 'session'

tests\contract\test_results_analysis_api.py:118: TypeError
_ ERROR at setup of test_new_statistics_keep_role_and_course_boundary[Student] _

session = <sqlalchemy.orm.session.Session object at 0x00000261354AD8C0>

    @pytest.fixture
    def analysis_scenario(session):
        teacher = add_teacher(session)
        course = Course(name="考情夹具", created_by=teacher.id)
        session.add(course)
        session.flush()
        questions = [
            Question(
                course_id=course.id,
                created_by=teacher.id,
                type=QuestionType.SINGLE_CHOICE,
                content=f"原题{i}",
                reference_answer="A",
                score=Decimal("99.00"),
                status=QuestionStatus.APPROVED,
                knowledge_points=["当前题库标签"],
            )
            for i in range(2)
        ]
        session.add_all(questions)
        session.flush()
        exam = Exam(
            course_id=course.id,
            created_by=teacher.id,
            title="固定分值考试",
            status=ExamStatus.PUBLISHED,
        )
        exam.exam_question_links = [
            ExamQuestion(
                question=q,
                order_index=i + 1,
                score=Decimal(score),
                base_score=Decimal("99.00"),
                published_knowledge_points=tags,
            )
            for i, (q, score, tags) in enumerate(
                zip(questions, ["2.00", "3.00"], [["一次函数"], ["一次函数", "表达与计算"]])
            )
        ]
        session.add(exam)
        session.commit()
        students = [add_student(session, username=f"s{i}") for i in range(7)]
        session.add_all(
            ExamParticipant(exam_id=exam.id, student_id=student.id) for student in students
        )
        submissions = []
        for i, student in enumerate(students[:6]):
            sub = Submission(
                exam_id=exam.id,
                student_id=student.id,
                status=SubmissionStatus.DRAFT if i == 5 else SubmissionStatus.SUBMITTED,
                submitted_at=None if i == 5 else datetime.now(UTC),
            )
            session.add(sub)
            session.flush()
            session.add_all(
                Answer(
                    submission_id=sub.id,
                    question_id=q.id,
                    content="B",
                    status=AnswerStatus.SUBMITTED,
                )
                for q in questions
            )
            submissions.append(sub)
        session.commit()
>       repository = DatabaseGradingRepository(session=session)
                     ^^^^^^^^^^^^^^^^^^^^^^^^^^^^^^^^^^^^^^^^^^
E       TypeError: DatabaseGradingRepository.__init__() got an unexpected keyword argument 'session'

tests\contract\test_results_analysis_api.py:118: TypeError
_ ERROR at setup of test_new_statistics_keep_role_and_course_boundary[Admin] __

session = <sqlalchemy.orm.session.Session object at 0x00000261354AE7A0>

    @pytest.fixture
    def analysis_scenario(session):
        teacher = add_teacher(session)
        course = Course(name="考情夹具", created_by=teacher.id)
        session.add(course)
        session.flush()
        questions = [
            Question(
                course_id=course.id,
                created_by=teacher.id,
                type=QuestionType.SINGLE_CHOICE,
                content=f"原题{i}",
                reference_answer="A",
                score=Decimal("99.00"),
                status=QuestionStatus.APPROVED,
                knowledge_points=["当前题库标签"],
            )
            for i in range(2)
        ]
        session.add_all(questions)
        session.flush()
        exam = Exam(
            course_id=course.id,
            created_by=teacher.id,
            title="固定分值考试",
            status=ExamStatus.PUBLISHED,
        )
        exam.exam_question_links = [
            ExamQuestion(
                question=q,
                order_index=i + 1,
                score=Decimal(score),
                base_score=Decimal("99.00"),
                published_knowledge_points=tags,
            )
            for i, (q, score, tags) in enumerate(
                zip(questions, ["2.00", "3.00"], [["一次函数"], ["一次函数", "表达与计算"]])
            )
        ]
        session.add(exam)
        session.commit()
        students = [add_student(session, username=f"s{i}") for i in range(7)]
        session.add_all(
            ExamParticipant(exam_id=exam.id, student_id=student.id) for student in students
        )
        submissions = []
        for i, student in enumerate(students[:6]):
            sub = Submission(
                exam_id=exam.id,
                student_id=student.id,
                status=SubmissionStatus.DRAFT if i == 5 else SubmissionStatus.SUBMITTED,
                submitted_at=None if i == 5 else datetime.now(UTC),
            )
            session.add(sub)
            session.flush()
            session.add_all(
                Answer(
                    submission_id=sub.id,
                    question_id=q.id,
                    content="B",
                    status=AnswerStatus.SUBMITTED,
                )
                for q in questions
            )
            submissions.append(sub)
        session.commit()
>       repository = DatabaseGradingRepository(session=session)
                     ^^^^^^^^^^^^^^^^^^^^^^^^^^^^^^^^^^^^^^^^^^
E       TypeError: DatabaseGradingRepository.__init__() got an unexpected keyword argument 'session'

tests\contract\test_results_analysis_api.py:118: TypeError
_ ERROR at setup of test_new_statistics_keep_role_and_course_boundary[Teacher] _

session = <sqlalchemy.orm.session.Session object at 0x00000261357D4A50>

    @pytest.fixture
    def analysis_scenario(session):
        teacher = add_teacher(session)
        course = Course(name="考情夹具", created_by=teacher.id)
        session.add(course)
        session.flush()
        questions = [
            Question(
                course_id=course.id,
                created_by=teacher.id,
                type=QuestionType.SINGLE_CHOICE,
                content=f"原题{i}",
                reference_answer="A",
                score=Decimal("99.00"),
                status=QuestionStatus.APPROVED,
                knowledge_points=["当前题库标签"],
            )
            for i in range(2)
        ]
        session.add_all(questions)
        session.flush()
        exam = Exam(
            course_id=course.id,
            created_by=teacher.id,
            title="固定分值考试",
            status=ExamStatus.PUBLISHED,
        )
        exam.exam_question_links = [
            ExamQuestion(
                question=q,
                order_index=i + 1,
                score=Decimal(score),
                base_score=Decimal("99.00"),
                published_knowledge_points=tags,
            )
            for i, (q, score, tags) in enumerate(
                zip(questions, ["2.00", "3.00"], [["一次函数"], ["一次函数", "表达与计算"]])
            )
        ]
        session.add(exam)
        session.commit()
        students = [add_student(session, username=f"s{i}") for i in range(7)]
        session.add_all(
            ExamParticipant(exam_id=exam.id, student_id=student.id) for student in students
        )
        submissions = []
        for i, student in enumerate(students[:6]):
            sub = Submission(
                exam_id=exam.id,
                student_id=student.id,
                status=SubmissionStatus.DRAFT if i == 5 else SubmissionStatus.SUBMITTED,
                submitted_at=None if i == 5 else datetime.now(UTC),
            )
            session.add(sub)
            session.flush()
            session.add_all(
                Answer(
                    submission_id=sub.id,
                    question_id=q.id,
                    content="B",
                    status=AnswerStatus.SUBMITTED,
                )
                for q in questions
            )
            submissions.append(sub)
        session.commit()
>       repository = DatabaseGradingRepository(session=session)
                     ^^^^^^^^^^^^^^^^^^^^^^^^^^^^^^^^^^^^^^^^^^
E       TypeError: DatabaseGradingRepository.__init__() got an unexpected keyword argument 'session'

tests\contract\test_results_analysis_api.py:118: TypeError
________ ERROR at setup of test_shared_questions_use_each_exam_maximum ________

session = <sqlalchemy.orm.session.Session object at 0x00000261358A8250>

    @pytest.fixture
    def analysis_scenario(session):
        teacher = add_teacher(session)
        course = Course(name="考情夹具", created_by=teacher.id)
        session.add(course)
        session.flush()
        questions = [
            Question(
                course_id=course.id,
                created_by=teacher.id,
                type=QuestionType.SINGLE_CHOICE,
                content=f"原题{i}",
                reference_answer="A",
                score=Decimal("99.00"),
                status=QuestionStatus.APPROVED,
                knowledge_points=["当前题库标签"],
            )
            for i in range(2)
        ]
        session.add_all(questions)
        session.flush()
        exam = Exam(
            course_id=course.id,
            created_by=teacher.id,
            title="固定分值考试",
            status=ExamStatus.PUBLISHED,
        )
        exam.exam_question_links = [
            ExamQuestion(
                question=q,
                order_index=i + 1,
                score=Decimal(score),
                base_score=Decimal("99.00"),
                published_knowledge_points=tags,
            )
            for i, (q, score, tags) in enumerate(
                zip(questions, ["2.00", "3.00"], [["一次函数"], ["一次函数", "表达与计算"]])
            )
        ]
        session.add(exam)
        session.commit()
        students = [add_student(session, username=f"s{i}") for i in range(7)]
        session.add_all(
            ExamParticipant(exam_id=exam.id, student_id=student.id) for student in students
        )
        submissions = []
        for i, student in enumerate(students[:6]):
            sub = Submission(
                exam_id=exam.id,
                student_id=student.id,
                status=SubmissionStatus.DRAFT if i == 5 else SubmissionStatus.SUBMITTED,
                submitted_at=None if i == 5 else datetime.now(UTC),
            )
            session.add(sub)
            session.flush()
            session.add_all(
                Answer(
                    submission_id=sub.id,
                    question_id=q.id,
                    content="B",
                    status=AnswerStatus.SUBMITTED,
                )
                for q in questions
            )
            submissions.append(sub)
        session.commit()
>       repository = DatabaseGradingRepository(session=session)
                     ^^^^^^^^^^^^^^^^^^^^^^^^^^^^^^^^^^^^^^^^^^
E       TypeError: DatabaseGradingRepository.__init__() got an unexpected keyword argument 'session'

tests\contract\test_results_analysis_api.py:118: TypeError
_ ERROR at setup of test_regrading_pending_excludes_previous_final_from_all_aggregates _

session = <sqlalchemy.orm.session.Session object at 0x000002613584FF20>

    @pytest.fixture
    def analysis_scenario(session):
        teacher = add_teacher(session)
        course = Course(name="考情夹具", created_by=teacher.id)
        session.add(course)
        session.flush()
        questions = [
            Question(
                course_id=course.id,
                created_by=teacher.id,
                type=QuestionType.SINGLE_CHOICE,
                content=f"原题{i}",
                reference_answer="A",
                score=Decimal("99.00"),
                status=QuestionStatus.APPROVED,
                knowledge_points=["当前题库标签"],
            )
            for i in range(2)
        ]
        session.add_all(questions)
        session.flush()
        exam = Exam(
            course_id=course.id,
            created_by=teacher.id,
            title="固定分值考试",
            status=ExamStatus.PUBLISHED,
        )
        exam.exam_question_links = [
            ExamQuestion(
                question=q,
                order_index=i + 1,
                score=Decimal(score),
                base_score=Decimal("99.00"),
                published_knowledge_points=tags,
            )
            for i, (q, score, tags) in enumerate(
                zip(questions, ["2.00", "3.00"], [["一次函数"], ["一次函数", "表达与计算"]])
            )
        ]
        session.add(exam)
        session.commit()
        students = [add_student(session, username=f"s{i}") for i in range(7)]
        session.add_all(
            ExamParticipant(exam_id=exam.id, student_id=student.id) for student in students
        )
        submissions = []
        for i, student in enumerate(students[:6]):
            sub = Submission(
                exam_id=exam.id,
                student_id=student.id,
                status=SubmissionStatus.DRAFT if i == 5 else SubmissionStatus.SUBMITTED,
                submitted_at=None if i == 5 else datetime.now(UTC),
            )
            session.add(sub)
            session.flush()
            session.add_all(
                Answer(
                    submission_id=sub.id,
                    question_id=q.id,
                    content="B",
                    status=AnswerStatus.SUBMITTED,
                )
                for q in questions
            )
            submissions.append(sub)
        session.commit()
>       repository = DatabaseGradingRepository(session=session)
                     ^^^^^^^^^^^^^^^^^^^^^^^^^^^^^^^^^^^^^^^^^^
E       TypeError: DatabaseGradingRepository.__init__() got an unexpected keyword argument 'session'

tests\contract\test_results_analysis_api.py:118: TypeError
============================== warnings summary ===============================
..\..\..\develop\Python\Lib\site-packages\fastapi\testclient.py:1
  D:\develop\Python\Lib\site-packages\fastapi\testclient.py:1: StarletteDeprecationWarning: Using `httpx` with `starlette.testclient` is deprecated; install `httpx2` instead.
    from starlette.testclient import TestClient as TestClient  # noqa

-- Docs: https://docs.pytest.org/en/stable/how-to/capture-warnings.html
=========================== short test summary info ===========================
ERROR tests/contract/test_results_analysis_api.py::test_final_statistics_and_participation_are_real_facts
ERROR tests/contract/test_results_analysis_api.py::test_zero_observation_returns_null_not_zero_rates
ERROR tests/contract/test_results_analysis_api.py::test_unknown_historical_association_keeps_total_but_excludes_attribution
ERROR tests/contract/test_results_analysis_api.py::test_current_eligibility_does_not_erase_historical_participation
ERROR tests/contract/test_results_analysis_api.py::test_no_assignment_uses_legacy_whole_student_population
ERROR tests/contract/test_results_analysis_api.py::test_recovered_final_is_not_marked_by_an_old_failed_workflow
ERROR tests/contract/test_results_analysis_api.py::test_new_statistics_keep_role_and_course_boundary[Student]
ERROR tests/contract/test_results_analysis_api.py::test_new_statistics_keep_role_and_course_boundary[Admin]
ERROR tests/contract/test_results_analysis_api.py::test_new_statistics_keep_role_and_course_boundary[Teacher]
ERROR tests/contract/test_results_analysis_api.py::test_shared_questions_use_each_exam_maximum
ERROR tests/contract/test_results_analysis_api.py::test_regrading_pending_excludes_previous_final_from_all_aggregates
14 passed, 1 warning, 11 errors in 29.41s
