........................................................................ [ 55%]
.........................................................                [100%]
============================== warnings summary ===============================
..\..\..\develop\Python\Lib\site-packages\fastapi\testclient.py:1
  D:\develop\Python\Lib\site-packages\fastapi\testclient.py:1: StarletteDeprecationWarning: Using `httpx` with `starlette.testclient` is deprecated; install `httpx2` instead.
    from starlette.testclient import TestClient as TestClient  # noqa

tests/unit/ui/test_seven_page_acceptance.py::test_registered_table_event_authenticates_the_state_after_injection
tests/unit/ui/test_review_view.py::test_registered_select_uses_row_from_two_dimensional_index
tests/unit/ui/test_gradio_app.py::test_create_gradio_app_builds_login_shell
tests/integration/test_student_learning_ui.py::test_homepage_opens_all_feedback_and_logout_resets_new_details
  D:\develop\Python\Lib\site-packages\gradio\components\dataframe.py:197: UserWarning: The `column_limits` parameter is not yet implemented.
    warnings.warn(

tests/unit/ui/test_seven_page_acceptance.py::test_registered_table_event_authenticates_the_state_after_injection
tests/unit/ui/test_review_view.py::test_registered_select_uses_row_from_two_dimensional_index
tests/unit/ui/test_exam_assembly_view.py::test_new_write_controls_exist_and_failure_clears_previous_confirmations
tests/unit/ui/test_exam_scoring_view.py::test_panel_uses_text_amounts_readonly_source_and_explicit_teacher_actions
tests/unit/ui/test_gradio_app.py::test_create_gradio_app_builds_login_shell
tests/integration/test_student_learning_ui.py::test_homepage_opens_all_feedback_and_logout_resets_new_details
  D:\develop\Python\Lib\site-packages\gradio\components\dataframe.py:183: UserWarning: The `row_limits` parameter is not yet implemented.
    warnings.warn(

-- Docs: https://docs.pytest.org/en/stable/how-to/capture-warnings.html
129 passed, 11 warnings in 40.55s
