......................FFFFF............................................. [ 91%]
.......                                                                  [100%]
================================== FAILURES ===================================
_ test_actual_one_shot_provider_results_are_persisted_without_fake_teacher[pass-passed] _

owned_document = (<sqlalchemy.orm.session.Session object at 0x00000169662845A0>, <backend.app.models.document.Document object at 0x0000...0016966284490>, WindowsPath('D:/YJX/Cache/Temp/pytest-of-10169/pytest-299/test_actual_one_shot_provider_0/persistent'))
behavior = 'pass', outcome = 'passed'

    @pytest.mark.parametrize(
        "behavior,outcome",
        [
            ("pass", "passed"),
            ("fail", "failed"),
            ("timeout", "technical_error"),
            ("unknown_evidence", "technical_error"),
            ("forged_identity", "technical_error"),
        ],
    )
    def test_actual_one_shot_provider_results_are_persisted_without_fake_teacher(
        owned_document, behavior, outcome
    ):
        import asyncio
    
        from sqlalchemy import select
    
        from backend.app.models import QuestionRevisionComment
    
        session, _doc, teacher, _root = owned_document
        service, question, refs = semantic_case(owned_document)
        provider = SemanticProvider(behavior)
        view = asyncio.run(
            service.run_validation(
                question.id, actor_id=teacher.id, input_refs=refs, provider=provider
            )
        )
        assert view.outcome == outcome
        assert len(provider.calls) == 1 and provider.closed == 0
        assert view.provenance.model == "fixture-semantic-model"
        assert (
            view.provenance.provider_name is None
        )  # Duck injection cannot invent a provider identity.
>       assert view.provenance.prompt_version == "question-semantics-v1"
E       AssertionError: assert 'question-semantics-v2' == 'question-semantics-v1'
E         
E         - question-semantics-v1
E         ?                     ^
E         + question-semantics-v2
E         ?                     ^

tests\unit\services\test_t166_semantic_validation.py:261: AssertionError
_ test_actual_one_shot_provider_results_are_persisted_without_fake_teacher[fail-failed] _

owned_document = (<sqlalchemy.orm.session.Session object at 0x00000169660E9650>, <backend.app.models.document.Document object at 0x0000...0016966285260>, WindowsPath('D:/YJX/Cache/Temp/pytest-of-10169/pytest-299/test_actual_one_shot_provider_1/persistent'))
behavior = 'fail', outcome = 'failed'

    @pytest.mark.parametrize(
        "behavior,outcome",
        [
            ("pass", "passed"),
            ("fail", "failed"),
            ("timeout", "technical_error"),
            ("unknown_evidence", "technical_error"),
            ("forged_identity", "technical_error"),
        ],
    )
    def test_actual_one_shot_provider_results_are_persisted_without_fake_teacher(
        owned_document, behavior, outcome
    ):
        import asyncio
    
        from sqlalchemy import select
    
        from backend.app.models import QuestionRevisionComment
    
        session, _doc, teacher, _root = owned_document
        service, question, refs = semantic_case(owned_document)
        provider = SemanticProvider(behavior)
        view = asyncio.run(
            service.run_validation(
                question.id, actor_id=teacher.id, input_refs=refs, provider=provider
            )
        )
        assert view.outcome == outcome
        assert len(provider.calls) == 1 and provider.closed == 0
        assert view.provenance.model == "fixture-semantic-model"
        assert (
            view.provenance.provider_name is None
        )  # Duck injection cannot invent a provider identity.
>       assert view.provenance.prompt_version == "question-semantics-v1"
E       AssertionError: assert 'question-semantics-v2' == 'question-semantics-v1'
E         
E         - question-semantics-v1
E         ?                     ^
E         + question-semantics-v2
E         ?                     ^

tests\unit\services\test_t166_semantic_validation.py:261: AssertionError
_ test_actual_one_shot_provider_results_are_persisted_without_fake_teacher[timeout-technical_error] _

owned_document = (<sqlalchemy.orm.session.Session object at 0x0000016966245450>, <backend.app.models.document.Document object at 0x0000...0016966245950>, WindowsPath('D:/YJX/Cache/Temp/pytest-of-10169/pytest-299/test_actual_one_shot_provider_2/persistent'))
behavior = 'timeout', outcome = 'technical_error'

    @pytest.mark.parametrize(
        "behavior,outcome",
        [
            ("pass", "passed"),
            ("fail", "failed"),
            ("timeout", "technical_error"),
            ("unknown_evidence", "technical_error"),
            ("forged_identity", "technical_error"),
        ],
    )
    def test_actual_one_shot_provider_results_are_persisted_without_fake_teacher(
        owned_document, behavior, outcome
    ):
        import asyncio
    
        from sqlalchemy import select
    
        from backend.app.models import QuestionRevisionComment
    
        session, _doc, teacher, _root = owned_document
        service, question, refs = semantic_case(owned_document)
        provider = SemanticProvider(behavior)
        view = asyncio.run(
            service.run_validation(
                question.id, actor_id=teacher.id, input_refs=refs, provider=provider
            )
        )
        assert view.outcome == outcome
        assert len(provider.calls) == 1 and provider.closed == 0
        assert view.provenance.model == "fixture-semantic-model"
        assert (
            view.provenance.provider_name is None
        )  # Duck injection cannot invent a provider identity.
>       assert view.provenance.prompt_version == "question-semantics-v1"
E       AssertionError: assert 'question-semantics-v2' == 'question-semantics-v1'
E         
E         - question-semantics-v1
E         ?                     ^
E         + question-semantics-v2
E         ?                     ^

tests\unit\services\test_t166_semantic_validation.py:261: AssertionError
_ test_actual_one_shot_provider_results_are_persisted_without_fake_teacher[unknown_evidence-technical_error] _

owned_document = (<sqlalchemy.orm.session.Session object at 0x0000016966434E60>, <backend.app.models.document.Document object at 0x0000...0016966247E50>, WindowsPath('D:/YJX/Cache/Temp/pytest-of-10169/pytest-299/test_actual_one_shot_provider_3/persistent'))
behavior = 'unknown_evidence', outcome = 'technical_error'

    @pytest.mark.parametrize(
        "behavior,outcome",
        [
            ("pass", "passed"),
            ("fail", "failed"),
            ("timeout", "technical_error"),
            ("unknown_evidence", "technical_error"),
            ("forged_identity", "technical_error"),
        ],
    )
    def test_actual_one_shot_provider_results_are_persisted_without_fake_teacher(
        owned_document, behavior, outcome
    ):
        import asyncio
    
        from sqlalchemy import select
    
        from backend.app.models import QuestionRevisionComment
    
        session, _doc, teacher, _root = owned_document
        service, question, refs = semantic_case(owned_document)
        provider = SemanticProvider(behavior)
        view = asyncio.run(
            service.run_validation(
                question.id, actor_id=teacher.id, input_refs=refs, provider=provider
            )
        )
        assert view.outcome == outcome
        assert len(provider.calls) == 1 and provider.closed == 0
        assert view.provenance.model == "fixture-semantic-model"
        assert (
            view.provenance.provider_name is None
        )  # Duck injection cannot invent a provider identity.
>       assert view.provenance.prompt_version == "question-semantics-v1"
E       AssertionError: assert 'question-semantics-v2' == 'question-semantics-v1'
E         
E         - question-semantics-v1
E         ?                     ^
E         + question-semantics-v2
E         ?                     ^

tests\unit\services\test_t166_semantic_validation.py:261: AssertionError
_ test_actual_one_shot_provider_results_are_persisted_without_fake_teacher[forged_identity-technical_error] _

owned_document = (<sqlalchemy.orm.session.Session object at 0x0000016966434050>, <backend.app.models.document.Document object at 0x0000...0016965FBA7B0>, WindowsPath('D:/YJX/Cache/Temp/pytest-of-10169/pytest-299/test_actual_one_shot_provider_4/persistent'))
behavior = 'forged_identity', outcome = 'technical_error'

    @pytest.mark.parametrize(
        "behavior,outcome",
        [
            ("pass", "passed"),
            ("fail", "failed"),
            ("timeout", "technical_error"),
            ("unknown_evidence", "technical_error"),
            ("forged_identity", "technical_error"),
        ],
    )
    def test_actual_one_shot_provider_results_are_persisted_without_fake_teacher(
        owned_document, behavior, outcome
    ):
        import asyncio
    
        from sqlalchemy import select
    
        from backend.app.models import QuestionRevisionComment
    
        session, _doc, teacher, _root = owned_document
        service, question, refs = semantic_case(owned_document)
        provider = SemanticProvider(behavior)
        view = asyncio.run(
            service.run_validation(
                question.id, actor_id=teacher.id, input_refs=refs, provider=provider
            )
        )
        assert view.outcome == outcome
        assert len(provider.calls) == 1 and provider.closed == 0
        assert view.provenance.model == "fixture-semantic-model"
        assert (
            view.provenance.provider_name is None
        )  # Duck injection cannot invent a provider identity.
>       assert view.provenance.prompt_version == "question-semantics-v1"
E       AssertionError: assert 'question-semantics-v2' == 'question-semantics-v1'
E         
E         - question-semantics-v1
E         ?                     ^
E         + question-semantics-v2
E         ?                     ^

tests\unit\services\test_t166_semantic_validation.py:261: AssertionError
============================== warnings summary ===============================
..\..\..\develop\Python\Lib\site-packages\fastapi\testclient.py:1
  D:\develop\Python\Lib\site-packages\fastapi\testclient.py:1: StarletteDeprecationWarning: Using `httpx` with `starlette.testclient` is deprecated; install `httpx2` instead.
    from starlette.testclient import TestClient as TestClient  # noqa

-- Docs: https://docs.pytest.org/en/stable/how-to/capture-warnings.html
=========================== short test summary info ===========================
FAILED tests/unit/services/test_t166_semantic_validation.py::test_actual_one_shot_provider_results_are_persisted_without_fake_teacher[pass-passed]
FAILED tests/unit/services/test_t166_semantic_validation.py::test_actual_one_shot_provider_results_are_persisted_without_fake_teacher[fail-failed]
FAILED tests/unit/services/test_t166_semantic_validation.py::test_actual_one_shot_provider_results_are_persisted_without_fake_teacher[timeout-technical_error]
FAILED tests/unit/services/test_t166_semantic_validation.py::test_actual_one_shot_provider_results_are_persisted_without_fake_teacher[unknown_evidence-technical_error]
FAILED tests/unit/services/test_t166_semantic_validation.py::test_actual_one_shot_provider_results_are_persisted_without_fake_teacher[forged_identity-technical_error]
5 failed, 74 passed, 1 warning in 36.17s
