BLE001 Do not catch blind exception: `Exception`
   --> backend\app\ui\results_view.py:622:13
    |
620 |             )
621 |         except (
622 |             Exception
    |             ^^^^^^^^^
623 |         ):  # noqa: BLE001 - actual answer failure stays explicit, no replacement
624 |             details = None
    |

RUF100 [*] Unused `noqa` directive (unused: `BLE001`)
   --> backend\app\ui\results_view.py:623:13
    |
621 |         except (
622 |             Exception
623 |         ):  # noqa: BLE001 - actual answer failure stays explicit, no replacement
    |             ^^^^^^^^^^^^^^
624 |             details = None
625 |     return (
    |
help: Remove unused `noqa` directive
    |
622 |             Exception
    -         ):  # noqa: BLE001 - actual answer failure stays explicit, no replacement
623 +         ):
624 |             details = None
    |

Found 2 errors.
[*] 1 fixable with the `--fix` option.
