..F                                                                      [100%]
================================== FAILURES ===================================
____________ test_revision_first_invalidates_inflight_publication _____________

database = (Engine(postgresql+psycopg://eduagent@127.0.0.1:5432/eduagent_t179_8756bb66a88f), {'actor': UUID('af0ea0e2-1a27-4e27-a...4f00-bd4c-eff5d5eff6f6'), UUID('31851816-7965-4a37-a37b-4763e21690cd'), UUID('dc12d518-d65c-43ac-94b6-45f462c04acc')]})

    def test_revision_first_invalidates_inflight_publication(database):
        engine, info = database
        qid = info["questions"][1]
        pid_queue = Queue()
    
        def publisher():
            with Session(engine) as session:
                pid_queue.put(session.scalar(text("SELECT pg_backend_pid()")))
                try:
                    ExamService(session).publish_exam(info["exam"], teacher_id=info["actor"])
                    raise AssertionError("Publication used stale approved/scoring facts")
                except ExamValidationError as error:
                    session.rollback()
                    return str(error)
    
        with Session(engine) as revising, ThreadPoolExecutor(max_workers=1) as pool:
            revising.scalar(select(Course).where(Course.id == info["course"]).with_for_update())
            holder = revising.scalar(text("SELECT pg_backend_pid()"))
            future = pool.submit(publisher)
            waiter = pid_queue.get(timeout=5)
            try:
                assert_blocked_by(engine, waiter, holder, future)
                QuestionService(revising).update_question_status(
                    qid, QuestionStatus.NEEDS_REVISION, teacher_id=info["actor"],
                    revision_comment="Explicit synthetic revision before publication commits",
                )
            finally:
                revising.rollback()
            assert "Needs Revision" in future.result(timeout=10)
        with Session(engine) as fresh:
            assert fresh.get(Question, qid).status == QuestionStatus.NEEDS_REVISION
            exam = fresh.get(Exam, info["exam"])
            assert exam.status == ExamStatus.DRAFT
            assert exam.exam_question_links[0].question_id == qid
>           assert exam.exam_question_links[0].scoring_basis is None
E           AssertionError: assert {'kind': 'subjective', 'points': [], 'additive': False, 'confirmation': {'reason': '自动测试创建的合成教师确认：沿用本夹具原题满分与原文字标准；不代表真实教师标注。', 'teacher_id': 'af0ea0e2-1a27-4e27-a8b9-7990cc393fcb', 'confirmed_at': '2026-10-05T01:36:38.809060Z'}, ...} is None
E            +  where {'kind': 'subjective', 'points': [], 'additive': False, 'confirmation': {'reason': '自动测试创建的合成教师确认：沿用本夹具原题满分与原文字标准；不代表真实教师标注。', 'teacher_id': 'af0ea0e2-1a27-4e27-a8b9-7990cc393fcb', 'confirmed_at': '2026-10-05T01:36:38.809060Z'}, ...} = <backend.app.models.exam_question.ExamQuestion object at 0x000001CCA01DBCB0>.scoring_basis

tests\integration\test_t179_publication_races.py:128: AssertionError
=========================== short test summary info ===========================
FAILED tests/integration/test_t179_publication_races.py::test_revision_first_invalidates_inflight_publication
1 failed, 2 passed in 8.59s
