{"run_id": "ASM-1-SAT-cold-1-e4ac07c5", "passed": true, "ms": 737, "memory_complete": true}
{"run_id": "ASM-1-SAT-cold-2-208b5537", "passed": true, "ms": 707, "memory_complete": true}
{"run_id": "ASM-1-SAT-cold-3-0c93123d", "passed": true, "ms": 687.6000000238419, "memory_complete": true}
{"run_id": "ASM-1-SAT-warm-0-775beb0f", "passed": true, "ms": 673.6999999880791, "memory_complete": true}
{"run_id": "ASM-1-SAT-warm-1-c3fc5cda", "passed": true, "ms": 882.1000000238419, "memory_complete": true}
{"run_id": "ASM-1-SAT-warm-2-8562cd1a", "passed": true, "ms": 681.6999999880791, "memory_complete": true}
{"run_id": "ASM-1-SAT-warm-3-9a12b98f", "passed": true, "ms": 695.5, "memory_complete": true}
{"run_id": "ASM-1-SAT-warm-4-014748b7", "passed": true, "ms": 680.3999999761581, "memory_complete": true}
{"run_id": "ASM-1-SAT-warm-5-ebb380f3", "passed": true, "ms": 680, "memory_complete": true}
{"run_id": "ASM-1-UNSAT-cold-1-b55c6539", "passed": true, "ms": 678.8999999761581, "memory_complete": true}
{"run_id": "ASM-1-UNSAT-cold-2-cc2a8dda", "passed": true, "ms": 626.3999999761581, "memory_complete": true}
{"run_id": "ASM-1-UNSAT-cold-3-29ec25ea", "passed": true, "ms": 653.3999999761581, "memory_complete": true}
{"run_id": "ASM-1-UNSAT-warm-0-25234dc1", "passed": true, "ms": 625.6999999880791, "memory_complete": true}
{"run_id": "ASM-1-UNSAT-warm-1-521fe48e", "passed": true, "ms": 646.0999999642372, "memory_complete": true}
{"run_id": "ASM-1-UNSAT-warm-2-0d9c7944", "passed": true, "ms": 609.4000000357628, "memory_complete": true}
{"run_id": "ASM-1-UNSAT-warm-3-4ed3dc60", "passed": true, "ms": 660.6999999880791, "memory_complete": true}
{"run_id": "ASM-1-UNSAT-warm-4-b9d864ea", "passed": true, "ms": 593.6000000238419, "memory_complete": true}
{"run_id": "ASM-1-UNSAT-warm-5-cda3de52", "passed": true, "ms": 688.3000000119209, "memory_complete": true}
{"run_id": "ASM-25-SAT-cold-1-79ffd0e5", "passed": true, "ms": 992.5, "memory_complete": true}
{"run_id": "ASM-25-SAT-cold-2-b834e5bb", "passed": true, "ms": 999, "memory_complete": true}
{"run_id": "ASM-25-SAT-cold-3-d25ce82e", "passed": true, "ms": 988.5, "memory_complete": true}
{"run_id": "ASM-25-SAT-warm-0-280ebd2c", "passed": true, "ms": 1127.5, "memory_complete": true}
{"run_id": "ASM-25-SAT-warm-1-247895b1", "passed": true, "ms": 1271.7999999523163, "memory_complete": true}
{"run_id": "ASM-25-SAT-warm-2-0293810e", "passed": true, "ms": 1397.699999988079, "memory_complete": true}
{"run_id": "ASM-25-SAT-warm-3-79d2b515", "passed": true, "ms": 1195.699999988079, "memory_complete": true}
{"run_id": "ASM-25-SAT-warm-4-ec5ab548", "passed": true, "ms": 1250.0999999642372, "memory_complete": true}
{"run_id": "ASM-25-SAT-warm-5-65e87dbc", "passed": true, "ms": 974, "memory_complete": true}
{"run_id": "ASM-25-UNSAT-cold-1-cd826b17", "passed": true, "ms": 690, "memory_complete": true}
{"run_id": "ASM-25-UNSAT-cold-2-ed924bce", "passed": true, "ms": 712.3000000119209, "memory_complete": true}
{"run_id": "ASM-25-UNSAT-cold-3-87dfad9f", "passed": true, "ms": 723, "memory_complete": true}
{"run_id": "ASM-25-UNSAT-warm-0-b44e21fc", "passed": true, "ms": 704.1999999880791, "memory_complete": true}
{"run_id": "ASM-25-UNSAT-warm-1-367bca56", "passed": true, "ms": 856.8000000119209, "memory_complete": true}
{"run_id": "ASM-25-UNSAT-warm-2-68d9a8d3", "passed": true, "ms": 717.8999999761581, "memory_complete": true}
{"run_id": "ASM-25-UNSAT-warm-3-6e50b4ed", "passed": true, "ms": 675, "memory_complete": true}
{"run_id": "ASM-25-UNSAT-warm-4-b04f108f", "passed": true, "ms": 669.6999999880791, "memory_complete": true}
{"run_id": "ASM-25-UNSAT-warm-5-23b32b13", "passed": true, "ms": 708.6000000238419, "memory_complete": true}
{"run_id": "ASM-100-SAT-cold-1-c94ab2cd", "passed": true, "ms": 1348.1000000238419, "memory_complete": true}
{"run_id": "ASM-100-SAT-cold-2-88cc9dbf", "passed": true, "ms": 1374.2999999523163, "memory_complete": true}
{"run_id": "ASM-100-SAT-cold-3-aa2729c1", "passed": true, "ms": 1305.199999988079, "memory_complete": true}
{"run_id": "ASM-100-SAT-warm-0-d8b76a39", "passed": true, "ms": 1225.5, "memory_complete": true}
{"run_id": "ASM-100-SAT-warm-1-80b6114d", "passed": true, "ms": 1285.5, "memory_complete": true}
{"run_id": "ASM-100-SAT-warm-2-d2f4fcf8", "passed": true, "ms": 1273.300000011921, "memory_complete": true}
{"run_id": "ASM-100-SAT-warm-3-b74fa796", "passed": true, "ms": 1571.8999999761581, "memory_complete": true}
{"run_id": "ASM-100-SAT-warm-4-3d42041d", "passed": true, "ms": 1308.8999999761581, "memory_complete": true}
{"run_id": "ASM-100-SAT-warm-5-4d0b3260", "passed": true, "ms": 1307.5999999642372, "memory_complete": true}
{"run_id": "ASM-100-UNSAT-cold-1-58c758ed", "passed": true, "ms": 714.5999999642372, "memory_complete": true}
{"run_id": "ASM-100-UNSAT-cold-2-7d4e3a12", "passed": true, "ms": 673.0999999642372, "memory_complete": true}
{"run_id": "ASM-100-UNSAT-cold-3-580fe70d", "passed": true, "ms": 678.8999999761581, "memory_complete": true}
{"run_id": "ASM-100-UNSAT-warm-0-926b5f1f", "passed": true, "ms": 722.3000000119209, "memory_complete": true}
{"run_id": "ASM-100-UNSAT-warm-1-88a90c51", "passed": true, "ms": 854.8000000119209, "memory_complete": true}
{"run_id": "ASM-100-UNSAT-warm-2-1a796dbe", "passed": true, "ms": 700.7000000476837, "memory_complete": true}
{"run_id": "ASM-100-UNSAT-warm-3-680d3d1e", "passed": true, "ms": 628.6000000238419, "memory_complete": true}
{"run_id": "ASM-100-UNSAT-warm-4-705a9fcd", "passed": true, "ms": 721.1999999880791, "memory_complete": true}
{"run_id": "ASM-100-UNSAT-warm-5-be27512e", "passed": true, "ms": 688.6000000238419, "memory_complete": true}
{"planned": 48, "attempted": 48, "business_passed": 48, "latency_passed": 48, "resource_complete": 48, "memory_passed": 48, "completed_at": "2026-10-05T02:46:52.391134+00:00", "passed": true}
