D:\develop\Python\Lib\site-packages\gradio\components\dataframe.py:197: UserWarning: The `column_limits` parameter is not yet implemented.
  warnings.warn(
D:\develop\Python\Lib\site-packages\gradio\components\dataframe.py:197: UserWarning: The `column_limits` parameter is not yet implemented.
  warnings.warn(
Traceback (most recent call last):
  File "D:\develop\Python\Lib\site-packages\gradio\queueing.py", line 882, in process_events
    response = await route_utils.call_process_api(
               ^^^^^^^^^^^^^^^^^^^^^^^^^^^^^^^^^^^
    ...<5 lines>...
    )
    ^
  File "D:\develop\Python\Lib\site-packages\gradio\route_utils.py", line 410, in call_process_api
    output = await app.get_blocks().process_api(
             ^^^^^^^^^^^^^^^^^^^^^^^^^^^^^^^^^^^
    ...<12 lines>...
    )
    ^
  File "D:\develop\Python\Lib\site-packages\gradio\blocks.py", line 2324, in process_api
    inputs = await self.preprocess_data(
             ^^^^^^^^^^^^^^^^^^^^^^^^^^^
        block_fn, inputs, state, explicit_call
        ^^^^^^^^^^^^^^^^^^^^^^^^^^^^^^^^^^^^^^
    )
    ^
  File "D:\develop\Python\Lib\site-packages\gradio\blocks.py", line 1908, in preprocess_data
    processed_value = await anyio.to_thread.run_sync(
                      ^^^^^^^^^^^^^^^^^^^^^^^^^^^^^^^
        block.preprocess, inputs_cached, limiter=self.limiter
        ^^^^^^^^^^^^^^^^^^^^^^^^^^^^^^^^^^^^^^^^^^^^^^^^^^^^^
    )
    ^
  File "D:\develop\Python\Lib\site-packages\anyio\to_thread.py", line 63, in run_sync
    return await get_async_backend().run_sync_in_worker_thread(
           ^^^^^^^^^^^^^^^^^^^^^^^^^^^^^^^^^^^^^^^^^^^^^^^^^^^^
        func, args, abandon_on_cancel=abandon_on_cancel, limiter=limiter
        ^^^^^^^^^^^^^^^^^^^^^^^^^^^^^^^^^^^^^^^^^^^^^^^^^^^^^^^^^^^^^^^^
    )
    ^
  File "D:\develop\Python\Lib\site-packages\anyio\_backends\_asyncio.py", line 2518, in run_sync_in_worker_thread
    return await future
           ^^^^^^^^^^^^
  File "D:\develop\Python\Lib\site-packages\anyio\_backends\_asyncio.py", line 1002, in run
    result = context.run(func, *args)
  File "D:\develop\Python\Lib\site-packages\gradio\components\dropdown.py", line 211, in preprocess
    raise Error(
        f"Value: {payload} is not in the list of choices: {choice_values}"
    )
gradio.exceptions.Error: 'Value: 2e59f446-96da-4060-9816-a7e4108a3bba is not in the list of choices: []'
D:\develop\Python\Lib\site-packages\gradio\components\dataframe.py:197: UserWarning: The `column_limits` parameter is not yet implemented.
  warnings.warn(
D:\develop\Python\Lib\site-packages\gradio\components\dataframe.py:197: UserWarning: The `column_limits` parameter is not yet implemented.
  warnings.warn(
D:\develop\Python\Lib\site-packages\gradio\components\dataframe.py:197: UserWarning: The `column_limits` parameter is not yet implemented.
  warnings.warn(
