D:\develop\Python\Lib\site-packages\fastapi\testclient.py:1: StarletteDeprecationWarning: Using `httpx` with `starlette.testclient` is deprecated; install `httpx2` instead.
  from starlette.testclient import TestClient as TestClient  # noqa
basis_error: EXAM_SCORING_BASIS_MISSING
type SINGLE_CHOICE score 10.00 fixed? False
type SHORT_ANSWER score 10.00 fixed? True
Traceback (most recent call last):
  File "D:\develop\Python\Lib\shutil.py", line 625, in _rmtree_unsafe
    os.unlink(fullname)
    ~~~~~~~~~^^^^^^^^^^
PermissionError: [WinError 32] 另一个程序正在使用此文件，进程无法访问。: 'D:\\YJX\\Cache\\Temp\\tmpdmcm4hv9\\workflow.db'

During handling of the above exception, another exception occurred:

Traceback (most recent call last):
  File "D:\YJX\MyCode\EduAgent\.cache\t175-178-20261004\inspect_workflow_state.py", line 6, in <module>
    with TemporaryDirectory() as tmp:
         ~~~~~~~~~~~~~~~~~~^^
  File "D:\develop\Python\Lib\tempfile.py", line 951, in __exit__
    self.cleanup()
    ~~~~~~~~~~~~^^
  File "D:\develop\Python\Lib\tempfile.py", line 955, in cleanup
    self._rmtree(self.name, ignore_errors=self._ignore_cleanup_errors)
    ~~~~~~~~~~~~^^^^^^^^^^^^^^^^^^^^^^^^^^^^^^^^^^^^^^^^^^^^^^^^^^^^^^
  File "D:\develop\Python\Lib\tempfile.py", line 935, in _rmtree
    _shutil.rmtree(name, onexc=onexc)
    ~~~~~~~~~~~~~~^^^^^^^^^^^^^^^^^^^
  File "D:\develop\Python\Lib\shutil.py", line 790, in rmtree
    return _rmtree_unsafe(path, onexc)
  File "D:\develop\Python\Lib\shutil.py", line 629, in _rmtree_unsafe
    onexc(os.unlink, fullname, err)
    ~~~~~^^^^^^^^^^^^^^^^^^^^^^^^^^
  File "D:\develop\Python\Lib\tempfile.py", line 910, in onexc
    _os.unlink(path)
    ~~~~~~~~~~^^^^^^
PermissionError: [WinError 32] 另一个程序正在使用此文件，进程无法访问。: 'D:\\YJX\\Cache\\Temp\\tmpdmcm4hv9\\workflow.db'
