........................................................................ [ 66%]
.......F.............................                                    [100%]
================================== FAILURES ===================================
__ test_reconstructed_executor_loads_persisted_scope_into_subjective_source ___

engine = Engine(sqlite:///:memory:)
fixture = SubmissionFixture(teacher_id=UUID('a3bf43aa-f1d4-433a-bb84-e64fe2555d65'), student_id=UUID('b29c70dd-9096-4bea-8f8f-15...wer_id=UUID('7de19880-fbb9-441a-9969-ee5999f628d1'), subjective_answer_id=UUID('e5327639-12e9-4b77-872c-925b3a3d3ede'))
repository = <backend.app.services.grading.grading_repository.DatabaseGradingRepository object at 0x000001D35E335E50>

    def test_reconstructed_executor_loads_persisted_scope_into_subjective_source(
        engine: Engine,
        fixture: SubmissionFixture,
        repository: DatabaseGradingRepository,
    ) -> None:
        from backend.app.schemas.retrieval_scope import RetrievalScope
        from backend.app.services.grading.grading_task_service import (
            DatabaseGradingSubmissionReader,
            InlineGradingTaskExecutor,
        )
        from backend.app.services.grading.subjective_pipeline import build_subjective_source
    
        scope = RetrievalScope(knowledge_points=["persisted tag"])
        repository.save_task(
            _task(fixture), request_id="persisted-scope", retrieval_scope=scope
        )
        sources: list[object] = []
    
        class Pipeline:
            def score(self, snapshot: object) -> GradingOutcome:
                target = next(
                    answer
                    for answer in snapshot.answers
                    if answer.answer_id == str(fixture.subjective_answer_id)
                )
                sources.append(build_subjective_source(snapshot, target))
                return _outcome(fixture)
    
        session_factory = lambda: Session(engine)
        reconstructed = DatabaseGradingRepository(session_factory=session_factory)
        executor = InlineGradingTaskExecutor(
            repository=reconstructed,
            reader=DatabaseGradingSubmissionReader(session_factory=session_factory),
            pipeline=Pipeline(),
        )
        executor.execute("task-1", str(fixture.submission_id))
>       assert sources[0].retrieval_scope == scope
               ^^^^^^^^^^
E       IndexError: list index out of range

tests\unit\grading\test_grading_repository.py:1167: IndexError
=========================== short test summary info ===========================
FAILED tests/unit/grading/test_grading_repository.py::test_reconstructed_executor_loads_persisted_scope_into_subjective_source
1 failed, 108 passed in 6.50s
