TRY004 Prefer `TypeError` exception for invalid type
   --> backend\app\schemas\grading.py:157:13
    |
155 |           raw = value["ordered_options"]
156 |           if not isinstance(raw, list):
157 | /             raise ValueError(
158 | |                 "检查点选项须为真实有序键值对。"
159 | |             )  # noqa: TRY004 - Pydantic validation boundary
    | |_____________^
160 |           items: dict[str, JsonValue] = {}
161 |           for pair in raw:
    |

RUF100 [*] Unused `noqa` directive (unused: `TRY004`)
   --> backend\app\schemas\grading.py:159:16
    |
157 |             raise ValueError(
158 |                 "检查点选项须为真实有序键值对。"
159 |             )  # noqa: TRY004 - Pydantic validation boundary
    |                ^^^^^^^^^^^^^^
160 |         items: dict[str, JsonValue] = {}
161 |         for pair in raw:
    |
help: Remove unused `noqa` directive
    |
158 |                 "检查点选项须为真实有序键值对。"
    -             )  # noqa: TRY004 - Pydantic validation boundary
159 +             )
160 |         items: dict[str, JsonValue] = {}
    |

RUF059 Unpacked variable `info` is never used
   --> tests\unit\grading\test_scoring_inputs.py:285:13
    |
283 |     from backend.app.services.grading.result_aggregator import ResultAggregator
284 |
285 |     engine, info = database
    |             ^^^^
286 |     value = ResultAggregator().aggregate(snapshot(database).to_context(), results=[])
287 |     value = value.model_copy(update={field: str(uuid4())})
    |
help: Prefix it with an underscore or any other dummy variable pattern

Found 3 errors.
[*] 1 fixable with the `--fix` option (1 hidden fix can be enabled with the `--unsafe-fixes` option).
