============================= test session starts =============================
platform win32 -- Python 3.13.13, pytest-9.1.1, pluggy-1.6.0 -- D:\YJX\MyCode\EduAgent\.cache\e2-t157-159-20261002\runtime\Scripts\python.exe
cachedir: .pytest_cache
rootdir: D:\YJX\MyCode\EduAgent
configfile: pyproject.toml
plugins: anyio-4.13.0, langsmith-0.8.6
collecting ... collected 1 item

tests/contract/test_workflow_api_contract.py::test_start_run_pauses_for_review_with_persistent_checkpoint FAILED [100%]

================================== FAILURES ===================================
_________ test_start_run_pauses_for_review_with_persistent_checkpoint _________

env = {'engine': Engine(sqlite:///D:\YJX\Cache\Temp\pytest-of-10169\pytest-224\test_start_run_pauses_for_revi0\workflow.db),...er_id=UUID('25bda0f6-5520-4e49-bd15-2b4b885d84c0'), subjective_answer_id=UUID('46f89a4f-48e3-4416-94aa-d93760d3af5d'))}
client_factory = <function client_factory.<locals>.factory at 0x0000021066A70860>

    def test_start_run_pauses_for_review_with_persistent_checkpoint(
        env: dict[str, Any], client_factory: Any
    ) -> None:
        """真实服务 + 真实持久 Checkpointer 跑到 interrupt：状态可查、待复核答案可见。"""
    
        client = client_factory(_service(env))
        response = _start(client, env)
    
>       assert response.status_code == 200
E       assert 409 == 200
E        +  where 409 = <Response [409 Conflict]>.status_code

client     = <starlette.testclient.TestClient object at 0x0000021066AEFCB0>
client_factory = <function client_factory.<locals>.factory at 0x0000021066A70860>
env        = {'engine': Engine(sqlite:///D:\YJX\Cache\Temp\pytest-of-10169\pytest-224\test_start_run_pauses_for_revi0\workflow.db),
 'fixture': SubmissionFixture(teacher_id=UUID('6c32fe3f-822e-469e-a350-5408a26e97e8'),
                              student_id=UUID('c82faacb-ab89-4211-9fa7-aff934758a69'),
                              course_id=UUID('f24a847c-157e-455a-be5b-0dc94946e8c7'),
                              objective_question_id=UUID('a495cd93-0ac0-47ff-9001-05c76534cde7'),
                              subjective_question_id=UUID('65e9e8d6-0920-414d-b3ba-3be6ff571ffa'),
                              exam_id=UUID('2ea46c07-5cbd-40df-a2ea-892449f537fc'),
                              submission_id=UUID('a4439daf-3c4c-4c46-8972-72e73b30d190'),
                              objective_answer_id=UUID('25bda0f6-5520-4e49-bd15-2b4b885d84c0'),
                              subjective_answer_id=UUID('46f89a4f-48e3-4416-94aa-d93760d3af5d'))}
response   = <Response [409 Conflict]>

tests\contract\test_workflow_api_contract.py:467: AssertionError
============================== warnings summary ===============================
..\..\..\develop\Python\Lib\site-packages\fastapi\testclient.py:1
  D:\develop\Python\Lib\site-packages\fastapi\testclient.py:1: StarletteDeprecationWarning: Using `httpx` with `starlette.testclient` is deprecated; install `httpx2` instead.
    from starlette.testclient import TestClient as TestClient  # noqa

-- Docs: https://docs.pytest.org/en/stable/how-to/capture-warnings.html
- generated xml file: D:\YJX\MyCode\EduAgent\.cache\t175-178-20261004\t176_state_contract_diagnose.xml -
=========================== short test summary info ===========================
FAILED tests/contract/test_workflow_api_contract.py::test_start_run_pauses_for_review_with_persistent_checkpoint - assert 409 == 200
 +  where 409 = <Response [409 Conflict]>.status_code
======================== 1 failed, 1 warning in 11.13s ========================
