...........................F.............F.....                          [100%]
================================== FAILURES ===================================
_________ test_exam_service_enforces_owner_and_freezes_published_exam _________

session = <sqlalchemy.orm.session.Session object at 0x000001737CCCE120>

    def test_exam_service_enforces_owner_and_freezes_published_exam(
        session: Session,
    ) -> None:
        """非课程所有者不能组卷，已发布考试不能继续修改题目。"""
    
        teacher = add_teacher(session)
        another_teacher = add_teacher(
            session,
            username="another-teacher",
            email="another-teacher@example.com",
        )
        course = add_course(session, teacher)
        question_id = add_question(session, course, teacher, approved=True)
        service = ExamService(session)
        exam = service.create_exam(
            course_id=course.id,
            title="权限测验",
            question_ids=[question_id],
            created_by=teacher.id,
        )
    
        with pytest.raises(ExamPermissionError, match="无权访问"):
>           service.publish_exam(exam.id, teacher_id=another_teacher.id)

tests\unit\services\test_exam_service.py:313: 
_ _ _ _ _ _ _ _ _ _ _ _ _ _ _ _ _ _ _ _ _ _ _ _ _ _ _ _ _ _ _ _ _ _ _ _ _ _ _ _
backend\app\services\exam_service.py:699: in publish_exam
    exam = assembly._load_exam(_normalize_uuid(exam_id, "考试标识"), actor)
           ^^^^^^^^^^^^^^^^^^^^^^^^^^^^^^^^^^^^^^^^^^^^^^^^^^^^^^^^^^^^
_ _ _ _ _ _ _ _ _ _ _ _ _ _ _ _ _ _ _ _ _ _ _ _ _ _ _ _ _ _ _ _ _ _ _ _ _ _ _ _

self = <backend.app.services.exam_assembly_service.ExamAssemblyService object at 0x000001737CD4D630>
exam_id = UUID('2b732035-fd29-41b8-bd75-981c370ecd67')
actor_id = UUID('27e1bca9-d3b9-4a55-bc53-892dba456031')

    def _load_exam(self, exam_id: UUID, actor_id: UUID) -> Exam:
        # Discover ownership, then lock in Course -> Exam -> ordered Question order.
        course_id = self.session.scalar(
            select(Exam.course_id).where(Exam.id == exam_id)
        )
        if course_id is None:
            raise AssemblyError("EXAM_NOT_FOUND", "考试不存在。", http_status=404)
        course = self.session.scalars(
            select(Course)
            .where(Course.id == course_id)
            .with_for_update()
            .execution_options(populate_existing=True)
        ).one_or_none()
        if course is None:
            raise AssemblyError(
                "EXAM_NOT_FOUND", "考试所属课程不存在。", http_status=404
            )
        actor = self.files._actor(actor_id)
        if not self.files._manages(actor, course):
>           raise AssemblyError(
                "EXAM_FORBIDDEN", "仅课程管理教师可管理本场组卷。", http_status=403
            )
E           backend.app.services.exam_assembly_service.AssemblyError: 仅课程管理教师可管理本场组卷。

backend\app\services\exam_assembly_service.py:109: AssemblyError
__________ test_get_and_prepare_use_actual_actor_and_decimal_strings __________

client = <starlette.testclient.TestClient object at 0x000001737D7106E0>
session = <sqlalchemy.orm.session.Session object at 0x000001737CCCF110>

    def test_get_and_prepare_use_actual_actor_and_decimal_strings(client, session):
        actor = add_teacher(session)
        double = ScoringDouble()
        exam, qid = uuid4(), uuid4()
        client.app.dependency_overrides[get_exam_scoring_service] = lambda: double
        url = f"/api/exams/{exam}/questions/{qid}/scoring-basis"
        result = client.get(url, headers=_headers(actor))
        assert result.status_code == 200 and result.json()["effective_score"] == "3.00"
        assert result.json()["base_score"] is None
>       assert (
            client.post(url + "/prepare", headers=_headers(actor), json=body()).status_code
            == 200
        )
E       AssertionError: assert 422 == 200
E        +  where 422 = <Response [422 Unprocessable Entity]>.status_code
E        +    where <Response [422 Unprocessable Entity]> = post(('/api/exams/f6717ca4-f715-4684-8306-60ae8ed42484/questions/d10f55f6-3cdc-43a1-b930-b746313ec776/scoring-basis' + '/prepare'), headers={'Authorization': 'Bearer eyJhbGciOiJIUzI1NiIsInR5cCI6IkpXVCJ9.eyJleHAiOjE3OTEwNTQ0NDQsImlhdCI6MTc5MTA1MDg0NCwianRpIjo...iZjhmMGQwM2YtZTQ0Ni00YTA2LTgxZTEtMjlhNDJlYjc4MWYyIiwidHlwZSI6ImFjY2VzcyJ9.pZKpzX24cpmhUgljCitgxOJz5aZEnwxl8aP-ZJXsZIQ'}, json={'expected_question_validation_revision': 1, 'expected_score': '3.00', 'expected_base_score': None, 'additive': False, ...})
E        +      where post = <starlette.testclient.TestClient object at 0x000001737D7106E0>.post
E        +      and   {'Authorization': 'Bearer eyJhbGciOiJIUzI1NiIsInR5cCI6IkpXVCJ9.eyJleHAiOjE3OTEwNTQ0NDQsImlhdCI6MTc5MTA1MDg0NCwianRpIjo...iZjhmMGQwM2YtZTQ0Ni00YTA2LTgxZTEtMjlhNDJlYjc4MWYyIiwidHlwZSI6ImFjY2VzcyJ9.pZKpzX24cpmhUgljCitgxOJz5aZEnwxl8aP-ZJXsZIQ'} = _headers(<backend.app.models.user.User object at 0x000001737D615C70>)
E        +      and   {'expected_question_validation_revision': 1, 'expected_score': '3.00', 'expected_base_score': None, 'additive': False, ...} = body()

tests\contract\test_exam_scoring_api.py:70: AssertionError
============================== warnings summary ===============================
..\..\..\develop\Python\Lib\site-packages\fastapi\testclient.py:1
  D:\develop\Python\Lib\site-packages\fastapi\testclient.py:1: StarletteDeprecationWarning: Using `httpx` with `starlette.testclient` is deprecated; install `httpx2` instead.
    from starlette.testclient import TestClient as TestClient  # noqa

-- Docs: https://docs.pytest.org/en/stable/how-to/capture-warnings.html
=========================== short test summary info ===========================
FAILED tests/unit/services/test_exam_service.py::test_exam_service_enforces_owner_and_freezes_published_exam
FAILED tests/contract/test_exam_scoring_api.py::test_get_and_prepare_use_actual_actor_and_decimal_strings
2 failed, 45 passed, 1 warning in 67.71s (0:01:07)
