FFFFFFFFFF                                                               [100%]
================================== FAILURES ===================================
__ test_panel_uses_text_amounts_readonly_source_and_explicit_teacher_actions __

app = Gradio Blocks instance: 30 backend functions
--------------------------------------------
fn_index=0
 inputs:
 |-<grad...adio.components.state.State object at 0x0000016A6553F390>
 |-<gradio.components.html.HTML object at 0x0000016A6553F4D0>

    def test_panel_uses_text_amounts_readonly_source_and_explicit_teacher_actions(app):
>       assert component(app, "source").interactive is False
               ^^^^^^^^^^^^^^^^^^^^^^^^

tests\unit\ui\test_exam_scoring_view.py:118: 
_ _ _ _ _ _ _ _ _ _ _ _ _ _ _ _ _ _ _ _ _ _ _ _ _ _ _ _ _ _ _ _ _ _ _ _ _ _ _ _

app = Gradio Blocks instance: 30 backend functions
--------------------------------------------
fn_index=0
 inputs:
 |-<grad...adio.components.state.State object at 0x0000016A6553F390>
 |-<gradio.components.html.HTML object at 0x0000016A6553F4D0>
name = 'source'

    def component(app, name):
>       return next(
            block
            for block in app.blocks.values()
            if block.elem_id == "edu-exam-scoring-" + name
        )
E       StopIteration

tests\unit\ui\test_exam_scoring_view.py:30: StopIteration
_______ test_loading_uses_saved_basis_and_retains_unknown_prepared_base _______

app = Gradio Blocks instance: 30 backend functions
--------------------------------------------
fn_index=0
 inputs:
 |-<grad...adio.components.state.State object at 0x0000016A6553F390>
 |-<gradio.components.html.HTML object at 0x0000016A6553F4D0>
monkeypatch = <_pytest.monkeypatch.MonkeyPatch object at 0x0000016A654C22C0>

    def test_loading_uses_saved_basis_and_retains_unknown_prepared_base(app, monkeypatch):
        service = service_fixture(monkeypatch)
>       result = call(app, "load_scoring", EXAM, QUESTION, TEACHER)
                 ^^^^^^^^^^^^^^^^^^^^^^^^^^^^^^^^^^^^^^^^^^^^^^^^^^

tests\unit\ui\test_exam_scoring_view.py:128: 
_ _ _ _ _ _ _ _ _ _ _ _ _ _ _ _ _ _ _ _ _ _ _ _ _ _ _ _ _ _ _ _ _ _ _ _ _ _ _ _
tests\unit\ui\test_exam_scoring_view.py:42: in call
    return callback_node(app, name).fn(*args)
           ^^^^^^^^^^^^^^^^^^^^^^^^
_ _ _ _ _ _ _ _ _ _ _ _ _ _ _ _ _ _ _ _ _ _ _ _ _ _ _ _ _ _ _ _ _ _ _ _ _ _ _ _

app = Gradio Blocks instance: 30 backend functions
--------------------------------------------
fn_index=0
 inputs:
 |-<grad...adio.components.state.State object at 0x0000016A6553F390>
 |-<gradio.components.html.HTML object at 0x0000016A6553F4D0>
name = 'load_scoring'

    def callback_node(app, name):
>       return next(fn for fn in app.fns.values() if getattr(fn.fn, "__name__", "") == name)
               ^^^^^^^^^^^^^^^^^^^^^^^^^^^^^^^^^^^^^^^^^^^^^^^^^^^^^^^^^^^^^^^^^^^^^^^^^^^^^
E       StopIteration

tests\unit\ui\test_exam_scoring_view.py:38: StopIteration
_ test_prepare_shows_real_signed_delta_without_distributing_points[10.00-+0.01-3.33] _

app = Gradio Blocks instance: 30 backend functions
--------------------------------------------
fn_index=0
 inputs:
 |-<grad...adio.components.state.State object at 0x0000016A6553F390>
 |-<gradio.components.html.HTML object at 0x0000016A6553F4D0>
monkeypatch = <_pytest.monkeypatch.MonkeyPatch object at 0x0000016A654C2C40>
score = '10.00', delta = '+0.01', default = '3.33'

    @pytest.mark.parametrize(
        ("score", "delta", "default"),
        [("10.00", "+0.01", "3.33"), ("2.00", "-0.01", "0.67")],
    )
    def test_prepare_shows_real_signed_delta_without_distributing_points(
        app, monkeypatch, score, delta, default
    ):
        before = raw_view(score=score)
        service = service_fixture(
            monkeypatch, before=before, after=raw_view(prepared=True, score=score)
        )
        rows = [[f"p{i}", f"实际条件 {i}", "1.00"] for i in range(1, 4)]
>       result = call(
            app, "prepare_scoring", EXAM, QUESTION, "可加总数值要点", rows, before, TEACHER
        )

tests\unit\ui\test_exam_scoring_view.py:152: 
_ _ _ _ _ _ _ _ _ _ _ _ _ _ _ _ _ _ _ _ _ _ _ _ _ _ _ _ _ _ _ _ _ _ _ _ _ _ _ _
tests\unit\ui\test_exam_scoring_view.py:42: in call
    return callback_node(app, name).fn(*args)
           ^^^^^^^^^^^^^^^^^^^^^^^^
_ _ _ _ _ _ _ _ _ _ _ _ _ _ _ _ _ _ _ _ _ _ _ _ _ _ _ _ _ _ _ _ _ _ _ _ _ _ _ _

app = Gradio Blocks instance: 30 backend functions
--------------------------------------------
fn_index=0
 inputs:
 |-<grad...adio.components.state.State object at 0x0000016A6553F390>
 |-<gradio.components.html.HTML object at 0x0000016A6553F4D0>
name = 'prepare_scoring'

    def callback_node(app, name):
>       return next(fn for fn in app.fns.values() if getattr(fn.fn, "__name__", "") == name)
               ^^^^^^^^^^^^^^^^^^^^^^^^^^^^^^^^^^^^^^^^^^^^^^^^^^^^^^^^^^^^^^^^^^^^^^^^^^^^^
E       StopIteration

tests\unit\ui\test_exam_scoring_view.py:38: StopIteration
_ test_prepare_shows_real_signed_delta_without_distributing_points[2.00--0.01-0.67] _

app = Gradio Blocks instance: 30 backend functions
--------------------------------------------
fn_index=0
 inputs:
 |-<grad...adio.components.state.State object at 0x0000016A6553F390>
 |-<gradio.components.html.HTML object at 0x0000016A6553F4D0>
monkeypatch = <_pytest.monkeypatch.MonkeyPatch object at 0x0000016A65704DD0>
score = '2.00', delta = '-0.01', default = '0.67'

    @pytest.mark.parametrize(
        ("score", "delta", "default"),
        [("10.00", "+0.01", "3.33"), ("2.00", "-0.01", "0.67")],
    )
    def test_prepare_shows_real_signed_delta_without_distributing_points(
        app, monkeypatch, score, delta, default
    ):
        before = raw_view(score=score)
        service = service_fixture(
            monkeypatch, before=before, after=raw_view(prepared=True, score=score)
        )
        rows = [[f"p{i}", f"实际条件 {i}", "1.00"] for i in range(1, 4)]
>       result = call(
            app, "prepare_scoring", EXAM, QUESTION, "可加总数值要点", rows, before, TEACHER
        )

tests\unit\ui\test_exam_scoring_view.py:152: 
_ _ _ _ _ _ _ _ _ _ _ _ _ _ _ _ _ _ _ _ _ _ _ _ _ _ _ _ _ _ _ _ _ _ _ _ _ _ _ _
tests\unit\ui\test_exam_scoring_view.py:42: in call
    return callback_node(app, name).fn(*args)
           ^^^^^^^^^^^^^^^^^^^^^^^^
_ _ _ _ _ _ _ _ _ _ _ _ _ _ _ _ _ _ _ _ _ _ _ _ _ _ _ _ _ _ _ _ _ _ _ _ _ _ _ _

app = Gradio Blocks instance: 30 backend functions
--------------------------------------------
fn_index=0
 inputs:
 |-<grad...adio.components.state.State object at 0x0000016A6553F390>
 |-<gradio.components.html.HTML object at 0x0000016A6553F4D0>
name = 'prepare_scoring'

    def callback_node(app, name):
>       return next(fn for fn in app.fns.values() if getattr(fn.fn, "__name__", "") == name)
               ^^^^^^^^^^^^^^^^^^^^^^^^^^^^^^^^^^^^^^^^^^^^^^^^^^^^^^^^^^^^^^^^^^^^^^^^^^^^^
E       StopIteration

tests\unit\ui\test_exam_scoring_view.py:38: StopIteration
__________ test_qualitative_preparation_does_not_create_zero_points ___________

app = Gradio Blocks instance: 30 backend functions
--------------------------------------------
fn_index=0
 inputs:
 |-<grad...adio.components.state.State object at 0x0000016A6553F390>
 |-<gradio.components.html.HTML object at 0x0000016A6553F4D0>
monkeypatch = <_pytest.monkeypatch.MonkeyPatch object at 0x0000016A65708F30>

    def test_qualitative_preparation_does_not_create_zero_points(app, monkeypatch):
        after = raw_view(prepared=True)
        after["basis"].update(additive=False, points=[], rounding_delta=None)
        service = service_fixture(monkeypatch, after=after)
>       result = call(
            app, "prepare_scoring", EXAM, QUESTION, "定性文字标准", [], raw_view(), TEACHER
        )

tests\unit\ui\test_exam_scoring_view.py:172: 
_ _ _ _ _ _ _ _ _ _ _ _ _ _ _ _ _ _ _ _ _ _ _ _ _ _ _ _ _ _ _ _ _ _ _ _ _ _ _ _
tests\unit\ui\test_exam_scoring_view.py:42: in call
    return callback_node(app, name).fn(*args)
           ^^^^^^^^^^^^^^^^^^^^^^^^
_ _ _ _ _ _ _ _ _ _ _ _ _ _ _ _ _ _ _ _ _ _ _ _ _ _ _ _ _ _ _ _ _ _ _ _ _ _ _ _

app = Gradio Blocks instance: 30 backend functions
--------------------------------------------
fn_index=0
 inputs:
 |-<grad...adio.components.state.State object at 0x0000016A6553F390>
 |-<gradio.components.html.HTML object at 0x0000016A6553F4D0>
name = 'prepare_scoring'

    def callback_node(app, name):
>       return next(fn for fn in app.fns.values() if getattr(fn.fn, "__name__", "") == name)
               ^^^^^^^^^^^^^^^^^^^^^^^^^^^^^^^^^^^^^^^^^^^^^^^^^^^^^^^^^^^^^^^^^^^^^^^^^^^^^
E       StopIteration

tests\unit\ui\test_exam_scoring_view.py:38: StopIteration
_______ test_confirmation_sends_loaded_identity_exact_values_and_reason _______

app = Gradio Blocks instance: 30 backend functions
--------------------------------------------
fn_index=0
 inputs:
 |-<grad...adio.components.state.State object at 0x0000016A6553F390>
 |-<gradio.components.html.HTML object at 0x0000016A6553F4D0>
monkeypatch = <_pytest.monkeypatch.MonkeyPatch object at 0x0000016A655DBF00>

    def test_confirmation_sends_loaded_identity_exact_values_and_reason(app, monkeypatch):
        before = raw_view(prepared=True)
        after = deepcopy(before)
        after["basis"]["points"][0]["confirmed_points"] = "3.34"
        after["basis"]["confirmation"] = {
            "teacher_id": TEACHER["user_id"],
            "confirmed_at": "2026-10-04T00:00:00Z",
            "reason": "开发夹具中教师明确给首项增加0.01分",
        }
        service = service_fixture(monkeypatch, before=before, after=after)
>       result = call(
            app,
            "confirm_scoring",
            EXAM,
            QUESTION,
            [["p1", "3.34"], ["p2", "3.33"], ["p3", "3.33"]],
            after["basis"]["confirmation"]["reason"],
            before,
            TEACHER,
        )

tests\unit\ui\test_exam_scoring_view.py:191: 
_ _ _ _ _ _ _ _ _ _ _ _ _ _ _ _ _ _ _ _ _ _ _ _ _ _ _ _ _ _ _ _ _ _ _ _ _ _ _ _
tests\unit\ui\test_exam_scoring_view.py:42: in call
    return callback_node(app, name).fn(*args)
           ^^^^^^^^^^^^^^^^^^^^^^^^
_ _ _ _ _ _ _ _ _ _ _ _ _ _ _ _ _ _ _ _ _ _ _ _ _ _ _ _ _ _ _ _ _ _ _ _ _ _ _ _

app = Gradio Blocks instance: 30 backend functions
--------------------------------------------
fn_index=0
 inputs:
 |-<grad...adio.components.state.State object at 0x0000016A6553F390>
 |-<gradio.components.html.HTML object at 0x0000016A6553F4D0>
name = 'confirm_scoring'

    def callback_node(app, name):
>       return next(fn for fn in app.fns.values() if getattr(fn.fn, "__name__", "") == name)
               ^^^^^^^^^^^^^^^^^^^^^^^^^^^^^^^^^^^^^^^^^^^^^^^^^^^^^^^^^^^^^^^^^^^^^^^^^^^^^
E       StopIteration

tests\unit\ui\test_exam_scoring_view.py:38: StopIteration
_____ test_reloading_confirmed_or_protected_basis_is_readonly_and_factual _____

app = Gradio Blocks instance: 30 backend functions
--------------------------------------------
fn_index=0
 inputs:
 |-<grad...adio.components.state.State object at 0x0000016A6553F390>
 |-<gradio.components.html.HTML object at 0x0000016A6553F4D0>
monkeypatch = <_pytest.monkeypatch.MonkeyPatch object at 0x0000016A65550050>

    def test_reloading_confirmed_or_protected_basis_is_readonly_and_factual(
        app, monkeypatch
    ):
        before = raw_view(prepared=True, editable=False)
        before["basis"]["confirmation"] = {
            "teacher_id": TEACHER["user_id"],
            "confirmed_at": "2026-10-04T00:00:00Z",
            "reason": "真实读取的合成确认记录",
        }
        service_fixture(monkeypatch, before=before)
>       result = call(app, "load_scoring", EXAM, QUESTION, TEACHER)
                 ^^^^^^^^^^^^^^^^^^^^^^^^^^^^^^^^^^^^^^^^^^^^^^^^^^

tests\unit\ui\test_exam_scoring_view.py:222: 
_ _ _ _ _ _ _ _ _ _ _ _ _ _ _ _ _ _ _ _ _ _ _ _ _ _ _ _ _ _ _ _ _ _ _ _ _ _ _ _
tests\unit\ui\test_exam_scoring_view.py:42: in call
    return callback_node(app, name).fn(*args)
           ^^^^^^^^^^^^^^^^^^^^^^^^
_ _ _ _ _ _ _ _ _ _ _ _ _ _ _ _ _ _ _ _ _ _ _ _ _ _ _ _ _ _ _ _ _ _ _ _ _ _ _ _

app = Gradio Blocks instance: 30 backend functions
--------------------------------------------
fn_index=0
 inputs:
 |-<grad...adio.components.state.State object at 0x0000016A6553F390>
 |-<gradio.components.html.HTML object at 0x0000016A6553F4D0>
name = 'load_scoring'

    def callback_node(app, name):
>       return next(fn for fn in app.fns.values() if getattr(fn.fn, "__name__", "") == name)
               ^^^^^^^^^^^^^^^^^^^^^^^^^^^^^^^^^^^^^^^^^^^^^^^^^^^^^^^^^^^^^^^^^^^^^^^^^^^^^
E       StopIteration

tests\unit\ui\test_exam_scoring_view.py:38: StopIteration
_ test_stale_confirmation_error_is_visible_without_success_or_local_mutation __

app = Gradio Blocks instance: 30 backend functions
--------------------------------------------
fn_index=0
 inputs:
 |-<grad...adio.components.state.State object at 0x0000016A6553F390>
 |-<gradio.components.html.HTML object at 0x0000016A6553F4D0>
monkeypatch = <_pytest.monkeypatch.MonkeyPatch object at 0x0000016A65551250>

    def test_stale_confirmation_error_is_visible_without_success_or_local_mutation(
        app, monkeypatch
    ):
        service = service_fixture(monkeypatch)
        service.confirm_scoring_basis.side_effect = ValueError(
            "本场评分依据已改变，请重新加载。"
        )
        before = raw_view(prepared=True)
        saved = deepcopy(before)
>       result = call(
            app,
            "confirm_scoring",
            EXAM,
            QUESTION,
            [["p1", "3.34"], ["p2", "3.33"], ["p3", "3.33"]],
            "明确核对",
            before,
            TEACHER,
        )

tests\unit\ui\test_exam_scoring_view.py:238: 
_ _ _ _ _ _ _ _ _ _ _ _ _ _ _ _ _ _ _ _ _ _ _ _ _ _ _ _ _ _ _ _ _ _ _ _ _ _ _ _
tests\unit\ui\test_exam_scoring_view.py:42: in call
    return callback_node(app, name).fn(*args)
           ^^^^^^^^^^^^^^^^^^^^^^^^
_ _ _ _ _ _ _ _ _ _ _ _ _ _ _ _ _ _ _ _ _ _ _ _ _ _ _ _ _ _ _ _ _ _ _ _ _ _ _ _

app = Gradio Blocks instance: 30 backend functions
--------------------------------------------
fn_index=0
 inputs:
 |-<grad...adio.components.state.State object at 0x0000016A6553F390>
 |-<gradio.components.html.HTML object at 0x0000016A6553F4D0>
name = 'confirm_scoring'

    def callback_node(app, name):
>       return next(fn for fn in app.fns.values() if getattr(fn.fn, "__name__", "") == name)
               ^^^^^^^^^^^^^^^^^^^^^^^^^^^^^^^^^^^^^^^^^^^^^^^^^^^^^^^^^^^^^^^^^^^^^^^^^^^^^
E       StopIteration

tests\unit\ui\test_exam_scoring_view.py:38: StopIteration
____________ test_other_role_cannot_load_or_prepare_scoring_basis _____________

app = Gradio Blocks instance: 30 backend functions
--------------------------------------------
fn_index=0
 inputs:
 |-<grad...adio.components.state.State object at 0x0000016A6553F390>
 |-<gradio.components.html.HTML object at 0x0000016A6553F4D0>
monkeypatch = <_pytest.monkeypatch.MonkeyPatch object at 0x0000016A654B99A0>

    def test_other_role_cannot_load_or_prepare_scoring_basis(app, monkeypatch):
        service = service_fixture(monkeypatch)
        denied = {**TEACHER, "roles": ["Student"]}
>       result = call(app, "load_scoring", EXAM, QUESTION, denied)
                 ^^^^^^^^^^^^^^^^^^^^^^^^^^^^^^^^^^^^^^^^^^^^^^^^^

tests\unit\ui\test_exam_scoring_view.py:257: 
_ _ _ _ _ _ _ _ _ _ _ _ _ _ _ _ _ _ _ _ _ _ _ _ _ _ _ _ _ _ _ _ _ _ _ _ _ _ _ _
tests\unit\ui\test_exam_scoring_view.py:42: in call
    return callback_node(app, name).fn(*args)
           ^^^^^^^^^^^^^^^^^^^^^^^^
_ _ _ _ _ _ _ _ _ _ _ _ _ _ _ _ _ _ _ _ _ _ _ _ _ _ _ _ _ _ _ _ _ _ _ _ _ _ _ _

app = Gradio Blocks instance: 30 backend functions
--------------------------------------------
fn_index=0
 inputs:
 |-<grad...adio.components.state.State object at 0x0000016A6553F390>
 |-<gradio.components.html.HTML object at 0x0000016A6553F4D0>
name = 'load_scoring'

    def callback_node(app, name):
>       return next(fn for fn in app.fns.values() if getattr(fn.fn, "__name__", "") == name)
               ^^^^^^^^^^^^^^^^^^^^^^^^^^^^^^^^^^^^^^^^^^^^^^^^^^^^^^^^^^^^^^^^^^^^^^^^^^^^^
E       StopIteration

tests\unit\ui\test_exam_scoring_view.py:38: StopIteration
_________ test_switching_question_cannot_confirm_previous_preparation _________

app = Gradio Blocks instance: 30 backend functions
--------------------------------------------
fn_index=0
 inputs:
 |-<grad...adio.components.state.State object at 0x0000016A6553F390>
 |-<gradio.components.html.HTML object at 0x0000016A6553F4D0>
monkeypatch = <_pytest.monkeypatch.MonkeyPatch object at 0x0000016A654BB7A0>

    def test_switching_question_cannot_confirm_previous_preparation(app, monkeypatch):
        service = service_fixture(monkeypatch)
>       result = call(
            app,
            "confirm_scoring",
            EXAM,
            "00000000-0000-4000-8000-000000000021",
            [],
            "核对",
            raw_view(prepared=True),
            TEACHER,
        )

tests\unit\ui\test_exam_scoring_view.py:269: 
_ _ _ _ _ _ _ _ _ _ _ _ _ _ _ _ _ _ _ _ _ _ _ _ _ _ _ _ _ _ _ _ _ _ _ _ _ _ _ _
tests\unit\ui\test_exam_scoring_view.py:42: in call
    return callback_node(app, name).fn(*args)
           ^^^^^^^^^^^^^^^^^^^^^^^^
_ _ _ _ _ _ _ _ _ _ _ _ _ _ _ _ _ _ _ _ _ _ _ _ _ _ _ _ _ _ _ _ _ _ _ _ _ _ _ _

app = Gradio Blocks instance: 30 backend functions
--------------------------------------------
fn_index=0
 inputs:
 |-<grad...adio.components.state.State object at 0x0000016A6553F390>
 |-<gradio.components.html.HTML object at 0x0000016A6553F4D0>
name = 'confirm_scoring'

    def callback_node(app, name):
>       return next(fn for fn in app.fns.values() if getattr(fn.fn, "__name__", "") == name)
               ^^^^^^^^^^^^^^^^^^^^^^^^^^^^^^^^^^^^^^^^^^^^^^^^^^^^^^^^^^^^^^^^^^^^^^^^^^^^^
E       StopIteration

tests\unit\ui\test_exam_scoring_view.py:38: StopIteration
=========================== short test summary info ===========================
FAILED tests/unit/ui/test_exam_scoring_view.py::test_panel_uses_text_amounts_readonly_source_and_explicit_teacher_actions
FAILED tests/unit/ui/test_exam_scoring_view.py::test_loading_uses_saved_basis_and_retains_unknown_prepared_base
FAILED tests/unit/ui/test_exam_scoring_view.py::test_prepare_shows_real_signed_delta_without_distributing_points[10.00-+0.01-3.33]
FAILED tests/unit/ui/test_exam_scoring_view.py::test_prepare_shows_real_signed_delta_without_distributing_points[2.00--0.01-0.67]
FAILED tests/unit/ui/test_exam_scoring_view.py::test_qualitative_preparation_does_not_create_zero_points
FAILED tests/unit/ui/test_exam_scoring_view.py::test_confirmation_sends_loaded_identity_exact_values_and_reason
FAILED tests/unit/ui/test_exam_scoring_view.py::test_reloading_confirmed_or_protected_basis_is_readonly_and_factual
FAILED tests/unit/ui/test_exam_scoring_view.py::test_stale_confirmation_error_is_visible_without_success_or_local_mutation
FAILED tests/unit/ui/test_exam_scoring_view.py::test_other_role_cannot_load_or_prepare_scoring_basis
FAILED tests/unit/ui/test_exam_scoring_view.py::test_switching_question_cannot_confirm_previous_preparation
10 failed in 9.22s
