FF                                                                       [100%]
================================== FAILURES ===================================
__ test_delayed_different_prepare_cannot_replace_current_confirmation[False] __

database = (Engine(postgresql+psycopg://eduagent@127.0.0.1:5432/eduagent_e4_batch_61a956c9f313), {'actor': UUID('0749178e-b32b-4b...43e4-bafe-5db226b92db3'), UUID('e1bad9f2-c7d9-4708-8153-16c1d4220fe3'), UUID('a1b91c3e-bc80-4df2-9239-8840b44d9649')]})
same_round = False

    @pytest.mark.parametrize("same_round", [False, True])
    def test_delayed_different_prepare_cannot_replace_current_confirmation(database, same_round):
        engine, info = database
        with Session(engine) as session:
            service = ExamScoringService(session)
            first = prepare(service, info, prepare_payload(view(service, info)))
            delayed = prepare_payload(first, points=[{"key":"whole","label":"Whole standard","base_points":"3.00"}])
            if same_round:
                current = confirm(service, info, confirm_payload(first, ["1.00"]*3))
            else:
                newer = prepare(service, info, prepare_payload(first, points=[{"key":"a","label":"A","base_points":"2.00"},{"key":"b","label":"B","base_points":"1.00"}]))
                current = confirm(service, info, confirm_payload(newer,["2.00","1.00"]))
>           with pytest.raises(AssemblyError) as error:
                 ^^^^^^^^^^^^^^^^^^^^^^^^^^^^
E           Failed: DID NOT RAISE AssemblyError

tests\integration\test_exam_scoring.py:367: Failed
__ test_delayed_different_prepare_cannot_replace_current_confirmation[True] ___

database = (Engine(postgresql+psycopg://eduagent@127.0.0.1:5432/eduagent_e4_batch_61a956c9f313), {'actor': UUID('e58a5277-289b-41...48d9-be9c-585cfe53b25f'), UUID('db594b0e-77e1-4870-9bbd-0e59b733a148'), UUID('a0063be2-5361-4bd6-ae3b-df35ced361fd')]})
same_round = True

    @pytest.mark.parametrize("same_round", [False, True])
    def test_delayed_different_prepare_cannot_replace_current_confirmation(database, same_round):
        engine, info = database
        with Session(engine) as session:
            service = ExamScoringService(session)
            first = prepare(service, info, prepare_payload(view(service, info)))
            delayed = prepare_payload(first, points=[{"key":"whole","label":"Whole standard","base_points":"3.00"}])
            if same_round:
                current = confirm(service, info, confirm_payload(first, ["1.00"]*3))
            else:
                newer = prepare(service, info, prepare_payload(first, points=[{"key":"a","label":"A","base_points":"2.00"},{"key":"b","label":"B","base_points":"1.00"}]))
                current = confirm(service, info, confirm_payload(newer,["2.00","1.00"]))
>           with pytest.raises(AssemblyError) as error:
                 ^^^^^^^^^^^^^^^^^^^^^^^^^^^^
E           Failed: DID NOT RAISE AssemblyError

tests\integration\test_exam_scoring.py:367: Failed
=========================== short test summary info ===========================
FAILED tests/integration/test_exam_scoring.py::test_delayed_different_prepare_cannot_replace_current_confirmation[False]
FAILED tests/integration/test_exam_scoring.py::test_delayed_different_prepare_cannot_replace_current_confirmation[True]
2 failed, 15 deselected in 6.03s
