........................................................................ [ 11%]
........................................................................ [ 22%]
........................................................................ [ 33%]
........................................................................ [ 44%]
........................................................................ [ 55%]
........................................................................ [ 67%]
........................................................................ [ 78%]
....................................................FFFF................ [ 89%]
...................................................................      [100%]
================================== FAILURES ===================================
_ test_trigger_prevalidates_scope_before_creating_task_for_objective_submission[missing_chapter-422-RETRIEVAL_SCOPE_INVALID] _

session = <sqlalchemy.orm.session.Session object at 0x0000022CAC11ED50>
scenario = {'teacher': <backend.app.models.user.User object at 0x0000022CBC9D9C10>, 'student': <backend.app.models.user.User obje...ser.User object at 0x0000022CBCF7AC90>, 'course': <backend.app.models.course.Course object at 0x0000022CB3B46E90>, ...}
client_factory = <function client_factory.<locals>.factory at 0x0000022CAC76A520>
case = 'missing_chapter', expected_status = 422
expected_code = 'RETRIEVAL_SCOPE_INVALID'

    @pytest.mark.parametrize(
        ("case", "expected_status", "expected_code"),
        [
            ("missing_chapter", 422, "RETRIEVAL_SCOPE_INVALID"),
            ("foreign_chapter", 422, "RETRIEVAL_SCOPE_INVALID"),
            ("missing_directory", 503, "RETRIEVAL_SCOPE_NOT_READY"),
            ("out_of_directory", 422, "RETRIEVAL_SCOPE_INVALID"),
        ],
    )
    def test_trigger_prevalidates_scope_before_creating_task_for_objective_submission(
        session: Session,
        scenario,
        client_factory,
        case: str,
        expected_status: int,
        expected_code: str,
    ) -> None:
        from uuid import uuid4
    
        from backend.app.models import Chapter
        from backend.app.schemas.retrieval_scope import RetrievalScope, SectionRange
    
        scenario["question"].type = QuestionType.SINGLE_CHOICE
        course = scenario["course"]
        if case == "foreign_chapter":
            course = add_course(session, scenario["teacher"])
        chapter = Chapter(
            course_id=course.id,
            title="教师确认章节",
            sections=[]
            if case == "missing_directory"
            else [
                {"section_order": 1, "title": "第一节"},
                {"section_order": 2, "title": "第二节"},
            ],
            confirmed_by=scenario["teacher"].id,
            confirmed_at=datetime.now(UTC),
        )
        session.add(chapter)
        session.commit()
        if case in {"missing_directory", "out_of_directory"}:
            scope = RetrievalScope(
                section_range=SectionRange(
                    chapter_id=chapter.id,
                    start_order=1,
                    end_order=3 if case == "out_of_directory" else 1,
                )
            )
        else:
            scope = RetrievalScope(
                chapter_ids=[uuid4() if case == "missing_chapter" else chapter.id]
            )
        repository = InMemoryGradingRepository()
        executor = RecordingExecutor()
        service = GradingTaskService(
            repository=repository,
            reader=DatabaseGradingSubmissionReader(session=session),
            executor=executor,
        )
        client = client_factory(service)
        response = client.post(
            f"/api/grading/submissions/{scenario['submission'].id}/trigger",
            headers=headers(scenario["teacher"], UserRole.TEACHER),
            json={"retrieval_scope": scope.model_dump(mode="json")},
        )
>       assert response.status_code == expected_status
E       assert 500 == 422
E        +  where 500 = <Response [500 Internal Server Error]>.status_code

tests\contract\test_grading_api_contract.py:976: AssertionError
_ test_trigger_prevalidates_scope_before_creating_task_for_objective_submission[foreign_chapter-422-RETRIEVAL_SCOPE_INVALID] _

session = <sqlalchemy.orm.session.Session object at 0x0000022CADC5AE50>
scenario = {'teacher': <backend.app.models.user.User object at 0x0000022CACF9F890>, 'student': <backend.app.models.user.User obje...ser.User object at 0x0000022CBCF7AA50>, 'course': <backend.app.models.course.Course object at 0x0000022CACFF71B0>, ...}
client_factory = <function client_factory.<locals>.factory at 0x0000022CB0AB7240>
case = 'foreign_chapter', expected_status = 422
expected_code = 'RETRIEVAL_SCOPE_INVALID'

    @pytest.mark.parametrize(
        ("case", "expected_status", "expected_code"),
        [
            ("missing_chapter", 422, "RETRIEVAL_SCOPE_INVALID"),
            ("foreign_chapter", 422, "RETRIEVAL_SCOPE_INVALID"),
            ("missing_directory", 503, "RETRIEVAL_SCOPE_NOT_READY"),
            ("out_of_directory", 422, "RETRIEVAL_SCOPE_INVALID"),
        ],
    )
    def test_trigger_prevalidates_scope_before_creating_task_for_objective_submission(
        session: Session,
        scenario,
        client_factory,
        case: str,
        expected_status: int,
        expected_code: str,
    ) -> None:
        from uuid import uuid4
    
        from backend.app.models import Chapter
        from backend.app.schemas.retrieval_scope import RetrievalScope, SectionRange
    
        scenario["question"].type = QuestionType.SINGLE_CHOICE
        course = scenario["course"]
        if case == "foreign_chapter":
            course = add_course(session, scenario["teacher"])
        chapter = Chapter(
            course_id=course.id,
            title="教师确认章节",
            sections=[]
            if case == "missing_directory"
            else [
                {"section_order": 1, "title": "第一节"},
                {"section_order": 2, "title": "第二节"},
            ],
            confirmed_by=scenario["teacher"].id,
            confirmed_at=datetime.now(UTC),
        )
        session.add(chapter)
        session.commit()
        if case in {"missing_directory", "out_of_directory"}:
            scope = RetrievalScope(
                section_range=SectionRange(
                    chapter_id=chapter.id,
                    start_order=1,
                    end_order=3 if case == "out_of_directory" else 1,
                )
            )
        else:
            scope = RetrievalScope(
                chapter_ids=[uuid4() if case == "missing_chapter" else chapter.id]
            )
        repository = InMemoryGradingRepository()
        executor = RecordingExecutor()
        service = GradingTaskService(
            repository=repository,
            reader=DatabaseGradingSubmissionReader(session=session),
            executor=executor,
        )
        client = client_factory(service)
        response = client.post(
            f"/api/grading/submissions/{scenario['submission'].id}/trigger",
            headers=headers(scenario["teacher"], UserRole.TEACHER),
            json={"retrieval_scope": scope.model_dump(mode="json")},
        )
>       assert response.status_code == expected_status
E       assert 500 == 422
E        +  where 500 = <Response [500 Internal Server Error]>.status_code

tests\contract\test_grading_api_contract.py:976: AssertionError
_ test_trigger_prevalidates_scope_before_creating_task_for_objective_submission[missing_directory-503-RETRIEVAL_SCOPE_NOT_READY] _

session = <sqlalchemy.orm.session.Session object at 0x0000022CAC58E150>
scenario = {'teacher': <backend.app.models.user.User object at 0x0000022CBF80B110>, 'student': <backend.app.models.user.User obje...ser.User object at 0x0000022CACB565D0>, 'course': <backend.app.models.course.Course object at 0x0000022CAEAA9090>, ...}
client_factory = <function client_factory.<locals>.factory at 0x0000022CAF048AE0>
case = 'missing_directory', expected_status = 503
expected_code = 'RETRIEVAL_SCOPE_NOT_READY'

    @pytest.mark.parametrize(
        ("case", "expected_status", "expected_code"),
        [
            ("missing_chapter", 422, "RETRIEVAL_SCOPE_INVALID"),
            ("foreign_chapter", 422, "RETRIEVAL_SCOPE_INVALID"),
            ("missing_directory", 503, "RETRIEVAL_SCOPE_NOT_READY"),
            ("out_of_directory", 422, "RETRIEVAL_SCOPE_INVALID"),
        ],
    )
    def test_trigger_prevalidates_scope_before_creating_task_for_objective_submission(
        session: Session,
        scenario,
        client_factory,
        case: str,
        expected_status: int,
        expected_code: str,
    ) -> None:
        from uuid import uuid4
    
        from backend.app.models import Chapter
        from backend.app.schemas.retrieval_scope import RetrievalScope, SectionRange
    
        scenario["question"].type = QuestionType.SINGLE_CHOICE
        course = scenario["course"]
        if case == "foreign_chapter":
            course = add_course(session, scenario["teacher"])
        chapter = Chapter(
            course_id=course.id,
            title="教师确认章节",
            sections=[]
            if case == "missing_directory"
            else [
                {"section_order": 1, "title": "第一节"},
                {"section_order": 2, "title": "第二节"},
            ],
            confirmed_by=scenario["teacher"].id,
            confirmed_at=datetime.now(UTC),
        )
        session.add(chapter)
        session.commit()
        if case in {"missing_directory", "out_of_directory"}:
            scope = RetrievalScope(
                section_range=SectionRange(
                    chapter_id=chapter.id,
                    start_order=1,
                    end_order=3 if case == "out_of_directory" else 1,
                )
            )
        else:
            scope = RetrievalScope(
                chapter_ids=[uuid4() if case == "missing_chapter" else chapter.id]
            )
        repository = InMemoryGradingRepository()
        executor = RecordingExecutor()
        service = GradingTaskService(
            repository=repository,
            reader=DatabaseGradingSubmissionReader(session=session),
            executor=executor,
        )
        client = client_factory(service)
        response = client.post(
            f"/api/grading/submissions/{scenario['submission'].id}/trigger",
            headers=headers(scenario["teacher"], UserRole.TEACHER),
            json={"retrieval_scope": scope.model_dump(mode="json")},
        )
>       assert response.status_code == expected_status
E       assert 500 == 503
E        +  where 500 = <Response [500 Internal Server Error]>.status_code

tests\contract\test_grading_api_contract.py:976: AssertionError
_ test_trigger_prevalidates_scope_before_creating_task_for_objective_submission[out_of_directory-422-RETRIEVAL_SCOPE_INVALID] _

session = <sqlalchemy.orm.session.Session object at 0x0000022CAEC10950>
scenario = {'teacher': <backend.app.models.user.User object at 0x0000022CBECB2690>, 'student': <backend.app.models.user.User obje...ser.User object at 0x0000022CB0C57410>, 'course': <backend.app.models.course.Course object at 0x0000022CB38D4C30>, ...}
client_factory = <function client_factory.<locals>.factory at 0x0000022CAE002520>
case = 'out_of_directory', expected_status = 422
expected_code = 'RETRIEVAL_SCOPE_INVALID'

    @pytest.mark.parametrize(
        ("case", "expected_status", "expected_code"),
        [
            ("missing_chapter", 422, "RETRIEVAL_SCOPE_INVALID"),
            ("foreign_chapter", 422, "RETRIEVAL_SCOPE_INVALID"),
            ("missing_directory", 503, "RETRIEVAL_SCOPE_NOT_READY"),
            ("out_of_directory", 422, "RETRIEVAL_SCOPE_INVALID"),
        ],
    )
    def test_trigger_prevalidates_scope_before_creating_task_for_objective_submission(
        session: Session,
        scenario,
        client_factory,
        case: str,
        expected_status: int,
        expected_code: str,
    ) -> None:
        from uuid import uuid4
    
        from backend.app.models import Chapter
        from backend.app.schemas.retrieval_scope import RetrievalScope, SectionRange
    
        scenario["question"].type = QuestionType.SINGLE_CHOICE
        course = scenario["course"]
        if case == "foreign_chapter":
            course = add_course(session, scenario["teacher"])
        chapter = Chapter(
            course_id=course.id,
            title="教师确认章节",
            sections=[]
            if case == "missing_directory"
            else [
                {"section_order": 1, "title": "第一节"},
                {"section_order": 2, "title": "第二节"},
            ],
            confirmed_by=scenario["teacher"].id,
            confirmed_at=datetime.now(UTC),
        )
        session.add(chapter)
        session.commit()
        if case in {"missing_directory", "out_of_directory"}:
            scope = RetrievalScope(
                section_range=SectionRange(
                    chapter_id=chapter.id,
                    start_order=1,
                    end_order=3 if case == "out_of_directory" else 1,
                )
            )
        else:
            scope = RetrievalScope(
                chapter_ids=[uuid4() if case == "missing_chapter" else chapter.id]
            )
        repository = InMemoryGradingRepository()
        executor = RecordingExecutor()
        service = GradingTaskService(
            repository=repository,
            reader=DatabaseGradingSubmissionReader(session=session),
            executor=executor,
        )
        client = client_factory(service)
        response = client.post(
            f"/api/grading/submissions/{scenario['submission'].id}/trigger",
            headers=headers(scenario["teacher"], UserRole.TEACHER),
            json={"retrieval_scope": scope.model_dump(mode="json")},
        )
>       assert response.status_code == expected_status
E       assert 500 == 422
E        +  where 500 = <Response [500 Internal Server Error]>.status_code

tests\contract\test_grading_api_contract.py:976: AssertionError
============================== warnings summary ===============================
..\..\..\develop\Python\Lib\site-packages\fastapi\testclient.py:1
  D:\develop\Python\Lib\site-packages\fastapi\testclient.py:1: StarletteDeprecationWarning: Using `httpx` with `starlette.testclient` is deprecated; install `httpx2` instead.
    from starlette.testclient import TestClient as TestClient  # noqa

tests/integration/test_grading_pipeline.py::test_mixed_submission_runs_full_pipeline_and_forms_final_diagnosis
tests/integration/test_grading_pipeline.py::test_low_confidence_subjective_stays_pending_and_blocks_diagnosis
tests/integration/test_grading_pipeline.py::test_existing_report_becomes_stale_after_regrade
tests/integration/test_grading_pipeline.py::test_partial_write_failure_leaves_no_intermediate_result
  D:\YJX\MyCode\EduAgent\tests\integration\test_grading_pipeline.py:172: SAWarning: Object of type <User> not in session, add operation along 'Role.users' won't proceed (This warning originated from the Session 'autoflush' process, which was invoked automatically in response to a user-initiated operation. Consider using ``no_autoflush`` context manager if this warning happened while initializing objects.)
    existing = session.scalars(select(Role).where(Role.name == role)).one_or_none()

tests/integration/test_langgraph_grading_workflow.py::test_concurrent_review_api_decisions_only_one_updates_postgres_row
  D:\develop\Python\Lib\site-packages\pydantic\_internal\_generate_schema.py:2274: UnsupportedFieldAttributeWarning: The 'alias' attribute with value 'document_id' was provided to the `Field()` function, which has no effect in the context it was used. 'alias' is field-specific metadata, and can only be attached to a model field using `Annotated` metadata or by assignment. This may have happened because an `Annotated` type alias using the `type` statement was used, or if the `Field()` function was attached to a single member of a union type.
    warnings.warn(

-- Docs: https://docs.pytest.org/en/stable/how-to/capture-warnings.html
=========================== short test summary info ===========================
FAILED tests/contract/test_grading_api_contract.py::test_trigger_prevalidates_scope_before_creating_task_for_objective_submission[missing_chapter-422-RETRIEVAL_SCOPE_INVALID]
FAILED tests/contract/test_grading_api_contract.py::test_trigger_prevalidates_scope_before_creating_task_for_objective_submission[foreign_chapter-422-RETRIEVAL_SCOPE_INVALID]
FAILED tests/contract/test_grading_api_contract.py::test_trigger_prevalidates_scope_before_creating_task_for_objective_submission[missing_directory-503-RETRIEVAL_SCOPE_NOT_READY]
FAILED tests/contract/test_grading_api_contract.py::test_trigger_prevalidates_scope_before_creating_task_for_objective_submission[out_of_directory-422-RETRIEVAL_SCOPE_INVALID]
4 failed, 639 passed, 6 warnings in 207.25s (0:03:27)
