I001 [*] Import block is un-sorted or un-formatted
  --> tests\integration\test_exam_scoring_execution_gate.py:2:1
   |
 1 |   """T171: persisted history remains readable; execution requires expressible fixed facts."""
 2 | / from datetime import UTC, datetime
 3 | | from decimal import Decimal
 4 | |
 5 | | import pytest
 6 | | from sqlalchemy.orm import Session
 7 | |
 8 | | from backend.app.api.reviews import ReviewQueryService
 9 | | from backend.app.domain.enums import (
10 | |     AnswerStatus, ExamStatus, QuestionStatus, QuestionType, ReviewStatus,
11 | |     SubmissionStatus, ValidationStatus,
12 | | )
13 | | from backend.app.models import Answer, Course, Exam, ExamQuestion, Question, Submission, User
14 | | from backend.app.models.grading_result import GradingResult
15 | | from backend.app.services.grading.grading_task_service import (
16 | |     DatabaseGradingSubmissionReader, GradingNotAllowedError, GradingTaskService,
17 | |     InlineGradingTaskExecutor, SubmissionSnapshot,
18 | | )
19 | | from tests.postgres_helpers import isolated_postgres_engine
20 | | from tests.support.grading_doubles import (
21 | |     InMemoryGradingRepository, RecordingExecutor, StubScoringPipeline,
22 | |     make_task,
23 | | )
   | |_^
help: Organize imports
   |
9  | from backend.app.domain.enums import (
   -     AnswerStatus, ExamStatus, QuestionStatus, QuestionType, ReviewStatus,
   -     SubmissionStatus, ValidationStatus,
10 +     AnswerStatus,
11 +     ExamStatus,
12 +     QuestionStatus,
13 +     QuestionType,
14 +     ReviewStatus,
15 +     SubmissionStatus,
16 +     ValidationStatus,
17 + )
18 + from backend.app.models import (
19 +     Answer,
20 +     Course,
21 +     Exam,
22 +     ExamQuestion,
23 +     Question,
24 +     Submission,
25 +     User,
26 | )
   - from backend.app.models import Answer, Course, Exam, ExamQuestion, Question, Submission, User
27 | from backend.app.models.grading_result import GradingResult
28 | from backend.app.services.grading.grading_task_service import (
   -     DatabaseGradingSubmissionReader, GradingNotAllowedError, GradingTaskService,
   -     InlineGradingTaskExecutor, SubmissionSnapshot,
29 +     DatabaseGradingSubmissionReader,
30 +     GradingNotAllowedError,
31 +     GradingTaskService,
32 +     InlineGradingTaskExecutor,
33 +     SubmissionSnapshot,
34 | )
35 | from tests.postgres_helpers import isolated_postgres_engine
36 | from tests.support.grading_doubles import (
   -     InMemoryGradingRepository, RecordingExecutor, StubScoringPipeline,
37 +     InMemoryGradingRepository,
38 +     RecordingExecutor,
39 +     StubScoringPipeline,
40 |     make_task,
   |

RUF059 Unpacked variable `exam` is never used
  --> tests\integration\test_exam_scoring_execution_gate.py:61:21
   |
60 | def test_unknown_history_readable_but_trigger_rejected(historical):
61 |     session,teacher,exam,question,submission,answer,result=historical
   |                     ^^^^
62 |     reader=DatabaseGradingSubmissionReader(session=session)
63 |     snapshot=reader.load_for_teacher(str(submission.id),str(teacher.id))
   |
help: Prefix it with an underscore or any other dummy variable pattern

RUF059 Unpacked variable `question` is never used
  --> tests\integration\test_exam_scoring_execution_gate.py:61:26
   |
60 | def test_unknown_history_readable_but_trigger_rejected(historical):
61 |     session,teacher,exam,question,submission,answer,result=historical
   |                          ^^^^^^^^
62 |     reader=DatabaseGradingSubmissionReader(session=session)
63 |     snapshot=reader.load_for_teacher(str(submission.id),str(teacher.id))
   |
help: Prefix it with an underscore or any other dummy variable pattern

RUF059 Unpacked variable `question` is never used
  --> tests\integration\test_exam_scoring_execution_gate.py:78:26
   |
76 | @pytest.mark.parametrize("score,expected",[("5.00",None),("7.00","EXAM_SCORING_INPUT_NOT_SUPPORTED")])
77 | def test_only_complete_equivalent_fixed_basis_can_run(historical,score,expected):
78 |     session,teacher,exam,question,submission,*_=historical
   |                          ^^^^^^^^
79 |     _fixed(exam,teacher,score);session.commit()
80 |     snapshot=DatabaseGradingSubmissionReader(session=session).load(str(submission.id))
   |
help: Prefix it with an underscore or any other dummy variable pattern

RUF059 Unpacked variable `teacher` is never used
  --> tests\integration\test_exam_scoring_execution_gate.py:96:13
   |
95 | def test_background_execution_checks_again_before_pipeline(historical):
96 |     session,teacher,exam,question,submission,*_=historical
   |             ^^^^^^^
97 |     reader=DatabaseGradingSubmissionReader(session=session)
98 |     repo=InMemoryGradingRepository();task=make_task("synthetic-task", submission_id=str(submission.id))
   |
help: Prefix it with an underscore or any other dummy variable pattern

RUF059 Unpacked variable `exam` is never used
  --> tests\integration\test_exam_scoring_execution_gate.py:96:21
   |
95 | def test_background_execution_checks_again_before_pipeline(historical):
96 |     session,teacher,exam,question,submission,*_=historical
   |                     ^^^^
97 |     reader=DatabaseGradingSubmissionReader(session=session)
98 |     repo=InMemoryGradingRepository();task=make_task("synthetic-task", submission_id=str(submission.id))
   |
help: Prefix it with an underscore or any other dummy variable pattern

RUF059 Unpacked variable `question` is never used
  --> tests\integration\test_exam_scoring_execution_gate.py:96:26
   |
95 | def test_background_execution_checks_again_before_pipeline(historical):
96 |     session,teacher,exam,question,submission,*_=historical
   |                          ^^^^^^^^
97 |     reader=DatabaseGradingSubmissionReader(session=session)
98 |     repo=InMemoryGradingRepository();task=make_task("synthetic-task", submission_id=str(submission.id))
   |
help: Prefix it with an underscore or any other dummy variable pattern

Found 7 errors.
[*] 1 fixable with the `--fix` option (6 hidden fixes can be enabled with the `--unsafe-fixes` option).
