F                                                                        [100%]
================================== FAILURES ===================================
_____ test_cli_reports_unknown_when_commit_succeeded_but_receipt_was_lost _____

history = (Engine(postgresql+psycopg://eduagent@127.0.0.1:5432/eduagent_e4_batch_61a956c9f313), {'actor': UUID('23f2a0e7-7692-49...owsPath('D:/YJX/Cache/Temp/pytest-of-10169/pytest-204/test_cli_reports_unknown_when_0/synthetic-original-record.json'))
monkeypatch = <_pytest.monkeypatch.MonkeyPatch object at 0x00000143D91F4B00>
tmp_path = WindowsPath('D:/YJX/Cache/Temp/pytest-of-10169/pytest-204/test_cli_reports_unknown_when_0')

    def test_cli_reports_unknown_when_commit_succeeded_but_receipt_was_lost(
        history, monkeypatch, tmp_path
    ):
        from sqlalchemy.exc import SQLAlchemyError
    
        from scripts import audit_exam_history as cli
    
        engine, ids, raw, _ = history
        manifest_path = tmp_path / "reviewed-ambiguous.json"
        manifest_path.write_text(json.dumps(raw), encoding="utf-8")
        report_path = tmp_path / "ambiguous-report.json"
        monkeypatch.setenv("T171_TEST_TOKEN", "fixture-token-used-only-by-auth-double")
        monkeypatch.setattr(
            "sys.argv",
            [
                "audit_exam_history.py",
                "--token-env",
                "T171_TEST_TOKEN",
                "--apply",
                str(manifest_path),
                "--report",
                str(report_path),
            ],
        )
        monkeypatch.setattr(cli, "get_session_factory", lambda: lambda: Session(engine))
        monkeypatch.setattr(
            cli,
            "authenticate_admin",
            lambda session, token: session.get(User, ids["actor"]),
        )
        actual_commit = Session.commit
    
        def commit_then_lose_receipt(session):
            actual_commit(session)
            raise SQLAlchemyError("injected lost COMMIT acknowledgement")
    
        monkeypatch.setattr(Session, "commit", commit_then_lose_receipt)
        assert cli.main() == 1
        recorded = json.loads(report_path.read_text(encoding="utf-8"))
>       assert recorded["status"] == "commit_outcome_unknown"
E       AssertionError: assert 'failed' == 'commit_outcome_unknown'
E         
E         - commit_outcome_unknown
E         + failed

tests\integration\test_exam_history_audit.py:566: AssertionError
---------------------------- Captured stderr call -----------------------------
{"operation_id": "0147165f-f3cb-4c80-838e-d77c4fdc4c5e", "operation": "apply", "status": "failed", "started_at": "2026-10-03T17:12:35.371271+00:00", "database_committed": false, "completed_at": "2026-10-03T17:12:35.412521+00:00", "error": {"code": "SQLAlchemyError", "message": "核对未完成；检查输入和私有报告，不能据此声明回填成功。"}}
=========================== short test summary info ===========================
FAILED tests/integration/test_exam_history_audit.py::test_cli_reports_unknown_when_commit_succeeded_but_receipt_was_lost
1 failed in 2.32s
