F                                                                        [100%]
================================== FAILURES ===================================
___ test_stale_session_cannot_overwrite_another_sessions_confirmed_history ____

history = (Engine(postgresql+psycopg://eduagent@127.0.0.1:5432/eduagent_e4_batch_61a956c9f313), {'actor': UUID('2d36265e-c605-45...owsPath('D:/YJX/Cache/Temp/pytest-of-10169/pytest-202/test_stale_session_cannot_over0/synthetic-original-record.json'))

    def test_stale_session_cannot_overwrite_another_sessions_confirmed_history(history):
        engine, ids, raw, _ = history
        with Session(engine) as stale:
            held_exam = stale.get(Exam, ids["exam"])
            held_links = list(
                stale.scalars(
                    select(ExamQuestion).where(ExamQuestion.exam_id == ids["exam"])
                )
            )
            assert held_exam is not None
            assert all(row.score is None for row in held_links)
            ExamHistoryService(stale).audit(actor_id=ids["actor"])
            with Session(engine) as writer:
                ExamHistoryService(writer).apply(
                    actor_id=ids["actor"], manifest=ExamHistoryManifest.model_validate(raw)
                )
                first_confirmations = {
                    row.id: row.scoring_basis["confirmation"]
                    for row in writer.scalars(select(ExamQuestion))
                }
            # This later operator supplies conflicting facts while retaining the pre-audit
            # identity map. Row locks must refresh facts before the conflict comparison.
            raw["exams"][0]["questions"][0]["score"] = "6.00"
>           with pytest.raises(ExamHistoryError) as error:
                 ^^^^^^^^^^^^^^^^^^^^^^^^^^^^^^^
E           Failed: DID NOT RAISE ExamHistoryError

tests\integration\test_exam_history_audit.py:514: Failed
=========================== short test summary info ===========================
FAILED tests/integration/test_exam_history_audit.py::test_stale_session_cannot_overwrite_another_sessions_confirmed_history
1 failed in 3.80s
