I001 [*] Import block is un-sorted or un-formatted
  --> tests\integration\test_question_generation_workflow.py:7:1
   |
 5 |   """
 6 |
 7 | / from __future__ import annotations
 8 | |
 9 | | import asyncio
10 | | from collections.abc import Iterator
11 | | from types import SimpleNamespace
12 | | from typing import Any
13 | | from uuid import NAMESPACE_URL, UUID, uuid4, uuid5
14 | |
15 | | import pytest
16 | | from sqlalchemy import event, func, select
17 | | from sqlalchemy.engine import Engine
18 | | from sqlalchemy.exc import SQLAlchemyError
19 | | from sqlalchemy.orm import Session
20 | |
21 | | from backend.app.ai.agents.question_agent import (
22 | |     QUESTION_GENERATION_PROMPT_VERSION,
23 | |     QuestionAgent,
24 | | )
25 | | from backend.app.api.question_generation import (
26 | |     CandidateStoreNotReadyError,
27 | |     GenerationFailedError,
28 | |     QuestionGenerationService,
29 | | )
30 | | from backend.app.core.config import get_settings
31 | | from backend.app.services.auth_service import AuthService
32 | | from backend.app.domain.enums import (
33 | |     DocumentStatus,
34 | |     QuestionStatus,
35 | |     UserRole,
36 | | )
37 | | from backend.app.models import (
38 | |     AuditLog,
39 | |     Course,
40 | |     Document,
41 | |     DocumentChunk,
42 | |     KnowledgeBase,
43 | |     Question,
44 | |     QuestionGenerationMetadata,
45 | |     QuestionRevisionComment,
46 | |     QuestionSourceChunk,
47 | |     User,
48 | | )
49 | | from backend.app.services.exam_service import ExamService, ExamValidationError
50 | | from backend.app.services.question_service import QuestionService
51 | | from backend.app.services.question_validator import QuestionValidator
52 | | from backend.app.ui import question_generation_loaders as ui_loaders
53 | | from backend.app.ui import question_generation_view as ui_view
54 | | from backend.app.ui import question_review_loaders as review_loaders
55 | | from tests.postgres_helpers import isolated_postgres_engine
56 | | from tests.support.question_generation_doubles import (
57 | |     StubEmbeddingProvider,
58 | |     StubQuestionProvider,
59 | |     StubRetriever,
60 | |     make_candidate,
61 | |     make_chunk,
62 | | )
63 | | from tests.support.semantic_validation_doubles import StubSemanticProvider
64 | | from tests.unit.services.test_submission_service import add_user
65 | | from tests.unit.settings_helpers import build_test_settings
   | |___________________________________________________________^
help: Organize imports
   |
30 | from backend.app.core.config import get_settings
   - from backend.app.services.auth_service import AuthService
31 | from backend.app.domain.enums import (
--------------------------------------------------------------------------------
47 | )
48 + from backend.app.services.auth_service import AuthService
49 | from backend.app.services.exam_service import ExamService, ExamValidationError
   |

Found 1 error.
[*] 1 fixable with the `--fix` option.
