FFFFFFFFFFFFFFFFFF                                                       [100%]
================================== FAILURES ===================================
_ test_explicit_chunks_capture_real_current_text_without_changing_generation_sources _

owned_document = (<sqlalchemy.orm.session.Session object at 0x000001A2A2562270>, <backend.app.models.document.Document object at 0x0000...th('D:/YJX/MyCode/EduAgent/.cache/t165-167-20261003/pytest-t166-basis-red/test_explicit_chunks_capture_r0/persistent'))

    def test_explicit_chunks_capture_real_current_text_without_changing_generation_sources(owned_document):
        session, doc, teacher, _root = owned_document
        service, question, refs = semantic_case(owned_document)
        provider = StubSemanticProvider()
>       report = asyncio.run(service.validate_current(question.id, actor_id=teacher.id, teaching_chunk_ids=[refs.evidence[0].source_id], provider=provider))
                             ^^^^^^^^^^^^^^^^^^^^^^^^
E       AttributeError: 'ContentValidationService' object has no attribute 'validate_current'

tests\unit\services\test_t166_teaching_basis.py:24: AttributeError
_ test_basis_change_increments_revision_and_new_running_blocks_previous_pass __

owned_document = (<sqlalchemy.orm.session.Session object at 0x000001A2A2626D50>, <backend.app.models.document.Document object at 0x0000...th('D:/YJX/MyCode/EduAgent/.cache/t165-167-20261003/pytest-t166-basis-red/test_basis_change_increments_r0/persistent'))

    def test_basis_change_increments_revision_and_new_running_blocks_previous_pass(owned_document):
        session, doc, teacher, _root = owned_document
        service, question, refs = semantic_case(owned_document)
        chunk_id = refs.evidence[0].source_id
>       first = asyncio.run(service.validate_current(question.id, actor_id=teacher.id, teaching_chunk_ids=[chunk_id], provider=StubSemanticProvider()))
                            ^^^^^^^^^^^^^^^^^^^^^^^^
E       AttributeError: 'ContentValidationService' object has no attribute 'validate_current'

tests\unit\services\test_t166_teaching_basis.py:38: AttributeError
____________ test_same_chunk_changed_text_is_a_new_input_revision _____________

owned_document = (<sqlalchemy.orm.session.Session object at 0x000001A2A3A0C190>, <backend.app.models.document.Document object at 0x0000...th('D:/YJX/MyCode/EduAgent/.cache/t165-167-20261003/pytest-t166-basis-red/test_same_chunk_changed_text_i0/persistent'))

    def test_same_chunk_changed_text_is_a_new_input_revision(owned_document):
        session, _doc, teacher, _root = owned_document
        service, question, refs = semantic_case(owned_document)
        chunk = session.get(DocumentChunk, refs.evidence[0].source_id)
>       first = asyncio.run(service.validate_current(question.id, actor_id=teacher.id, teaching_chunk_ids=[chunk.id], provider=StubSemanticProvider()))
                            ^^^^^^^^^^^^^^^^^^^^^^^^
E       AttributeError: 'ContentValidationService' object has no attribute 'validate_current'

tests\unit\services\test_t166_teaching_basis.py:62: AttributeError
_ test_explicit_basis_rejects_unusable_or_foreign_sources_without_side_effects[empty] _

owned_document = (<sqlalchemy.orm.session.Session object at 0x000001A2A28E9CD0>, <backend.app.models.document.Document object at 0x0000...th('D:/YJX/MyCode/EduAgent/.cache/t165-167-20261003/pytest-t166-basis-red/test_explicit_basis_rejects_un0/persistent'))
invalid = 'empty'

    @pytest.mark.parametrize("invalid", ["empty", "missing", "not_ready", "foreign", "illegal_knowledge_base"])
    def test_explicit_basis_rejects_unusable_or_foreign_sources_without_side_effects(owned_document, invalid):
        session, doc, teacher, _root = owned_document
        service, question, refs = semantic_case(owned_document)
        ids = [refs.evidence[0].source_id]
        if invalid == "empty":
            ids = []
        elif invalid == "missing":
            ids = [uuid4()]
        elif invalid == "not_ready":
            doc.status = DocumentStatus.UPLOADED
        elif invalid == "foreign":
            other = Course(name="Other actual course", created_by=teacher.id)
            session.add(other)
            session.flush()
            session.get(DocumentChunk, ids[0]).course_id = other.id
        else:
            other = Course(name="Other actual course", created_by=teacher.id)
            session.add(other)
            session.flush()
            kb = KnowledgeBase(name="Foreign actual KB", course_id=other.id)
            session.add(kb)
            session.flush()
            doc.knowledge_base_id = kb.id
            session.get(DocumentChunk, ids[0]).knowledge_base_id = kb.id
        session.commit()
        provider = StubSemanticProvider()
        with pytest.raises(ContentValidationError):
>           asyncio.run(service.validate_current(question.id, actor_id=teacher.id, teaching_chunk_ids=ids, provider=provider))
                        ^^^^^^^^^^^^^^^^^^^^^^^^
E           AttributeError: 'ContentValidationService' object has no attribute 'validate_current'

tests\unit\services\test_t166_teaching_basis.py:100: AttributeError
_ test_explicit_basis_rejects_unusable_or_foreign_sources_without_side_effects[missing] _

owned_document = (<sqlalchemy.orm.session.Session object at 0x000001A2A28EB230>, <backend.app.models.document.Document object at 0x0000...th('D:/YJX/MyCode/EduAgent/.cache/t165-167-20261003/pytest-t166-basis-red/test_explicit_basis_rejects_un1/persistent'))
invalid = 'missing'

    @pytest.mark.parametrize("invalid", ["empty", "missing", "not_ready", "foreign", "illegal_knowledge_base"])
    def test_explicit_basis_rejects_unusable_or_foreign_sources_without_side_effects(owned_document, invalid):
        session, doc, teacher, _root = owned_document
        service, question, refs = semantic_case(owned_document)
        ids = [refs.evidence[0].source_id]
        if invalid == "empty":
            ids = []
        elif invalid == "missing":
            ids = [uuid4()]
        elif invalid == "not_ready":
            doc.status = DocumentStatus.UPLOADED
        elif invalid == "foreign":
            other = Course(name="Other actual course", created_by=teacher.id)
            session.add(other)
            session.flush()
            session.get(DocumentChunk, ids[0]).course_id = other.id
        else:
            other = Course(name="Other actual course", created_by=teacher.id)
            session.add(other)
            session.flush()
            kb = KnowledgeBase(name="Foreign actual KB", course_id=other.id)
            session.add(kb)
            session.flush()
            doc.knowledge_base_id = kb.id
            session.get(DocumentChunk, ids[0]).knowledge_base_id = kb.id
        session.commit()
        provider = StubSemanticProvider()
        with pytest.raises(ContentValidationError):
>           asyncio.run(service.validate_current(question.id, actor_id=teacher.id, teaching_chunk_ids=ids, provider=provider))
                        ^^^^^^^^^^^^^^^^^^^^^^^^
E           AttributeError: 'ContentValidationService' object has no attribute 'validate_current'

tests\unit\services\test_t166_teaching_basis.py:100: AttributeError
_ test_explicit_basis_rejects_unusable_or_foreign_sources_without_side_effects[not_ready] _

owned_document = (<sqlalchemy.orm.session.Session object at 0x000001A2A3A6C3B0>, <backend.app.models.document.Document object at 0x0000...th('D:/YJX/MyCode/EduAgent/.cache/t165-167-20261003/pytest-t166-basis-red/test_explicit_basis_rejects_un2/persistent'))
invalid = 'not_ready'

    @pytest.mark.parametrize("invalid", ["empty", "missing", "not_ready", "foreign", "illegal_knowledge_base"])
    def test_explicit_basis_rejects_unusable_or_foreign_sources_without_side_effects(owned_document, invalid):
        session, doc, teacher, _root = owned_document
        service, question, refs = semantic_case(owned_document)
        ids = [refs.evidence[0].source_id]
        if invalid == "empty":
            ids = []
        elif invalid == "missing":
            ids = [uuid4()]
        elif invalid == "not_ready":
            doc.status = DocumentStatus.UPLOADED
        elif invalid == "foreign":
            other = Course(name="Other actual course", created_by=teacher.id)
            session.add(other)
            session.flush()
            session.get(DocumentChunk, ids[0]).course_id = other.id
        else:
            other = Course(name="Other actual course", created_by=teacher.id)
            session.add(other)
            session.flush()
            kb = KnowledgeBase(name="Foreign actual KB", course_id=other.id)
            session.add(kb)
            session.flush()
            doc.knowledge_base_id = kb.id
            session.get(DocumentChunk, ids[0]).knowledge_base_id = kb.id
        session.commit()
        provider = StubSemanticProvider()
        with pytest.raises(ContentValidationError):
>           asyncio.run(service.validate_current(question.id, actor_id=teacher.id, teaching_chunk_ids=ids, provider=provider))
                        ^^^^^^^^^^^^^^^^^^^^^^^^
E           AttributeError: 'ContentValidationService' object has no attribute 'validate_current'

tests\unit\services\test_t166_teaching_basis.py:100: AttributeError
_ test_explicit_basis_rejects_unusable_or_foreign_sources_without_side_effects[foreign] _

owned_document = (<sqlalchemy.orm.session.Session object at 0x000001A2A3A7D260>, <backend.app.models.document.Document object at 0x0000...th('D:/YJX/MyCode/EduAgent/.cache/t165-167-20261003/pytest-t166-basis-red/test_explicit_basis_rejects_un3/persistent'))
invalid = 'foreign'

    @pytest.mark.parametrize("invalid", ["empty", "missing", "not_ready", "foreign", "illegal_knowledge_base"])
    def test_explicit_basis_rejects_unusable_or_foreign_sources_without_side_effects(owned_document, invalid):
        session, doc, teacher, _root = owned_document
        service, question, refs = semantic_case(owned_document)
        ids = [refs.evidence[0].source_id]
        if invalid == "empty":
            ids = []
        elif invalid == "missing":
            ids = [uuid4()]
        elif invalid == "not_ready":
            doc.status = DocumentStatus.UPLOADED
        elif invalid == "foreign":
            other = Course(name="Other actual course", created_by=teacher.id)
            session.add(other)
            session.flush()
            session.get(DocumentChunk, ids[0]).course_id = other.id
        else:
            other = Course(name="Other actual course", created_by=teacher.id)
            session.add(other)
            session.flush()
            kb = KnowledgeBase(name="Foreign actual KB", course_id=other.id)
            session.add(kb)
            session.flush()
            doc.knowledge_base_id = kb.id
            session.get(DocumentChunk, ids[0]).knowledge_base_id = kb.id
        session.commit()
        provider = StubSemanticProvider()
        with pytest.raises(ContentValidationError):
>           asyncio.run(service.validate_current(question.id, actor_id=teacher.id, teaching_chunk_ids=ids, provider=provider))
                        ^^^^^^^^^^^^^^^^^^^^^^^^
E           AttributeError: 'ContentValidationService' object has no attribute 'validate_current'

tests\unit\services\test_t166_teaching_basis.py:100: AttributeError
_ test_explicit_basis_rejects_unusable_or_foreign_sources_without_side_effects[illegal_knowledge_base] _

owned_document = (<sqlalchemy.orm.session.Session object at 0x000001A2A3A7ECF0>, <backend.app.models.document.Document object at 0x0000...th('D:/YJX/MyCode/EduAgent/.cache/t165-167-20261003/pytest-t166-basis-red/test_explicit_basis_rejects_un4/persistent'))
invalid = 'illegal_knowledge_base'

    @pytest.mark.parametrize("invalid", ["empty", "missing", "not_ready", "foreign", "illegal_knowledge_base"])
    def test_explicit_basis_rejects_unusable_or_foreign_sources_without_side_effects(owned_document, invalid):
        session, doc, teacher, _root = owned_document
        service, question, refs = semantic_case(owned_document)
        ids = [refs.evidence[0].source_id]
        if invalid == "empty":
            ids = []
        elif invalid == "missing":
            ids = [uuid4()]
        elif invalid == "not_ready":
            doc.status = DocumentStatus.UPLOADED
        elif invalid == "foreign":
            other = Course(name="Other actual course", created_by=teacher.id)
            session.add(other)
            session.flush()
            session.get(DocumentChunk, ids[0]).course_id = other.id
        else:
            other = Course(name="Other actual course", created_by=teacher.id)
            session.add(other)
            session.flush()
            kb = KnowledgeBase(name="Foreign actual KB", course_id=other.id)
            session.add(kb)
            session.flush()
            doc.knowledge_base_id = kb.id
            session.get(DocumentChunk, ids[0]).knowledge_base_id = kb.id
        session.commit()
        provider = StubSemanticProvider()
        with pytest.raises(ContentValidationError):
>           asyncio.run(service.validate_current(question.id, actor_id=teacher.id, teaching_chunk_ids=ids, provider=provider))
                        ^^^^^^^^^^^^^^^^^^^^^^^^
E           AttributeError: 'ContentValidationService' object has no attribute 'validate_current'

tests\unit\services\test_t166_teaching_basis.py:100: AttributeError
_ test_none_reuses_only_actual_existing_generation_sources_not_prior_selected_basis _

owned_document = (<sqlalchemy.orm.session.Session object at 0x000001A2A39F4250>, <backend.app.models.document.Document object at 0x0000...th('D:/YJX/MyCode/EduAgent/.cache/t165-167-20261003/pytest-t166-basis-red/test_none_reuses_only_actual_e0/persistent'))

    def test_none_reuses_only_actual_existing_generation_sources_not_prior_selected_basis(owned_document):
        session, _doc, teacher, _root = owned_document
        service, question, refs = semantic_case(owned_document)
>       first = asyncio.run(service.validate_current(question.id, actor_id=teacher.id, teaching_chunk_ids=[refs.evidence[0].source_id], provider=StubSemanticProvider()))
                            ^^^^^^^^^^^^^^^^^^^^^^^^
E       AttributeError: 'ContentValidationService' object has no attribute 'validate_current'

tests\unit\services\test_t166_teaching_basis.py:109: AttributeError
________ test_explicit_command_persists_real_inputs_and_provider_facts ________

files_api = (<starlette.testclient.TestClient object at 0x000001A2A2902F90>, <sqlalchemy.orm.session.Session object at 0x000001A2A...GQxNDRjNzAtMjU0Ni00ZmVjLWFhYmQtZGIyNTYwNTFkNWI2IiwidHlwZSI6ImFjY2VzcyJ9.IsYeMJDTV56WWa2eyOlSH-eMH9Ml9ZK1WeAvtd7MMqE'}])
monkeypatch = <_pytest.monkeypatch.MonkeyPatch object at 0x000001A2A3A79220>

    def test_explicit_command_persists_real_inputs_and_provider_facts(files_api, monkeypatch):
        client, session, _files, document, users, headers = files_api
        question, chunk, provider = setup_command(files_api, monkeypatch)
        response = client.post(f"/api/questions/{question.id}/validations", headers=headers[0], json={"teaching_chunk_ids": [str(chunk.id)]})
>       assert response.status_code == 200, response.text
E       AssertionError: {"detail":"Method Not Allowed"}
E       assert 405 == 200
E        +  where 405 = <Response [405 Method Not Allowed]>.status_code

tests\contract\test_t166_validation_command.py:35: AssertionError
___ test_command_cannot_spoof_current_content_or_machine_authority[forged0] ___

files_api = (<starlette.testclient.TestClient object at 0x000001A2A4314910>, <sqlalchemy.orm.session.Session object at 0x000001A2A...jg1YmE0YzMtNDIzNi00MmUxLWFjNmQtZTQ1YzA5N2IwYjlkIiwidHlwZSI6ImFjY2VzcyJ9.ebSDPbHyZO2dPhkjBXvo49qsXuaR42TGvcVk4V_OQkQ'}])
monkeypatch = <_pytest.monkeypatch.MonkeyPatch object at 0x000001A2A3A7A8B0>
forged = {'fields': {'content': 'Invented'}}

    @pytest.mark.parametrize("forged", [{"fields": {"content": "Invented"}}, {"snapshots": []}, {"provenance": {}}, {"can_review": True}, {"requested_by": str(uuid4())}])
    def test_command_cannot_spoof_current_content_or_machine_authority(files_api, monkeypatch, forged):
        client, session, _files, _document, _users, headers = files_api
        question, chunk, provider = setup_command(files_api, monkeypatch)
        response = client.post(f"/api/questions/{question.id}/validations", headers=headers[0], json={"teaching_chunk_ids": [str(chunk.id)]} | forged)
>       assert response.status_code == 422, response.text
E       AssertionError: {"detail":"Method Not Allowed"}
E       assert 405 == 422
E        +  where 405 = <Response [405 Method Not Allowed]>.status_code

tests\contract\test_t166_validation_command.py:52: AssertionError
___ test_command_cannot_spoof_current_content_or_machine_authority[forged1] ___

files_api = (<starlette.testclient.TestClient object at 0x000001A2A47BB610>, <sqlalchemy.orm.session.Session object at 0x000001A2A...mVmMzczMTUtYzI1Ni00ZWM4LWJiMTgtY2FiN2UwM2Q3MjBkIiwidHlwZSI6ImFjY2VzcyJ9.8PW_VH7FBQPsA5NKrj-3ApSGZC3cdsJ4c6KCVzFXxc0'}])
monkeypatch = <_pytest.monkeypatch.MonkeyPatch object at 0x000001A2A47E70B0>
forged = {'snapshots': []}

    @pytest.mark.parametrize("forged", [{"fields": {"content": "Invented"}}, {"snapshots": []}, {"provenance": {}}, {"can_review": True}, {"requested_by": str(uuid4())}])
    def test_command_cannot_spoof_current_content_or_machine_authority(files_api, monkeypatch, forged):
        client, session, _files, _document, _users, headers = files_api
        question, chunk, provider = setup_command(files_api, monkeypatch)
        response = client.post(f"/api/questions/{question.id}/validations", headers=headers[0], json={"teaching_chunk_ids": [str(chunk.id)]} | forged)
>       assert response.status_code == 422, response.text
E       AssertionError: {"detail":"Method Not Allowed"}
E       assert 405 == 422
E        +  where 405 = <Response [405 Method Not Allowed]>.status_code

tests\contract\test_t166_validation_command.py:52: AssertionError
___ test_command_cannot_spoof_current_content_or_machine_authority[forged2] ___

files_api = (<starlette.testclient.TestClient object at 0x000001A2A499C770>, <sqlalchemy.orm.session.Session object at 0x000001A2A...Dg0MmE1YTctYjBiOS00YmJmLTk2YzktNGYyZGM4YTJjYzU1IiwidHlwZSI6ImFjY2VzcyJ9.yNDNQyhey1uxCBgIctJi1fvalogExOwMgXBft2M8afo'}])
monkeypatch = <_pytest.monkeypatch.MonkeyPatch object at 0x000001A2A4CF0F30>
forged = {'provenance': {}}

    @pytest.mark.parametrize("forged", [{"fields": {"content": "Invented"}}, {"snapshots": []}, {"provenance": {}}, {"can_review": True}, {"requested_by": str(uuid4())}])
    def test_command_cannot_spoof_current_content_or_machine_authority(files_api, monkeypatch, forged):
        client, session, _files, _document, _users, headers = files_api
        question, chunk, provider = setup_command(files_api, monkeypatch)
        response = client.post(f"/api/questions/{question.id}/validations", headers=headers[0], json={"teaching_chunk_ids": [str(chunk.id)]} | forged)
>       assert response.status_code == 422, response.text
E       AssertionError: {"detail":"Method Not Allowed"}
E       assert 405 == 422
E        +  where 405 = <Response [405 Method Not Allowed]>.status_code

tests\contract\test_t166_validation_command.py:52: AssertionError
___ test_command_cannot_spoof_current_content_or_machine_authority[forged3] ___

files_api = (<starlette.testclient.TestClient object at 0x000001A2A499DF30>, <sqlalchemy.orm.session.Session object at 0x000001A2A...WM4MDU3ZTUtNjEwYi00MTA5LTkyZTItNTY3YjY0YmY1Y2NhIiwidHlwZSI6ImFjY2VzcyJ9.heJuGZvcoZCp9OfxdGN8VjQNu5bwPnNXRaB-n7ONAIQ'}])
monkeypatch = <_pytest.monkeypatch.MonkeyPatch object at 0x000001A2A521C050>
forged = {'can_review': True}

    @pytest.mark.parametrize("forged", [{"fields": {"content": "Invented"}}, {"snapshots": []}, {"provenance": {}}, {"can_review": True}, {"requested_by": str(uuid4())}])
    def test_command_cannot_spoof_current_content_or_machine_authority(files_api, monkeypatch, forged):
        client, session, _files, _document, _users, headers = files_api
        question, chunk, provider = setup_command(files_api, monkeypatch)
        response = client.post(f"/api/questions/{question.id}/validations", headers=headers[0], json={"teaching_chunk_ids": [str(chunk.id)]} | forged)
>       assert response.status_code == 422, response.text
E       AssertionError: {"detail":"Method Not Allowed"}
E       assert 405 == 422
E        +  where 405 = <Response [405 Method Not Allowed]>.status_code

tests\contract\test_t166_validation_command.py:52: AssertionError
___ test_command_cannot_spoof_current_content_or_machine_authority[forged4] ___

files_api = (<starlette.testclient.TestClient object at 0x000001A2A677D6D0>, <sqlalchemy.orm.session.Session object at 0x000001A2A...jlhNWRjMmItNTQxNi00Nzc4LTgxOWUtZGYwMTA1MGQzYWI5IiwidHlwZSI6ImFjY2VzcyJ9.MrnWIypFMw-UxUFPkYc74gCpXHdUE4ristKVnMwUx04'}])
monkeypatch = <_pytest.monkeypatch.MonkeyPatch object at 0x000001A2A3BEFE50>
forged = {'requested_by': '6f720fd7-0b9a-4ac5-a26a-974a4ea66cac'}

    @pytest.mark.parametrize("forged", [{"fields": {"content": "Invented"}}, {"snapshots": []}, {"provenance": {}}, {"can_review": True}, {"requested_by": str(uuid4())}])
    def test_command_cannot_spoof_current_content_or_machine_authority(files_api, monkeypatch, forged):
        client, session, _files, _document, _users, headers = files_api
        question, chunk, provider = setup_command(files_api, monkeypatch)
        response = client.post(f"/api/questions/{question.id}/validations", headers=headers[0], json={"teaching_chunk_ids": [str(chunk.id)]} | forged)
>       assert response.status_code == 422, response.text
E       AssertionError: {"detail":"Method Not Allowed"}
E       assert 405 == 422
E        +  where 405 = <Response [405 Method Not Allowed]>.status_code

tests\contract\test_t166_validation_command.py:52: AssertionError
_____________ test_command_requires_authenticated_course_teacher ______________

files_api = (<starlette.testclient.TestClient object at 0x000001A2A6C4F240>, <sqlalchemy.orm.session.Session object at 0x000001A2A...2VmZDhiNmEtNTc2NC00MjA2LWE3ZjYtNzY1Zjk0OTUyNzM5IiwidHlwZSI6ImFjY2VzcyJ9.jWnaWn0el8cdMKSEj3tIW-R7tA4sK0lD5lQtPlYCAxc'}])
monkeypatch = <_pytest.monkeypatch.MonkeyPatch object at 0x000001A2A42AA650>

    def test_command_requires_authenticated_course_teacher(files_api, monkeypatch):
        client, session, _files, _document, _users, headers = files_api
        question, chunk, provider = setup_command(files_api, monkeypatch)
        route, payload = f"/api/questions/{question.id}/validations", {"teaching_chunk_ids": [str(chunk.id)]}
>       assert client.post(route, json=payload).status_code == 401
E       AssertionError: assert 405 == 401
E        +  where 405 = <Response [405 Method Not Allowed]>.status_code
E        +    where <Response [405 Method Not Allowed]> = post('/api/questions/1d0ab309-aaaf-42e0-8b95-8f482f9a8f77/validations', json={'teaching_chunk_ids': ['a6c7f218-9517-4ce4-87e6-9d3cb20a7925']})
E        +      where post = <starlette.testclient.TestClient object at 0x000001A2A6C4F240>.post

tests\contract\test_t166_validation_command.py:60: AssertionError
_________ test_command_starts_only_submitted_current_candidate[Draft] _________

files_api = (<starlette.testclient.TestClient object at 0x000001A2A7166470>, <sqlalchemy.orm.session.Session object at 0x000001A2A...TU5NDE0N2MtNzQ3Zi00OTUzLThlODctMWQzYTM1OGEzNTMwIiwidHlwZSI6ImFjY2VzcyJ9.kTsS4wyIv0HaHn14vTk4x2Hf6FHNiv-EXF-AKp5a_k4'}])
monkeypatch = <_pytest.monkeypatch.MonkeyPatch object at 0x000001A2A6D355E0>
status = <QuestionStatus.DRAFT: 'Draft'>

    @pytest.mark.parametrize("status", [QuestionStatus.DRAFT, QuestionStatus.APPROVED])
    def test_command_starts_only_submitted_current_candidate(files_api, monkeypatch, status):
        client, session, _files, _document, _users, headers = files_api
        question, chunk, provider = setup_command(files_api, monkeypatch)
        question.status = status
        session.commit()
        response = client.post(f"/api/questions/{question.id}/validations", json={"teaching_chunk_ids": [str(chunk.id)]}, headers=headers[0])
>       assert response.status_code == 409, response.text
E       AssertionError: {"detail":"Method Not Allowed"}
E       assert 405 == 409
E        +  where 405 = <Response [405 Method Not Allowed]>.status_code

tests\contract\test_t166_validation_command.py:73: AssertionError
_______ test_command_starts_only_submitted_current_candidate[Approved] ________

files_api = (<starlette.testclient.TestClient object at 0x000001A2A42AA850>, <sqlalchemy.orm.session.Session object at 0x000001A2A...2RiY2M1M2EtYjJlOC00YThkLWIyN2MtOTNhOWUyZWNjOWQ0IiwidHlwZSI6ImFjY2VzcyJ9.aQII8vslqxv9xklcGtQT7NIsNYPoxPXxbHLm1MfqChY'}])
monkeypatch = <_pytest.monkeypatch.MonkeyPatch object at 0x000001A2A6D372F0>
status = <QuestionStatus.APPROVED: 'Approved'>

    @pytest.mark.parametrize("status", [QuestionStatus.DRAFT, QuestionStatus.APPROVED])
    def test_command_starts_only_submitted_current_candidate(files_api, monkeypatch, status):
        client, session, _files, _document, _users, headers = files_api
        question, chunk, provider = setup_command(files_api, monkeypatch)
        question.status = status
        session.commit()
        response = client.post(f"/api/questions/{question.id}/validations", json={"teaching_chunk_ids": [str(chunk.id)]}, headers=headers[0])
>       assert response.status_code == 409, response.text
E       AssertionError: {"detail":"Method Not Allowed"}
E       assert 405 == 409
E        +  where 405 = <Response [405 Method Not Allowed]>.status_code

tests\contract\test_t166_validation_command.py:73: AssertionError
============================== warnings summary ===============================
..\..\..\develop\Python\Lib\site-packages\fastapi\testclient.py:1
  D:\develop\Python\Lib\site-packages\fastapi\testclient.py:1: StarletteDeprecationWarning: Using `httpx` with `starlette.testclient` is deprecated; install `httpx2` instead.
    from starlette.testclient import TestClient as TestClient  # noqa

-- Docs: https://docs.pytest.org/en/stable/how-to/capture-warnings.html
=========================== short test summary info ===========================
FAILED tests/unit/services/test_t166_teaching_basis.py::test_explicit_chunks_capture_real_current_text_without_changing_generation_sources
FAILED tests/unit/services/test_t166_teaching_basis.py::test_basis_change_increments_revision_and_new_running_blocks_previous_pass
FAILED tests/unit/services/test_t166_teaching_basis.py::test_same_chunk_changed_text_is_a_new_input_revision
FAILED tests/unit/services/test_t166_teaching_basis.py::test_explicit_basis_rejects_unusable_or_foreign_sources_without_side_effects[empty]
FAILED tests/unit/services/test_t166_teaching_basis.py::test_explicit_basis_rejects_unusable_or_foreign_sources_without_side_effects[missing]
FAILED tests/unit/services/test_t166_teaching_basis.py::test_explicit_basis_rejects_unusable_or_foreign_sources_without_side_effects[not_ready]
FAILED tests/unit/services/test_t166_teaching_basis.py::test_explicit_basis_rejects_unusable_or_foreign_sources_without_side_effects[foreign]
FAILED tests/unit/services/test_t166_teaching_basis.py::test_explicit_basis_rejects_unusable_or_foreign_sources_without_side_effects[illegal_knowledge_base]
FAILED tests/unit/services/test_t166_teaching_basis.py::test_none_reuses_only_actual_existing_generation_sources_not_prior_selected_basis
FAILED tests/contract/test_t166_validation_command.py::test_explicit_command_persists_real_inputs_and_provider_facts
FAILED tests/contract/test_t166_validation_command.py::test_command_cannot_spoof_current_content_or_machine_authority[forged0]
FAILED tests/contract/test_t166_validation_command.py::test_command_cannot_spoof_current_content_or_machine_authority[forged1]
FAILED tests/contract/test_t166_validation_command.py::test_command_cannot_spoof_current_content_or_machine_authority[forged2]
FAILED tests/contract/test_t166_validation_command.py::test_command_cannot_spoof_current_content_or_machine_authority[forged3]
FAILED tests/contract/test_t166_validation_command.py::test_command_cannot_spoof_current_content_or_machine_authority[forged4]
FAILED tests/contract/test_t166_validation_command.py::test_command_requires_authenticated_course_teacher
FAILED tests/contract/test_t166_validation_command.py::test_command_starts_only_submitted_current_candidate[Draft]
FAILED tests/contract/test_t166_validation_command.py::test_command_starts_only_submitted_current_candidate[Approved]
18 failed, 1 warning in 27.74s
