FFFFF.                                                                   [100%]
================================== FAILURES ===================================
_____________ test_no_report_cannot_be_approved_by_direct_service _____________

owned_document = (<sqlalchemy.orm.session.Session object at 0x000001E0C007EA50>, <backend.app.models.document.Document object at 0x0000...dowsPath('D:/YJX/MyCode/EduAgent/.cache/t165-167-20261003/pytest-t166-red/test_no_report_cannot_be_appro0/persistent'))

    def test_no_report_cannot_be_approved_by_direct_service(owned_document):
        session, _doc, teacher, _root = owned_document
        _service, question, _refs = semantic_case(owned_document)
>       with pytest.raises(QuestionValidationError):
             ^^^^^^^^^^^^^^^^^^^^^^^^^^^^^^^^^^^^^^
E       Failed: DID NOT RAISE QuestionValidationError

tests\unit\services\test_t166_semantic_validation.py:20: Failed
___ test_current_passed_report_allows_real_freeze_and_revision_invalidates ____

owned_document = (<sqlalchemy.orm.session.Session object at 0x000001E0C030DF90>, <backend.app.models.document.Document object at 0x0000...dowsPath('D:/YJX/MyCode/EduAgent/.cache/t165-167-20261003/pytest-t166-red/test_current_passed_report_all0/persistent'))

    def test_current_passed_report_allows_real_freeze_and_revision_invalidates(owned_document):
        session, _doc, teacher, _root = owned_document
        service, question, refs = semantic_case(owned_document)
        report = start(service, question, refs, teacher)
        service.finish_validation(report.id, actor_id=teacher.id, output=result(refs))
        approved = QuestionService(session).update_question_status(question.id, QuestionStatus.APPROVED, teacher_id=teacher.id)
        assert approved.frozen_at is not None
        historical = QuestionService(session).update_question_status(question.id, QuestionStatus.APPROVED, teacher_id=teacher.id)
        assert historical.frozen_at == approved.frozen_at
        QuestionService(session).update_question_status(question.id, QuestionStatus.NEEDS_REVISION, teacher_id=teacher.id)
        assert question.frozen_at is None
        QuestionService(session).update_question_status(question.id, QuestionStatus.PENDING_REVIEW, teacher_id=teacher.id)
>       with pytest.raises(QuestionValidationError):
             ^^^^^^^^^^^^^^^^^^^^^^^^^^^^^^^^^^^^^^
E       Failed: DID NOT RAISE QuestionValidationError

tests\unit\services\test_t166_semantic_validation.py:39: Failed
________ test_new_running_or_technical_error_cannot_fallback_to_passed ________

owned_document = (<sqlalchemy.orm.session.Session object at 0x000001E0C04EF9B0>, <backend.app.models.document.Document object at 0x0000...dowsPath('D:/YJX/MyCode/EduAgent/.cache/t165-167-20261003/pytest-t166-red/test_new_running_or_technical_0/persistent'))

    def test_new_running_or_technical_error_cannot_fallback_to_passed(owned_document):
        session, _doc, teacher, _root = owned_document
        service, question, refs = semantic_case(owned_document)
        first = start(service, question, refs, teacher)
        service.finish_validation(first.id, actor_id=teacher.id, output=result(refs))
        current = start(service, question, refs, teacher)
>       with pytest.raises(QuestionValidationError):
             ^^^^^^^^^^^^^^^^^^^^^^^^^^^^^^^^^^^^^^
E       Failed: DID NOT RAISE QuestionValidationError

tests\unit\services\test_t166_semantic_validation.py:49: Failed
______________ test_prepare_uses_frozen_fields_and_releases_lock ______________

owned_document = (<sqlalchemy.orm.session.Session object at 0x000001E0C00FAAD0>, <backend.app.models.document.Document object at 0x0000...dowsPath('D:/YJX/MyCode/EduAgent/.cache/t165-167-20261003/pytest-t166-red/test_prepare_uses_frozen_field0/persistent'))

    def test_prepare_uses_frozen_fields_and_releases_lock(owned_document):
        session, _doc, teacher, _root = owned_document
        service, question, refs = semantic_case(owned_document)
>       prepared = service.prepare_validation(question.id, actor_id=teacher.id, input_refs=refs, executor_name="fixture_semantic")
                   ^^^^^^^^^^^^^^^^^^^^^^^^^^
E       AttributeError: 'ContentValidationService' object has no attribute 'prepare_validation'. Did you mean: 'dispose_validation'?

tests\unit\services\test_t166_semantic_validation.py:60: AttributeError
___________ test_illegal_answer_encoding_never_starts_semantic_call ___________

owned_document = (<sqlalchemy.orm.session.Session object at 0x000001E0C0620350>, <backend.app.models.document.Document object at 0x0000...dowsPath('D:/YJX/MyCode/EduAgent/.cache/t165-167-20261003/pytest-t166-red/test_illegal_answer_encoding_n0/persistent'))

    def test_illegal_answer_encoding_never_starts_semantic_call(owned_document):
        session, _doc, teacher, _root = owned_document
        service, question, refs = semantic_case(owned_document)
        question.type = "SINGLE_CHOICE"
        question.options = {"C": "three", "A": "one"}
        question.reference_answer = "Z"
        session.commit()
        with pytest.raises(ContentValidationError):
>           service.prepare_validation(question.id, actor_id=teacher.id, input_refs=refs, executor_name="fixture_semantic")
            ^^^^^^^^^^^^^^^^^^^^^^^^^^
E           AttributeError: 'ContentValidationService' object has no attribute 'prepare_validation'. Did you mean: 'dispose_validation'?

tests\unit\services\test_t166_semantic_validation.py:83: AttributeError
=========================== short test summary info ===========================
FAILED tests/unit/services/test_t166_semantic_validation.py::test_no_report_cannot_be_approved_by_direct_service
FAILED tests/unit/services/test_t166_semantic_validation.py::test_current_passed_report_allows_real_freeze_and_revision_invalidates
FAILED tests/unit/services/test_t166_semantic_validation.py::test_new_running_or_technical_error_cannot_fallback_to_passed
FAILED tests/unit/services/test_t166_semantic_validation.py::test_prepare_uses_frozen_fields_and_releases_lock
FAILED tests/unit/services/test_t166_semantic_validation.py::test_illegal_answer_encoding_never_starts_semantic_call
5 failed, 1 passed in 2.82s
