......F.                                                                 [100%]
================================== FAILURES ===================================
___________ test_formal_asset_approved_guard_and_no_physical_unlink ___________

self = <backend.app.services.question_service.QuestionService object at 0x0000016A31065940>
question_id = 'a4a02bd8-e4c6-4cd6-b7a3-3eef910ce03e', status = 'Approved'
teacher_id = UUID('8f749fee-6ad2-402a-bc22-c371babe438e'), created_by = None
revision_comment = None

    def update_question_status(
        self,
        question_id: UUID | str,
        status: QuestionStatus | str,
        teacher_id: UUID | str | None = None,
        *,
        created_by: UUID | str | None = None,
        revision_comment: str | None = None,
    ) -> QuestionSummary:
        """按审核状态机持久化题目状态。"""
    
        question = self._load_question(question_id)
        self._ensure_course_access(
            self._load_course(question.course_id),
            _resolve_actor_id(created_by, teacher_id),
        )
        next_status = _normalize_question_status(status)
        current_status = question.status
        if next_status == current_status:
            return self._question_summary(question)
        if next_status not in _ALLOWED_STATUS_TRANSITIONS.get(current_status, set()):
            raise QuestionValidationError(
                f"题目状态不能从“{current_status.value}”变更为“{next_status.value}”。"
            )
        if next_status is QuestionStatus.NEEDS_REVISION:
            actor = _resolve_actor_id(created_by, teacher_id)
            teacher = self.session.get(User, actor) if actor is not None else None
            if teacher is None or not teacher.is_active or not any(role.name == UserRole.TEACHER for role in teacher.roles):
                raise QuestionPermissionError("退回修订必须由真实启用的课程教师执行。")
            if not isinstance(revision_comment, str) or not revision_comment.strip() or len(revision_comment.strip()) > 2000:
                raise QuestionValidationError("退回修订必须提供不超过 2000 字的真实教师说明。")
            if current_status is QuestionStatus.APPROVED and any(
                exam.status in {ExamStatus.PUBLISHED, ExamStatus.CLOSED, ExamStatus.ARCHIVED}
                or self.session.scalar(select(Submission.id).where(Submission.exam_id == exam.id).limit(1)) is not None
                for exam in question.exams
            ):
                raise QuestionPublishedImmutableError(current_status)
            self.session.add(QuestionRevisionComment(question_id=question.id, comment=revision_comment.strip(), commented_by=actor, commented_at=datetime.now(UTC)))
        if next_status is QuestionStatus.APPROVED:
            from backend.app.services.content_validation_service import (
                ContentValidationError,
                ContentValidationService,
            )
    
            actor = _resolve_actor_id(created_by, teacher_id)
            if actor is None:
                raise QuestionPermissionError(
                    "A real current teacher must approve the question."
                )
            try:
>               ContentValidationService(self.session).require_can_approve(
                    question, actor
                )

backend\app\services\question_service.py:621: 
_ _ _ _ _ _ _ _ _ _ _ _ _ _ _ _ _ _ _ _ _ _ _ _ _ _ _ _ _ _ _ _ _ _ _ _ _ _ _ _

self = <backend.app.services.content_validation_service.ContentValidationService object at 0x0000016A3328C050>
question = <backend.app.models.question.Question object at 0x0000016A33256C30>
actor_id = UUID('8f749fee-6ad2-402a-bc22-c371babe438e')

    def require_can_approve(
        self, question: Question, actor_id: UUID
    ) -> ValidationReportView:
        """Shared approval gate; caller keeps the current Question lock and owns commit."""
        locked = cast(Question, self._owner("question", question.id, actor_id))
        report = self.session.scalars(
            select(QuestionValidationResult)
            .where(QuestionValidationResult.question_id == locked.id)
            .order_by(QuestionValidationResult.run_no.desc())
            .limit(1)
            .with_for_update()
            .execution_options(populate_existing=True)
        ).first()
        if report is None:
>           raise ContentValidationError(
                "CONTENT_VALIDATION_REQUIRED",
                "A current semantic validation report is required before approval.",
            )
E           backend.app.services.content_validation_service.ContentValidationError: A current semantic validation report is required before approval.

backend\app\services\content_validation_service.py:1123: ContentValidationError

The above exception was the direct cause of the following exception:

owned_document = (<sqlalchemy.orm.session.Session object at 0x0000016A3159B790>, <backend.app.models.document.Document object at 0x0000...0016A330C09B0>, WindowsPath('D:/YJX/Cache/Temp/pytest-of-10169/pytest-188/test_formal_asset_approved_gua0/persistent'))

    def test_formal_asset_approved_guard_and_no_physical_unlink(owned_document):
        session, doc, teacher, root = owned_document
        service, page, _extracted = staged_case(owned_document)
        questions = QuestionService(session)
        summary = questions.create_question(
            doc.course_id, "SHORT_ANSWER", "含图问题", created_by=teacher.id
        )
        asset = service.link_question(
            summary.id,
            AssetLinkRequest(
                file_id="p_" + page.id.hex,
                source_page_id=page.id,
                asset_type="figure",
                region={"bbox": [10, 10, 40, 30]},
            ),
            actor_id=teacher.id,
        )
        questions.update_question_status(
            summary.id, "Pending Review", teacher_id=teacher.id
        )
>       questions.update_question_status(summary.id, "Approved", teacher_id=teacher.id)

tests\unit\services\test_question_asset_service.py:162: 
_ _ _ _ _ _ _ _ _ _ _ _ _ _ _ _ _ _ _ _ _ _ _ _ _ _ _ _ _ _ _ _ _ _ _ _ _ _ _ _

self = <backend.app.services.question_service.QuestionService object at 0x0000016A31065940>
question_id = 'a4a02bd8-e4c6-4cd6-b7a3-3eef910ce03e', status = 'Approved'
teacher_id = UUID('8f749fee-6ad2-402a-bc22-c371babe438e'), created_by = None
revision_comment = None

    def update_question_status(
        self,
        question_id: UUID | str,
        status: QuestionStatus | str,
        teacher_id: UUID | str | None = None,
        *,
        created_by: UUID | str | None = None,
        revision_comment: str | None = None,
    ) -> QuestionSummary:
        """按审核状态机持久化题目状态。"""
    
        question = self._load_question(question_id)
        self._ensure_course_access(
            self._load_course(question.course_id),
            _resolve_actor_id(created_by, teacher_id),
        )
        next_status = _normalize_question_status(status)
        current_status = question.status
        if next_status == current_status:
            return self._question_summary(question)
        if next_status not in _ALLOWED_STATUS_TRANSITIONS.get(current_status, set()):
            raise QuestionValidationError(
                f"题目状态不能从“{current_status.value}”变更为“{next_status.value}”。"
            )
        if next_status is QuestionStatus.NEEDS_REVISION:
            actor = _resolve_actor_id(created_by, teacher_id)
            teacher = self.session.get(User, actor) if actor is not None else None
            if teacher is None or not teacher.is_active or not any(role.name == UserRole.TEACHER for role in teacher.roles):
                raise QuestionPermissionError("退回修订必须由真实启用的课程教师执行。")
            if not isinstance(revision_comment, str) or not revision_comment.strip() or len(revision_comment.strip()) > 2000:
                raise QuestionValidationError("退回修订必须提供不超过 2000 字的真实教师说明。")
            if current_status is QuestionStatus.APPROVED and any(
                exam.status in {ExamStatus.PUBLISHED, ExamStatus.CLOSED, ExamStatus.ARCHIVED}
                or self.session.scalar(select(Submission.id).where(Submission.exam_id == exam.id).limit(1)) is not None
                for exam in question.exams
            ):
                raise QuestionPublishedImmutableError(current_status)
            self.session.add(QuestionRevisionComment(question_id=question.id, comment=revision_comment.strip(), commented_by=actor, commented_at=datetime.now(UTC)))
        if next_status is QuestionStatus.APPROVED:
            from backend.app.services.content_validation_service import (
                ContentValidationError,
                ContentValidationService,
            )
    
            actor = _resolve_actor_id(created_by, teacher_id)
            if actor is None:
                raise QuestionPermissionError(
                    "A real current teacher must approve the question."
                )
            try:
                ContentValidationService(self.session).require_can_approve(
                    question, actor
                )
            except ContentValidationError as error:
>               raise QuestionValidationError(str(error)) from error
E               backend.app.services.question_service.QuestionValidationError: A current semantic validation report is required before approval.

backend\app\services\question_service.py:625: QuestionValidationError
============================== warnings summary ===============================
..\..\..\develop\Python\Lib\site-packages\fastapi\testclient.py:1
  D:\develop\Python\Lib\site-packages\fastapi\testclient.py:1: StarletteDeprecationWarning: Using `httpx` with `starlette.testclient` is deprecated; install `httpx2` instead.
    from starlette.testclient import TestClient as TestClient  # noqa

tests/integration/test_teacher_setup.py::test_teacher_prepares_course_document_question_and_exam
  D:\YJX\MyCode\EduAgent\backend\app\api\exams.py:260: StarletteDeprecationWarning: 'HTTP_422_UNPROCESSABLE_ENTITY' is deprecated. Use 'HTTP_422_UNPROCESSABLE_CONTENT' instead.
    raise _exam_http_exception(exc) from None

-- Docs: https://docs.pytest.org/en/stable/how-to/capture-warnings.html
=========================== short test summary info ===========================
FAILED tests/unit/services/test_question_asset_service.py::test_formal_asset_approved_guard_and_no_physical_unlink
1 failed, 7 passed, 2 warnings in 12.66s
