E                                                                        [100%]
=================================== ERRORS ====================================
_ ERROR at setup of test_assigned_exam_is_hidden_and_cannot_be_started_by_other_student _

self = <backend.app.services.question_service.QuestionService object at 0x00000242864C9D30>
question_id = 'bed2fd1a-cc95-452c-8b0f-44bcb1e38bd3'
status = <QuestionStatus.APPROVED: 'Approved'>
teacher_id = UUID('59dad384-76eb-44d0-a11a-c517139a9eb4'), created_by = None
revision_comment = None

    def update_question_status(
        self,
        question_id: UUID | str,
        status: QuestionStatus | str,
        teacher_id: UUID | str | None = None,
        *,
        created_by: UUID | str | None = None,
        revision_comment: str | None = None,
    ) -> QuestionSummary:
        """按审核状态机持久化题目状态。"""
    
        question = self._load_question(question_id)
        self._ensure_course_access(
            self._load_course(question.course_id),
            _resolve_actor_id(created_by, teacher_id),
        )
        next_status = _normalize_question_status(status)
        current_status = question.status
        if next_status == current_status:
            return self._question_summary(question)
        if next_status not in _ALLOWED_STATUS_TRANSITIONS.get(current_status, set()):
            raise QuestionValidationError(
                f"题目状态不能从“{current_status.value}”变更为“{next_status.value}”。"
            )
        if next_status is QuestionStatus.NEEDS_REVISION:
            actor = _resolve_actor_id(created_by, teacher_id)
            teacher = self.session.get(User, actor) if actor is not None else None
            if teacher is None or not teacher.is_active or not any(role.name == UserRole.TEACHER for role in teacher.roles):
                raise QuestionPermissionError("退回修订必须由真实启用的课程教师执行。")
            if not isinstance(revision_comment, str) or not revision_comment.strip() or len(revision_comment.strip()) > 2000:
                raise QuestionValidationError("退回修订必须提供不超过 2000 字的真实教师说明。")
            if current_status is QuestionStatus.APPROVED and any(
                exam.status in {ExamStatus.PUBLISHED, ExamStatus.CLOSED, ExamStatus.ARCHIVED}
                or self.session.scalar(select(Submission.id).where(Submission.exam_id == exam.id).limit(1)) is not None
                for exam in question.exams
            ):
                raise QuestionPublishedImmutableError(current_status)
            self.session.add(QuestionRevisionComment(question_id=question.id, comment=revision_comment.strip(), commented_by=actor, commented_at=datetime.now(UTC)))
        if next_status is QuestionStatus.APPROVED:
            from backend.app.services.content_validation_service import (
                ContentValidationError,
                ContentValidationService,
            )
    
            actor = _resolve_actor_id(created_by, teacher_id)
            if actor is None:
                raise QuestionPermissionError(
                    "A real current teacher must approve the question."
                )
            try:
>               ContentValidationService(self.session).require_can_approve(
                    question, actor
                )

backend\app\services\question_service.py:621: 
_ _ _ _ _ _ _ _ _ _ _ _ _ _ _ _ _ _ _ _ _ _ _ _ _ _ _ _ _ _ _ _ _ _ _ _ _ _ _ _

self = <backend.app.services.content_validation_service.ContentValidationService object at 0x00000242864C9940>
question = <backend.app.models.question.Question object at 0x0000024286AF8F50>
actor_id = UUID('59dad384-76eb-44d0-a11a-c517139a9eb4')

    def require_can_approve(
        self, question: Question, actor_id: UUID
    ) -> ValidationReportView:
        """Shared approval gate; caller keeps the current Question lock and owns commit."""
        locked = cast(Question, self._owner("question", question.id, actor_id))
        report = self.session.scalars(
            select(QuestionValidationResult)
            .where(QuestionValidationResult.question_id == locked.id)
            .order_by(QuestionValidationResult.run_no.desc())
            .limit(1)
            .with_for_update()
            .execution_options(populate_existing=True)
        ).first()
        if report is None:
>           raise ContentValidationError(
                "CONTENT_VALIDATION_REQUIRED",
                "A current semantic validation report is required before approval.",
            )
E           backend.app.services.content_validation_service.ContentValidationError: A current semantic validation report is required before approval.

backend\app\services\content_validation_service.py:1123: ContentValidationError

The above exception was the direct cause of the following exception:

session = <sqlalchemy.orm.session.Session object at 0x0000024284F5CC20>

    @pytest.fixture
    def scenario(session: Session) -> tuple[Exam, User, User, UUID]:
        """创建一场已发布考试及两名有效学生。"""
    
        teacher = add_teacher(session)
        course = add_course(session, teacher)
>       question_id = add_approved_question(session, course, teacher, content="解释变量。")
                      ^^^^^^^^^^^^^^^^^^^^^^^^^^^^^^^^^^^^^^^^^^^^^^^^^^^^^^^^^^^^^^^^

tests\contract\test_exam_participation_contract.py:67: 
_ _ _ _ _ _ _ _ _ _ _ _ _ _ _ _ _ _ _ _ _ _ _ _ _ _ _ _ _ _ _ _ _ _ _ _ _ _ _ _
tests\unit\services\test_submission_service.py:132: in add_approved_question
    approved = question_service.update_question_status(
_ _ _ _ _ _ _ _ _ _ _ _ _ _ _ _ _ _ _ _ _ _ _ _ _ _ _ _ _ _ _ _ _ _ _ _ _ _ _ _

self = <backend.app.services.question_service.QuestionService object at 0x00000242864C9D30>
question_id = 'bed2fd1a-cc95-452c-8b0f-44bcb1e38bd3'
status = <QuestionStatus.APPROVED: 'Approved'>
teacher_id = UUID('59dad384-76eb-44d0-a11a-c517139a9eb4'), created_by = None
revision_comment = None

    def update_question_status(
        self,
        question_id: UUID | str,
        status: QuestionStatus | str,
        teacher_id: UUID | str | None = None,
        *,
        created_by: UUID | str | None = None,
        revision_comment: str | None = None,
    ) -> QuestionSummary:
        """按审核状态机持久化题目状态。"""
    
        question = self._load_question(question_id)
        self._ensure_course_access(
            self._load_course(question.course_id),
            _resolve_actor_id(created_by, teacher_id),
        )
        next_status = _normalize_question_status(status)
        current_status = question.status
        if next_status == current_status:
            return self._question_summary(question)
        if next_status not in _ALLOWED_STATUS_TRANSITIONS.get(current_status, set()):
            raise QuestionValidationError(
                f"题目状态不能从“{current_status.value}”变更为“{next_status.value}”。"
            )
        if next_status is QuestionStatus.NEEDS_REVISION:
            actor = _resolve_actor_id(created_by, teacher_id)
            teacher = self.session.get(User, actor) if actor is not None else None
            if teacher is None or not teacher.is_active or not any(role.name == UserRole.TEACHER for role in teacher.roles):
                raise QuestionPermissionError("退回修订必须由真实启用的课程教师执行。")
            if not isinstance(revision_comment, str) or not revision_comment.strip() or len(revision_comment.strip()) > 2000:
                raise QuestionValidationError("退回修订必须提供不超过 2000 字的真实教师说明。")
            if current_status is QuestionStatus.APPROVED and any(
                exam.status in {ExamStatus.PUBLISHED, ExamStatus.CLOSED, ExamStatus.ARCHIVED}
                or self.session.scalar(select(Submission.id).where(Submission.exam_id == exam.id).limit(1)) is not None
                for exam in question.exams
            ):
                raise QuestionPublishedImmutableError(current_status)
            self.session.add(QuestionRevisionComment(question_id=question.id, comment=revision_comment.strip(), commented_by=actor, commented_at=datetime.now(UTC)))
        if next_status is QuestionStatus.APPROVED:
            from backend.app.services.content_validation_service import (
                ContentValidationError,
                ContentValidationService,
            )
    
            actor = _resolve_actor_id(created_by, teacher_id)
            if actor is None:
                raise QuestionPermissionError(
                    "A real current teacher must approve the question."
                )
            try:
                ContentValidationService(self.session).require_can_approve(
                    question, actor
                )
            except ContentValidationError as error:
>               raise QuestionValidationError(str(error)) from error
E               backend.app.services.question_service.QuestionValidationError: A current semantic validation report is required before approval.

backend\app\services\question_service.py:625: QuestionValidationError
============================== warnings summary ===============================
..\..\..\develop\Python\Lib\site-packages\fastapi\testclient.py:1
  D:\develop\Python\Lib\site-packages\fastapi\testclient.py:1: StarletteDeprecationWarning: Using `httpx` with `starlette.testclient` is deprecated; install `httpx2` instead.
    from starlette.testclient import TestClient as TestClient  # noqa

-- Docs: https://docs.pytest.org/en/stable/how-to/capture-warnings.html
=========================== short test summary info ===========================
ERROR tests/contract/test_exam_participation_contract.py::test_assigned_exam_is_hidden_and_cannot_be_started_by_other_student
1 warning, 1 error in 13.59s
